../Core/Src/usart.c:42:6:MX_USART2_UART_Init	8	static
../Core/Src/usart.c:70:6:HAL_UART_MspInit	48	static
../Core/Src/usart.c:122:6:HAL_UART_MspDeInit	16	static
../Core/Src/usart.c:230:6:generateHeaders	24	static
../Core/Src/usart.c:239:9:generateSignal	40	static
../Core/Src/usart.c:265:6:transferSignal	8	static
../Core/Src/usart.c:282:6:HAL_UART_TxHalfCpltCallback	16	static
../Core/Src/usart.c:288:6:HAL_UART_TxCpltCallback	16	static
../Core/Src/usart.c:296:6:clearBuffer	16	static
../Core/Src/usart.c:304:6:printSerial	24	static
../Core/Src/usart.c:313:6:printNumber	16	static
../Core/Src/usart.c:334:6:clearResetTerminal	8	static
../Core/Src/usart.c:340:6:printWelcomeMessage	8	static
../Core/Src/usart.c:344:6:printMenuMessage	8	static
