Archive member included to satisfy reference by file (symbol)

D:\hands_on\embedded_c\audio_processing\Middlewares\ST\STM32_Audio\Addons\PDM\Lib\libPDMFilter_CM4_GCC_wc32.a(pdm_filter.o)
                              CMakeFiles/audio_processing.elf.dir/PDM2PCM/App/pdm2pcm.c.obj (PDM_Filter_Init)
D:\hands_on\embedded_c\audio_processing\Middlewares\ST\STM32_Audio\Addons\PDM\Lib\libPDMFilter_CM4_GCC_wc32.a(stm32_crc_lock.o)
                              D:\hands_on\embedded_c\audio_processing\Middlewares\ST\STM32_Audio\Addons\PDM\Lib\libPDMFilter_CM4_GCC_wc32.a(pdm_filter.o) (CRC_Lock)
c:/msys64/mingw64/bin/../lib/gcc/arm-none-eabi/11.3.1/thumb/v7e-m+fp/hard\libgcc.a(_aeabi_uldivmod.o)
                              CMakeFiles/audio_processing.elf.dir/Drivers/STM32F4xx_HAL_Driver/Src/stm32f4xx_hal_rcc.c.obj (__aeabi_uldivmod)
c:/msys64/mingw64/bin/../lib/gcc/arm-none-eabi/11.3.1/thumb/v7e-m+fp/hard\libgcc.a(_udivmoddi4.o)
                              c:/msys64/mingw64/bin/../lib/gcc/arm-none-eabi/11.3.1/thumb/v7e-m+fp/hard\libgcc.a(_aeabi_uldivmod.o) (__udivmoddi4)
c:/msys64/mingw64/bin/../lib/gcc/arm-none-eabi/11.3.1/thumb/v7e-m+fp/hard\libgcc.a(_dvmd_tls.o)
                              c:/msys64/mingw64/bin/../lib/gcc/arm-none-eabi/11.3.1/thumb/v7e-m+fp/hard\libgcc.a(_aeabi_uldivmod.o) (__aeabi_ldiv0)
c:/msys64/mingw64/bin/../lib/gcc/arm-none-eabi/11.3.1/thumb/v7e-m+fp/hard\libg.a(libc_a-exit.o)
                              c:/msys64/mingw64/bin/../lib/gcc/arm-none-eabi/11.3.1/thumb/v7e-m+fp/hard/crt0.o (exit)
c:/msys64/mingw64/bin/../lib/gcc/arm-none-eabi/11.3.1/thumb/v7e-m+fp/hard\libg.a(libc_a-findfp.o)
                              c:/msys64/mingw64/bin/../lib/gcc/arm-none-eabi/11.3.1/thumb/v7e-m+fp/hard\libg.a(libc_a-exit.o) (__stdio_exit_handler)
c:/msys64/mingw64/bin/../lib/gcc/arm-none-eabi/11.3.1/thumb/v7e-m+fp/hard\libg.a(libc_a-fwalk.o)
                              c:/msys64/mingw64/bin/../lib/gcc/arm-none-eabi/11.3.1/thumb/v7e-m+fp/hard\libg.a(libc_a-findfp.o) (_fwalk_sglue)
c:/msys64/mingw64/bin/../lib/gcc/arm-none-eabi/11.3.1/thumb/v7e-m+fp/hard\libg.a(libc_a-stdio.o)
                              c:/msys64/mingw64/bin/../lib/gcc/arm-none-eabi/11.3.1/thumb/v7e-m+fp/hard\libg.a(libc_a-findfp.o) (__sread)
c:/msys64/mingw64/bin/../lib/gcc/arm-none-eabi/11.3.1/thumb/v7e-m+fp/hard\libg.a(libc_a-memset.o)
                              c:/msys64/mingw64/bin/../lib/gcc/arm-none-eabi/11.3.1/thumb/v7e-m+fp/hard/crt0.o (memset)
c:/msys64/mingw64/bin/../lib/gcc/arm-none-eabi/11.3.1/thumb/v7e-m+fp/hard\libg.a(libc_a-closer.o)
                              c:/msys64/mingw64/bin/../lib/gcc/arm-none-eabi/11.3.1/thumb/v7e-m+fp/hard\libg.a(libc_a-stdio.o) (_close_r)
c:/msys64/mingw64/bin/../lib/gcc/arm-none-eabi/11.3.1/thumb/v7e-m+fp/hard\libg.a(libc_a-reent.o)
                              c:/msys64/mingw64/bin/../lib/gcc/arm-none-eabi/11.3.1/thumb/v7e-m+fp/hard\libg.a(libc_a-closer.o) (errno)
c:/msys64/mingw64/bin/../lib/gcc/arm-none-eabi/11.3.1/thumb/v7e-m+fp/hard\libg.a(libc_a-impure.o)
                              c:/msys64/mingw64/bin/../lib/gcc/arm-none-eabi/11.3.1/thumb/v7e-m+fp/hard\libg.a(libc_a-reent.o) (_impure_ptr)
c:/msys64/mingw64/bin/../lib/gcc/arm-none-eabi/11.3.1/thumb/v7e-m+fp/hard\libg.a(libc_a-lseekr.o)
                              c:/msys64/mingw64/bin/../lib/gcc/arm-none-eabi/11.3.1/thumb/v7e-m+fp/hard\libg.a(libc_a-stdio.o) (_lseek_r)
c:/msys64/mingw64/bin/../lib/gcc/arm-none-eabi/11.3.1/thumb/v7e-m+fp/hard\libg.a(libc_a-readr.o)
                              c:/msys64/mingw64/bin/../lib/gcc/arm-none-eabi/11.3.1/thumb/v7e-m+fp/hard\libg.a(libc_a-stdio.o) (_read_r)
c:/msys64/mingw64/bin/../lib/gcc/arm-none-eabi/11.3.1/thumb/v7e-m+fp/hard\libg.a(libc_a-writer.o)
                              c:/msys64/mingw64/bin/../lib/gcc/arm-none-eabi/11.3.1/thumb/v7e-m+fp/hard\libg.a(libc_a-stdio.o) (_write_r)
c:/msys64/mingw64/bin/../lib/gcc/arm-none-eabi/11.3.1/thumb/v7e-m+fp/hard\libg.a(libc_a-errno.o)
                              CMakeFiles/audio_processing.elf.dir/Core/Src/syscalls.c.obj (__errno)
c:/msys64/mingw64/bin/../lib/gcc/arm-none-eabi/11.3.1/thumb/v7e-m+fp/hard\libg.a(libc_a-init.o)
                              c:/msys64/mingw64/bin/../lib/gcc/arm-none-eabi/11.3.1/thumb/v7e-m+fp/hard/crt0.o (__libc_init_array)
c:/msys64/mingw64/bin/../lib/gcc/arm-none-eabi/11.3.1/thumb/v7e-m+fp/hard\libg.a(libc_a-lock.o)
                              c:/msys64/mingw64/bin/../lib/gcc/arm-none-eabi/11.3.1/thumb/v7e-m+fp/hard\libg.a(libc_a-findfp.o) (__retarget_lock_init_recursive)
c:/msys64/mingw64/bin/../lib/gcc/arm-none-eabi/11.3.1/thumb/v7e-m+fp/hard\libg.a(libc_a-strcpy.o)
                              CMakeFiles/audio_processing.elf.dir/Core/Src/usart.c.obj (strcpy)
c:/msys64/mingw64/bin/../lib/gcc/arm-none-eabi/11.3.1/thumb/v7e-m+fp/hard\libg.a(libc_a-memcpy.o)
                              CMakeFiles/audio_processing.elf.dir/tinyusb/src/class/audio/audio_device.c.obj (memcpy)
[...]
Memory Configuration

Name             Origin             Length             Attributes
CCMRAM           0x10000000         0x00010000         xrw
RAM              0x20000000         0x00020000         xrw
FLASH            0x08000000         0x00100000         xr
*default*        0x00000000         0xffffffff

Linker script and memory map

LOAD c:/msys64/mingw64/bin/../lib/gcc/arm-none-eabi/11.3.1/thumb/v7e-m+fp/hard/crti.o
LOAD c:/msys64/mingw64/bin/../lib/gcc/arm-none-eabi/11.3.1/thumb/v7e-m+fp/hard/crtbegin.o
LOAD c:/msys64/mingw64/bin/../lib/gcc/arm-none-eabi/11.3.1/thumb/v7e-m+fp/hard/crt0.o
LOAD CMakeFiles/audio_processing.elf.dir/Components/cs43l22/cs43l22.c.obj
LOAD CMakeFiles/audio_processing.elf.dir/Core/Src/crc.c.obj
LOAD CMakeFiles/audio_processing.elf.dir/Core/Src/dma.c.obj
LOAD CMakeFiles/audio_processing.elf.dir/Core/Src/gpio.c.obj
LOAD CMakeFiles/audio_processing.elf.dir/Core/Src/i2c.c.obj
LOAD CMakeFiles/audio_processing.elf.dir/Core/Src/i2s.c.obj
LOAD CMakeFiles/audio_processing.elf.dir/Core/Src/main.c.obj
LOAD CMakeFiles/audio_processing.elf.dir/Core/Src/piano.c.obj
LOAD CMakeFiles/audio_processing.elf.dir/Core/Src/spi.c.obj
LOAD CMakeFiles/audio_processing.elf.dir/Core/Src/stm32f4_discovery_bsp.c.obj
LOAD CMakeFiles/audio_processing.elf.dir/Core/Src/stm32f4xx_hal_msp.c.obj
LOAD CMakeFiles/audio_processing.elf.dir/Core/Src/stm32f4xx_it.c.obj
LOAD CMakeFiles/audio_processing.elf.dir/Core/Src/syscalls.c.obj
LOAD CMakeFiles/audio_processing.elf.dir/Core/Src/sysmem.c.obj
LOAD CMakeFiles/audio_processing.elf.dir/Core/Src/system_stm32f4xx.c.obj
LOAD CMakeFiles/audio_processing.elf.dir/Core/Src/tim.c.obj
LOAD CMakeFiles/audio_processing.elf.dir/Core/Src/usart.c.obj
LOAD CMakeFiles/audio_processing.elf.dir/Core/Src/usb_descriptors.c.obj
LOAD CMakeFiles/audio_processing.elf.dir/Core/Src/usb_otg.c.obj
LOAD CMakeFiles/audio_processing.elf.dir/Core/Startup/startup_stm32f407vgtx.s.obj
LOAD CMakeFiles/audio_processing.elf.dir/Drivers/STM32F4xx_HAL_Driver/Src/stm32f4xx_hal.c.obj
LOAD CMakeFiles/audio_processing.elf.dir/Drivers/STM32F4xx_HAL_Driver/Src/stm32f4xx_hal_cortex.c.obj
LOAD CMakeFiles/audio_processing.elf.dir/Drivers/STM32F4xx_HAL_Driver/Src/stm32f4xx_hal_crc.c.obj
LOAD CMakeFiles/audio_processing.elf.dir/Drivers/STM32F4xx_HAL_Driver/Src/stm32f4xx_hal_dma.c.obj
LOAD CMakeFiles/audio_processing.elf.dir/Drivers/STM32F4xx_HAL_Driver/Src/stm32f4xx_hal_dma_ex.c.obj
LOAD CMakeFiles/audio_processing.elf.dir/Drivers/STM32F4xx_HAL_Driver/Src/stm32f4xx_hal_exti.c.obj
LOAD CMakeFiles/audio_processing.elf.dir/Drivers/STM32F4xx_HAL_Driver/Src/stm32f4xx_hal_flash.c.obj
LOAD CMakeFiles/audio_processing.elf.dir/Drivers/STM32F4xx_HAL_Driver/Src/stm32f4xx_hal_flash_ex.c.obj
LOAD CMakeFiles/audio_processing.elf.dir/Drivers/STM32F4xx_HAL_Driver/Src/stm32f4xx_hal_flash_ramfunc.c.obj
LOAD CMakeFiles/audio_processing.elf.dir/Drivers/STM32F4xx_HAL_Driver/Src/stm32f4xx_hal_gpio.c.obj
LOAD CMakeFiles/audio_processing.elf.dir/Drivers/STM32F4xx_HAL_Driver/Src/stm32f4xx_hal_i2c.c.obj
LOAD CMakeFiles/audio_processing.elf.dir/Drivers/STM32F4xx_HAL_Driver/Src/stm32f4xx_hal_i2c_ex.c.obj
LOAD CMakeFiles/audio_processing.elf.dir/Drivers/STM32F4xx_HAL_Driver/Src/stm32f4xx_hal_i2s.c.obj
LOAD CMakeFiles/audio_processing.elf.dir/Drivers/STM32F4xx_HAL_Driver/Src/stm32f4xx_hal_i2s_ex.c.obj
LOAD CMakeFiles/audio_processing.elf.dir/Drivers/STM32F4xx_HAL_Driver/Src/stm32f4xx_hal_pcd.c.obj
LOAD CMakeFiles/audio_processing.elf.dir/Drivers/STM32F4xx_HAL_Driver/Src/stm32f4xx_hal_pcd_ex.c.obj
LOAD CMakeFiles/audio_processing.elf.dir/Drivers/STM32F4xx_HAL_Driver/Src/stm32f4xx_hal_pwr.c.obj
LOAD CMakeFiles/audio_processing.elf.dir/Drivers/STM32F4xx_HAL_Driver/Src/stm32f4xx_hal_pwr_ex.c.obj
LOAD CMakeFiles/audio_processing.elf.dir/Drivers/STM32F4xx_HAL_Driver/Src/stm32f4xx_hal_rcc.c.obj
LOAD CMakeFiles/audio_processing.elf.dir/Drivers/STM32F4xx_HAL_Driver/Src/stm32f4xx_hal_rcc_ex.c.obj
LOAD CMakeFiles/audio_processing.elf.dir/Drivers/STM32F4xx_HAL_Driver/Src/stm32f4xx_hal_spi.c.obj
LOAD CMakeFiles/audio_processing.elf.dir/Drivers/STM32F4xx_HAL_Driver/Src/stm32f4xx_hal_tim.c.obj
LOAD CMakeFiles/audio_processing.elf.dir/Drivers/STM32F4xx_HAL_Driver/Src/stm32f4xx_hal_tim_ex.c.obj
LOAD CMakeFiles/audio_processing.elf.dir/Drivers/STM32F4xx_HAL_Driver/Src/stm32f4xx_hal_uart.c.obj
LOAD CMakeFiles/audio_processing.elf.dir/Drivers/STM32F4xx_HAL_Driver/Src/stm32f4xx_ll_usb.c.obj
LOAD CMakeFiles/audio_processing.elf.dir/PDM2PCM/App/pdm2pcm.c.obj
LOAD CMakeFiles/audio_processing.elf.dir/tinyusb/src/class/audio/audio_device.c.obj
LOAD CMakeFiles/audio_processing.elf.dir/tinyusb/src/class/bth/bth_device.c.obj
LOAD CMakeFiles/audio_processing.elf.dir/tinyusb/src/class/cdc/cdc_device.c.obj
LOAD CMakeFiles/audio_processing.elf.dir/tinyusb/src/class/cdc/cdc_host.c.obj
LOAD CMakeFiles/audio_processing.elf.dir/tinyusb/src/class/cdc/cdc_rndis_host.c.obj
LOAD CMakeFiles/audio_processing.elf.dir/tinyusb/src/class/dfu/dfu_device.c.obj
LOAD CMakeFiles/audio_processing.elf.dir/tinyusb/src/class/dfu/dfu_rt_device.c.obj
LOAD CMakeFiles/audio_processing.elf.dir/tinyusb/src/class/hid/hid_device.c.obj
LOAD CMakeFiles/audio_processing.elf.dir/tinyusb/src/class/hid/hid_host.c.obj
LOAD CMakeFiles/audio_processing.elf.dir/tinyusb/src/class/midi/midi_device.c.obj
LOAD CMakeFiles/audio_processing.elf.dir/tinyusb/src/class/msc/msc_device.c.obj
LOAD CMakeFiles/audio_processing.elf.dir/tinyusb/src/class/msc/msc_host.c.obj
LOAD CMakeFiles/audio_processing.elf.dir/tinyusb/src/class/net/ecm_rndis_device.c.obj
LOAD CMakeFiles/audio_processing.elf.dir/tinyusb/src/class/net/ncm_device.c.obj
LOAD CMakeFiles/audio_processing.elf.dir/tinyusb/src/class/usbtmc/usbtmc_device.c.obj
LOAD CMakeFiles/audio_processing.elf.dir/tinyusb/src/class/vendor/vendor_device.c.obj
LOAD CMakeFiles/audio_processing.elf.dir/tinyusb/src/class/vendor/vendor_host.c.obj
LOAD CMakeFiles/audio_processing.elf.dir/tinyusb/src/class/video/video_device.c.obj
LOAD CMakeFiles/audio_processing.elf.dir/tinyusb/src/common/tusb_fifo.c.obj
LOAD CMakeFiles/audio_processing.elf.dir/tinyusb/src/device/usbd.c.obj
LOAD CMakeFiles/audio_processing.elf.dir/tinyusb/src/device/usbd_control.c.obj
LOAD CMakeFiles/audio_processing.elf.dir/tinyusb/src/host/hub.c.obj
LOAD CMakeFiles/audio_processing.elf.dir/tinyusb/src/host/usbh.c.obj
LOAD CMakeFiles/audio_processing.elf.dir/tinyusb/src/portable/analog/max3421/hcd_max3421.c.obj
LOAD CMakeFiles/audio_processing.elf.dir/tinyusb/src/portable/bridgetek/ft9xx/dcd_ft9xx.c.obj
LOAD CMakeFiles/audio_processing.elf.dir/tinyusb/src/portable/chipidea/ci_fs/dcd_ci_fs.c.obj
LOAD CMakeFiles/audio_processing.elf.dir/tinyusb/src/portable/chipidea/ci_hs/dcd_ci_hs.c.obj
LOAD CMakeFiles/audio_processing.elf.dir/tinyusb/src/portable/chipidea/ci_hs/hcd_ci_hs.c.obj
LOAD CMakeFiles/audio_processing.elf.dir/tinyusb/src/portable/dialog/da146xx/dcd_da146xx.c.obj
LOAD CMakeFiles/audio_processing.elf.dir/tinyusb/src/portable/ehci/ehci.c.obj
LOAD CMakeFiles/audio_processing.elf.dir/tinyusb/src/portable/espressif/esp32sx/dcd_esp32sx.c.obj
LOAD CMakeFiles/audio_processing.elf.dir/tinyusb/src/portable/mentor/musb/dcd_musb.c.obj
LOAD CMakeFiles/audio_processing.elf.dir/tinyusb/src/portable/mentor/musb/hcd_musb.c.obj
LOAD CMakeFiles/audio_processing.elf.dir/tinyusb/src/portable/microchip/pic/dcd_pic.c.obj
LOAD CMakeFiles/audio_processing.elf.dir/tinyusb/src/portable/microchip/pic32mz/dcd_pic32mz.c.obj
LOAD CMakeFiles/audio_processing.elf.dir/tinyusb/src/portable/microchip/samd/dcd_samd.c.obj
LOAD CMakeFiles/audio_processing.elf.dir/tinyusb/src/portable/microchip/samg/dcd_samg.c.obj
LOAD CMakeFiles/audio_processing.elf.dir/tinyusb/src/portable/microchip/samx7x/dcd_samx7x.c.obj
LOAD CMakeFiles/audio_processing.elf.dir/tinyusb/src/portable/mindmotion/mm32/dcd_mm32f327x_otg.c.obj
LOAD CMakeFiles/audio_processing.elf.dir/tinyusb/src/portable/nordic/nrf5x/dcd_nrf5x.c.obj
LOAD CMakeFiles/audio_processing.elf.dir/tinyusb/src/portable/nuvoton/nuc120/dcd_nuc120.c.obj
LOAD CMakeFiles/audio_processing.elf.dir/tinyusb/src/portable/nuvoton/nuc121/dcd_nuc121.c.obj
LOAD CMakeFiles/audio_processing.elf.dir/tinyusb/src/portable/nuvoton/nuc505/dcd_nuc505.c.obj
LOAD CMakeFiles/audio_processing.elf.dir/tinyusb/src/portable/nxp/khci/dcd_khci.c.obj
LOAD CMakeFiles/audio_processing.elf.dir/tinyusb/src/portable/nxp/khci/hcd_khci.c.obj
LOAD CMakeFiles/audio_processing.elf.dir/tinyusb/src/portable/nxp/lpc17_40/dcd_lpc17_40.c.obj
LOAD CMakeFiles/audio_processing.elf.dir/tinyusb/src/portable/nxp/lpc17_40/hcd_lpc17_40.c.obj
LOAD CMakeFiles/audio_processing.elf.dir/tinyusb/src/portable/nxp/lpc_ip3511/dcd_lpc_ip3511.c.obj
LOAD CMakeFiles/audio_processing.elf.dir/tinyusb/src/portable/ohci/ohci.c.obj
LOAD CMakeFiles/audio_processing.elf.dir/tinyusb/src/portable/raspberrypi/pio_usb/dcd_pio_usb.c.obj
LOAD CMakeFiles/audio_processing.elf.dir/tinyusb/src/portable/raspberrypi/pio_usb/hcd_pio_usb.c.obj
LOAD CMakeFiles/audio_processing.elf.dir/tinyusb/src/portable/raspberrypi/rp2040/dcd_rp2040.c.obj
LOAD CMakeFiles/audio_processing.elf.dir/tinyusb/src/portable/raspberrypi/rp2040/hcd_rp2040.c.obj
LOAD CMakeFiles/audio_processing.elf.dir/tinyusb/src/portable/raspberrypi/rp2040/rp2040_usb.c.obj
LOAD CMakeFiles/audio_processing.elf.dir/tinyusb/src/portable/renesas/rusb2/dcd_rusb2.c.obj
LOAD CMakeFiles/audio_processing.elf.dir/tinyusb/src/portable/renesas/rusb2/hcd_rusb2.c.obj
LOAD CMakeFiles/audio_processing.elf.dir/tinyusb/src/portable/renesas/rusb2/rusb2_common.c.obj
LOAD CMakeFiles/audio_processing.elf.dir/tinyusb/src/portable/sony/cxd56/dcd_cxd56.c.obj
LOAD CMakeFiles/audio_processing.elf.dir/tinyusb/src/portable/sunxi/dcd_sunxi_musb.c.obj
LOAD CMakeFiles/audio_processing.elf.dir/tinyusb/src/portable/synopsys/dwc2/dcd_dwc2.c.obj
LOAD CMakeFiles/audio_processing.elf.dir/tinyusb/src/portable/template/dcd_template.c.obj
LOAD CMakeFiles/audio_processing.elf.dir/tinyusb/src/portable/template/hcd_template.c.obj
LOAD CMakeFiles/audio_processing.elf.dir/tinyusb/src/portable/ti/msp430x5xx/dcd_msp430x5xx.c.obj
LOAD CMakeFiles/audio_processing.elf.dir/tinyusb/src/portable/valentyusb/eptri/dcd_eptri.c.obj
LOAD CMakeFiles/audio_processing.elf.dir/tinyusb/src/portable/wch/ch32v307/dcd_usbhs.c.obj
LOAD CMakeFiles/audio_processing.elf.dir/tinyusb/src/tusb.c.obj
LOAD CMakeFiles/audio_processing.elf.dir/tinyusb/src/typec/usbc.c.obj
LOAD D:\hands_on\embedded_c\audio_processing\Middlewares\ST\STM32_Audio\Addons\PDM\Lib\libPDMFilter_CM4_GCC_wc32.a
START GROUP
LOAD c:/msys64/mingw64/bin/../lib/gcc/arm-none-eabi/11.3.1/thumb/v7e-m+fp/hard\libgcc.a
LOAD c:/msys64/mingw64/bin/../lib/gcc/arm-none-eabi/11.3.1/thumb/v7e-m+fp/hard\libg.a
LOAD c:/msys64/mingw64/bin/../lib/gcc/arm-none-eabi/11.3.1/thumb/v7e-m+fp/hard\libc.a
END GROUP
LOAD c:/msys64/mingw64/bin/../lib/gcc/arm-none-eabi/11.3.1/thumb/v7e-m+fp/hard/crtend.o
LOAD c:/msys64/mingw64/bin/../lib/gcc/arm-none-eabi/11.3.1/thumb/v7e-m+fp/hard/crtn.o
                0x20020000                _estack = (ORIGIN (RAM) + LENGTH (RAM))
                0x00002000                _Min_Heap_Size = 0x2000
                0x00001800                _Min_Stack_Size = 0x1800

.isr_vector     0x08000000      0x188
                0x08000000                . = ALIGN (0x4)
 *(.isr_vector)
 .isr_vector    0x08000000      0x188 CMakeFiles/audio_processing.elf.dir/Core/Startup/startup_stm32f407vgtx.s.obj
                0x08000000                g_pfnVectors
                0x08000188                . = ALIGN (0x4)

.text           0x080001c0     0xb97c
                0x080001c0                . = ALIGN (0x4)
 *(.text)
 .text          0x080001c0       0x30 c:/msys64/mingw64/bin/../lib/gcc/arm-none-eabi/11.3.1/thumb/v7e-m+fp/hard\libgcc.a(_aeabi_uldivmod.o)
                0x080001c0                __aeabi_uldivmod
 .text          0x080001f0        0x4 c:/msys64/mingw64/bin/../lib/gcc/arm-none-eabi/11.3.1/thumb/v7e-m+fp/hard\libgcc.a(_dvmd_tls.o)
                0x080001f0                __aeabi_idiv0
                0x080001f0                __aeabi_ldiv0
 .text          0x080001f4      0x134 c:/msys64/mingw64/bin/../lib/gcc/arm-none-eabi/11.3.1/thumb/v7e-m+fp/hard\libg.a(libc_a-memcpy.o)
                0x080001f4                memcpy
 *fill*         0x08000328       0x18 
 .text          0x08000340       0xdc c:/msys64/mingw64/bin/../lib/gcc/arm-none-eabi/11.3.1/thumb/v7e-m+fp/hard\libg.a(libc_a-strlen.o)
                0x08000340                strlen
 *(.text*)
 .text.deregister_tm_clones
                0x0800041c       0x1c c:/msys64/mingw64/bin/../lib/gcc/arm-none-eabi/11.3.1/thumb/v7e-m+fp/hard/crtbegin.o
 .text.register_tm_clones
                0x08000438       0x24 c:/msys64/mingw64/bin/../lib/gcc/arm-none-eabi/11.3.1/thumb/v7e-m+fp/hard/crtbegin.o
 .text.__do_global_dtors_aux
                0x0800045c       0x28 c:/msys64/mingw64/bin/../lib/gcc/arm-none-eabi/11.3.1/thumb/v7e-m+fp/hard/crtbegin.o
 .text.frame_dummy
                0x08000484       0x24 c:/msys64/mingw64/bin/../lib/gcc/arm-none-eabi/11.3.1/thumb/v7e-m+fp/hard/crtbegin.o
 .text.CODEC_IO_Write
                0x080004a8        0xa CMakeFiles/audio_processing.elf.dir/Components/cs43l22/cs43l22.c.obj
 *fill*         0x080004b2        0x2 
 .text.cs43l22_SetVolume
                0x080004b4       0x64 CMakeFiles/audio_processing.elf.dir/Components/cs43l22/cs43l22.c.obj
                0x080004b4                cs43l22_SetVolume
 .text.cs43l22_Init
                0x08000518       0xfc CMakeFiles/audio_processing.elf.dir/Components/cs43l22/cs43l22.c.obj
                0x08000518                cs43l22_Init
 .text.cs43l22_SetMute
                0x08000614       0x5c CMakeFiles/audio_processing.elf.dir/Components/cs43l22/cs43l22.c.obj
                0x08000614                cs43l22_SetMute
 .text.cs43l22_Play
                0x08000670       0x40 CMakeFiles/audio_processing.elf.dir/Components/cs43l22/cs43l22.c.obj
                0x08000670                cs43l22_Play
 .text.MX_CRC_Init
                0x080006b0       0x20 CMakeFiles/audio_processing.elf.dir/Core/Src/crc.c.obj
                0x080006b0                MX_CRC_Init
 .text.HAL_CRC_MspInit
                0x080006d0       0x30 CMakeFiles/audio_processing.elf.dir/Core/Src/crc.c.obj
                0x080006d0                HAL_CRC_MspInit
 .text.MX_DMA_Init
                0x08000700       0x64 CMakeFiles/audio_processing.elf.dir/Core/Src/dma.c.obj
                0x08000700                MX_DMA_Init
 .text.MX_GPIO_Init
                0x08000764      0x154 CMakeFiles/audio_processing.elf.dir/Core/Src/gpio.c.obj
                0x08000764                MX_GPIO_Init
 .text.MX_I2C1_Init
                0x080008b8       0x3c CMakeFiles/audio_processing.elf.dir/Core/Src/i2c.c.obj
                0x080008b8                MX_I2C1_Init
 .text.HAL_I2C_MspInit
                0x080008f4       0x70 CMakeFiles/audio_processing.elf.dir/Core/Src/i2c.c.obj
                0x080008f4                HAL_I2C_MspInit
 .text.HAL_I2C_MspDeInit
                0x08000964       0x38 CMakeFiles/audio_processing.elf.dir/Core/Src/i2c.c.obj
                0x08000964                HAL_I2C_MspDeInit
 .text.MX_I2S2_Init
                0x0800099c       0x40 CMakeFiles/audio_processing.elf.dir/Core/Src/i2s.c.obj
                0x0800099c                MX_I2S2_Init
 .text.MX_I2S3_Init
                0x080009dc       0x3c CMakeFiles/audio_processing.elf.dir/Core/Src/i2s.c.obj
                0x080009dc                MX_I2S3_Init
 .text.HAL_I2S_MspInit
                0x08000a18      0x1c4 CMakeFiles/audio_processing.elf.dir/Core/Src/i2s.c.obj
                0x08000a18                HAL_I2S_MspInit
 .text.feed_nothing
                0x08000bdc        0x2 CMakeFiles/audio_processing.elf.dir/Core/Src/main.c.obj
                0x08000bdc                feed_nothing
 *fill*         0x08000bde        0x2 
 .text.enable_mic_dma
                0x08000be0       0x18 CMakeFiles/audio_processing.elf.dir/Core/Src/main.c.obj
                0x08000be0                enable_mic_dma
 .text.setup_codec
                0x08000bf8       0x3c CMakeFiles/audio_processing.elf.dir/Core/Src/main.c.obj
                0x08000bf8                setup_codec
 .text.audio_task
                0x08000c34        0x6 CMakeFiles/audio_processing.elf.dir/Core/Src/main.c.obj
                0x08000c34                audio_task
 *fill*         0x08000c3a        0x2 
 .text.feed_mic_data
                0x08000c3c       0x38 CMakeFiles/audio_processing.elf.dir/Core/Src/main.c.obj
                0x08000c3c                feed_mic_data
 .text.feed_signal_data
                0x08000c74       0x84 CMakeFiles/audio_processing.elf.dir/Core/Src/main.c.obj
                0x08000c74                feed_signal_data
 .text.tud_audio_tx_done_post_load_cb
                0x08000cf8       0x40 CMakeFiles/audio_processing.elf.dir/Core/Src/main.c.obj
                0x08000cf8                tud_audio_tx_done_post_load_cb
 .text.HAL_I2S_RxHalfCpltCallback
                0x08000d38       0x1c CMakeFiles/audio_processing.elf.dir/Core/Src/main.c.obj
                0x08000d38                HAL_I2S_RxHalfCpltCallback
 .text.HAL_I2S_RxCpltCallback
                0x08000d54       0x1c CMakeFiles/audio_processing.elf.dir/Core/Src/main.c.obj
                0x08000d54                HAL_I2S_RxCpltCallback
 .text.tud_mount_cb
                0x08000d70        0x2 CMakeFiles/audio_processing.elf.dir/Core/Src/main.c.obj
                0x08000d70                tud_mount_cb
 .text.tud_umount_cb
                0x08000d72        0x2 CMakeFiles/audio_processing.elf.dir/Core/Src/main.c.obj
                0x08000d72                tud_umount_cb
 .text.tud_suspend_cb
                0x08000d74        0x2 CMakeFiles/audio_processing.elf.dir/Core/Src/main.c.obj
                0x08000d74                tud_suspend_cb
 .text.tud_resume_cb
                0x08000d76        0x2 CMakeFiles/audio_processing.elf.dir/Core/Src/main.c.obj
                0x08000d76                tud_resume_cb
 .text.tud_audio_set_itf_cb
                0x08000d78       0x20 CMakeFiles/audio_processing.elf.dir/Core/Src/main.c.obj
                0x08000d78                tud_audio_set_itf_cb
 .text.tud_audio_set_req_ep_cb
                0x08000d98        0x4 CMakeFiles/audio_processing.elf.dir/Core/Src/main.c.obj
                0x08000d98                tud_audio_set_req_ep_cb
 .text.tud_audio_set_req_itf_cb
                0x08000d9c        0x4 CMakeFiles/audio_processing.elf.dir/Core/Src/main.c.obj
                0x08000d9c                tud_audio_set_req_itf_cb
 .text.tud_audio_set_req_entity_cb
                0x08000da0       0xb4 CMakeFiles/audio_processing.elf.dir/Core/Src/main.c.obj
                0x08000da0                tud_audio_set_req_entity_cb
 .text.tud_audio_get_req_ep_cb
                0x08000e54        0x4 CMakeFiles/audio_processing.elf.dir/Core/Src/main.c.obj
                0x08000e54                tud_audio_get_req_ep_cb
 .text.tud_audio_get_req_itf_cb
                0x08000e58        0x4 CMakeFiles/audio_processing.elf.dir/Core/Src/main.c.obj
                0x08000e58                tud_audio_get_req_itf_cb
 .text.tud_audio_get_req_entity_cb
                0x08000e5c      0x198 CMakeFiles/audio_processing.elf.dir/Core/Src/main.c.obj
                0x08000e5c                tud_audio_get_req_entity_cb
 .text.tud_audio_tx_done_pre_load_cb
                0x08000ff4       0x34 CMakeFiles/audio_processing.elf.dir/Core/Src/main.c.obj
                0x08000ff4                tud_audio_tx_done_pre_load_cb
 .text.tud_audio_set_itf_close_EP_cb
                0x08001028        0x4 CMakeFiles/audio_processing.elf.dir/Core/Src/main.c.obj
                0x08001028                tud_audio_set_itf_close_EP_cb
 .text.Error_Handler
                0x0800102c        0x4 CMakeFiles/audio_processing.elf.dir/Core/Src/main.c.obj
                0x0800102c                Error_Handler
 .text.SystemClock_Config
                0x08001030       0xac CMakeFiles/audio_processing.elf.dir/Core/Src/main.c.obj
                0x08001030                SystemClock_Config
 .text.PeriphCommonClock_Config
                0x080010dc       0x2e CMakeFiles/audio_processing.elf.dir/Core/Src/main.c.obj
                0x080010dc                PeriphCommonClock_Config
 *fill*         0x0800110a        0x2 
 .text.main     0x0800110c       0x90 CMakeFiles/audio_processing.elf.dir/Core/Src/main.c.obj
                0x0800110c                main
 .text.MX_SPI1_Init
                0x0800119c       0x40 CMakeFiles/audio_processing.elf.dir/Core/Src/spi.c.obj
                0x0800119c                MX_SPI1_Init
 .text.HAL_SPI_MspInit
                0x080011dc       0x6c CMakeFiles/audio_processing.elf.dir/Core/Src/spi.c.obj
                0x080011dc                HAL_SPI_MspInit
 .text.I2Cx_MspInit
                0x08001248       0x88 CMakeFiles/audio_processing.elf.dir/Core/Src/stm32f4_discovery_bsp.c.obj
 .text.I2Cx_Init
                0x080012d0       0x3c CMakeFiles/audio_processing.elf.dir/Core/Src/stm32f4_discovery_bsp.c.obj
 .text.I2Cx_Error
                0x0800130c       0x14 CMakeFiles/audio_processing.elf.dir/Core/Src/stm32f4_discovery_bsp.c.obj
 .text.I2Cx_WriteData
                0x08001320       0x3c CMakeFiles/audio_processing.elf.dir/Core/Src/stm32f4_discovery_bsp.c.obj
 .text.AUDIO_IO_Init
                0x0800135c       0x64 CMakeFiles/audio_processing.elf.dir/Core/Src/stm32f4_discovery_bsp.c.obj
                0x0800135c                AUDIO_IO_Init
 .text.AUDIO_IO_Write
                0x080013c0        0x8 CMakeFiles/audio_processing.elf.dir/Core/Src/stm32f4_discovery_bsp.c.obj
                0x080013c0                AUDIO_IO_Write
 .text.HAL_MspInit
                0x080013c8       0x50 CMakeFiles/audio_processing.elf.dir/Core/Src/stm32f4xx_hal_msp.c.obj
                0x080013c8                HAL_MspInit
 .text.NMI_Handler
                0x08001418        0x2 CMakeFiles/audio_processing.elf.dir/Core/Src/stm32f4xx_it.c.obj
                0x08001418                NMI_Handler
 .text.HardFault_Handler
                0x0800141a        0x2 CMakeFiles/audio_processing.elf.dir/Core/Src/stm32f4xx_it.c.obj
                0x0800141a                HardFault_Handler
 .text.MemManage_Handler
                0x0800141c        0x2 CMakeFiles/audio_processing.elf.dir/Core/Src/stm32f4xx_it.c.obj
                0x0800141c                MemManage_Handler
 .text.BusFault_Handler
                0x0800141e        0x2 CMakeFiles/audio_processing.elf.dir/Core/Src/stm32f4xx_it.c.obj
                0x0800141e                BusFault_Handler
 .text.UsageFault_Handler
                0x08001420        0x2 CMakeFiles/audio_processing.elf.dir/Core/Src/stm32f4xx_it.c.obj
                0x08001420                UsageFault_Handler
 .text.SVC_Handler
                0x08001422        0x2 CMakeFiles/audio_processing.elf.dir/Core/Src/stm32f4xx_it.c.obj
                0x08001422                SVC_Handler
 .text.DebugMon_Handler
                0x08001424        0x2 CMakeFiles/audio_processing.elf.dir/Core/Src/stm32f4xx_it.c.obj
                0x08001424                DebugMon_Handler
 .text.PendSV_Handler
                0x08001426        0x2 CMakeFiles/audio_processing.elf.dir/Core/Src/stm32f4xx_it.c.obj
                0x08001426                PendSV_Handler
 .text.SysTick_Handler
                0x08001428        0x8 CMakeFiles/audio_processing.elf.dir/Core/Src/stm32f4xx_it.c.obj
                0x08001428                SysTick_Handler
 .text.DMA1_Stream3_IRQHandler
                0x08001430       0x10 CMakeFiles/audio_processing.elf.dir/Core/Src/stm32f4xx_it.c.obj
                0x08001430                DMA1_Stream3_IRQHandler
 .text.DMA1_Stream5_IRQHandler
                0x08001440       0x10 CMakeFiles/audio_processing.elf.dir/Core/Src/stm32f4xx_it.c.obj
                0x08001440                DMA1_Stream5_IRQHandler
 .text.DMA1_Stream6_IRQHandler
                0x08001450       0x10 CMakeFiles/audio_processing.elf.dir/Core/Src/stm32f4xx_it.c.obj
                0x08001450                DMA1_Stream6_IRQHandler
 .text.SPI2_IRQHandler
                0x08001460       0x10 CMakeFiles/audio_processing.elf.dir/Core/Src/stm32f4xx_it.c.obj
                0x08001460                SPI2_IRQHandler
 .text.USART2_IRQHandler
                0x08001470       0x10 CMakeFiles/audio_processing.elf.dir/Core/Src/stm32f4xx_it.c.obj
                0x08001470                USART2_IRQHandler
 .text.DMA1_Stream7_IRQHandler
                0x08001480       0x10 CMakeFiles/audio_processing.elf.dir/Core/Src/stm32f4xx_it.c.obj
                0x08001480                DMA1_Stream7_IRQHandler
 .text.SPI3_IRQHandler
                0x08001490       0x10 CMakeFiles/audio_processing.elf.dir/Core/Src/stm32f4xx_it.c.obj
                0x08001490                SPI3_IRQHandler
 .text.OTG_FS_IRQHandler
                0x080014a0        0xa CMakeFiles/audio_processing.elf.dir/Core/Src/stm32f4xx_it.c.obj
                0x080014a0                OTG_FS_IRQHandler
 .text.FPU_IRQHandler
                0x080014aa        0x2 CMakeFiles/audio_processing.elf.dir/Core/Src/stm32f4xx_it.c.obj
                0x080014aa                FPU_IRQHandler
 .text.SystemInit
                0x080014ac       0x14 CMakeFiles/audio_processing.elf.dir/Core/Src/system_stm32f4xx.c.obj
                0x080014ac                SystemInit
 .text.HAL_TIM_Base_MspInit
                0x080014c0       0x30 CMakeFiles/audio_processing.elf.dir/Core/Src/tim.c.obj
                0x080014c0                HAL_TIM_Base_MspInit
 .text.HAL_TIM_MspPostInit
                0x080014f0       0x58 CMakeFiles/audio_processing.elf.dir/Core/Src/tim.c.obj
                0x080014f0                HAL_TIM_MspPostInit
 .text.MX_TIM4_Init
                0x08001548       0xf4 CMakeFiles/audio_processing.elf.dir/Core/Src/tim.c.obj
                0x08001548                MX_TIM4_Init
 .text.tim_channel_control
                0x0800163c       0x20 CMakeFiles/audio_processing.elf.dir/Core/Src/tim.c.obj
                0x0800163c                tim_channel_control
 .text.change_feed
                0x0800165c       0x38 CMakeFiles/audio_processing.elf.dir/Core/Src/usart.c.obj
 .text.change_led_states
                0x08001694       0x3c CMakeFiles/audio_processing.elf.dir/Core/Src/usart.c.obj
 .text.MX_USART2_UART_Init
                0x080016d0       0x34 CMakeFiles/audio_processing.elf.dir/Core/Src/usart.c.obj
                0x080016d0                MX_USART2_UART_Init
 .text.HAL_UART_MspInit
                0x08001704       0xfc CMakeFiles/audio_processing.elf.dir/Core/Src/usart.c.obj
                0x08001704                HAL_UART_MspInit
 .text.clear_buffer
                0x08001800        0xc CMakeFiles/audio_processing.elf.dir/Core/Src/usart.c.obj
                0x08001800                clear_buffer
 .text.print_serial
                0x0800180c       0x48 CMakeFiles/audio_processing.elf.dir/Core/Src/usart.c.obj
                0x0800180c                print_serial
 .text.clear_reset_terminal
                0x08001854       0x18 CMakeFiles/audio_processing.elf.dir/Core/Src/usart.c.obj
                0x08001854                clear_reset_terminal
 .text.print_welcome_message
                0x0800186c       0x14 CMakeFiles/audio_processing.elf.dir/Core/Src/usart.c.obj
                0x0800186c                print_welcome_message
 .text.request_input
                0x08001880       0x3c CMakeFiles/audio_processing.elf.dir/Core/Src/usart.c.obj
                0x08001880                request_input
 .text.print_menu_message
                0x080018bc       0x14 CMakeFiles/audio_processing.elf.dir/Core/Src/usart.c.obj
                0x080018bc                print_menu_message
 .text.mode_select_loop
                0x080018d0       0xb4 CMakeFiles/audio_processing.elf.dir/Core/Src/usart.c.obj
 .text.user_input_control
                0x08001984       0xc4 CMakeFiles/audio_processing.elf.dir/Core/Src/usart.c.obj
                0x08001984                user_input_control
 .text.HAL_UART_RxCpltCallback
                0x08001a48       0x1c CMakeFiles/audio_processing.elf.dir/Core/Src/usart.c.obj
                0x08001a48                HAL_UART_RxCpltCallback
 .text.HAL_UART_TxCpltCallback
                0x08001a64       0x1c CMakeFiles/audio_processing.elf.dir/Core/Src/usart.c.obj
                0x08001a64                HAL_UART_TxCpltCallback
 .text.tud_descriptor_device_cb
                0x08001a80        0x8 CMakeFiles/audio_processing.elf.dir/Core/Src/usb_descriptors.c.obj
                0x08001a80                tud_descriptor_device_cb
 .text.tud_descriptor_configuration_cb
                0x08001a88        0x8 CMakeFiles/audio_processing.elf.dir/Core/Src/usb_descriptors.c.obj
                0x08001a88                tud_descriptor_configuration_cb
 .text.tud_descriptor_string_cb
                0x08001a90       0xe4 CMakeFiles/audio_processing.elf.dir/Core/Src/usb_descriptors.c.obj
                0x08001a90                tud_descriptor_string_cb
 .text.MX_USB_OTG_FS_PCD_Init
                0x08001b74       0x38 CMakeFiles/audio_processing.elf.dir/Core/Src/usb_otg.c.obj
                0x08001b74                MX_USB_OTG_FS_PCD_Init
 .text.HAL_PCD_MspInit
                0x08001bac       0xb8 CMakeFiles/audio_processing.elf.dir/Core/Src/usb_otg.c.obj
                0x08001bac                HAL_PCD_MspInit
 .text.Reset_Handler
                0x08001c64       0x50 CMakeFiles/audio_processing.elf.dir/Core/Startup/startup_stm32f407vgtx.s.obj
                0x08001c64                Reset_Handler
 .text.Default_Handler
                0x08001cb4        0x2 CMakeFiles/audio_processing.elf.dir/Core/Startup/startup_stm32f407vgtx.s.obj
                0x08001cb4                RTC_Alarm_IRQHandler
                0x08001cb4                HASH_RNG_IRQHandler
                0x08001cb4                EXTI2_IRQHandler
                0x08001cb4                TIM8_CC_IRQHandler
                0x08001cb4                TIM1_CC_IRQHandler
                0x08001cb4                DMA2_Stream5_IRQHandler
                0x08001cb4                PVD_IRQHandler
                0x08001cb4                SDIO_IRQHandler
                0x08001cb4                TAMP_STAMP_IRQHandler
                0x08001cb4                CAN2_RX1_IRQHandler
                0x08001cb4                EXTI3_IRQHandler
                0x08001cb4                TIM8_TRG_COM_TIM14_IRQHandler
                0x08001cb4                TIM1_UP_TIM10_IRQHandler
                0x08001cb4                TIM8_UP_TIM13_IRQHandler
                0x08001cb4                I2C3_ER_IRQHandler
                0x08001cb4                EXTI0_IRQHandler
                0x08001cb4                I2C2_EV_IRQHandler
                0x08001cb4                DMA1_Stream2_IRQHandler
                0x08001cb4                CAN1_RX0_IRQHandler
                0x08001cb4                OTG_HS_WKUP_IRQHandler
                0x08001cb4                CAN2_SCE_IRQHandler
                0x08001cb4                DMA2_Stream2_IRQHandler
                0x08001cb4                SPI1_IRQHandler
                0x08001cb4                TIM6_DAC_IRQHandler
                0x08001cb4                TIM1_BRK_TIM9_IRQHandler
                0x08001cb4                DCMI_IRQHandler
                0x08001cb4                CAN2_RX0_IRQHandler
                0x08001cb4                DMA2_Stream3_IRQHandler
                0x08001cb4                USART6_IRQHandler
                0x08001cb4                USART3_IRQHandler
                0x08001cb4                CAN1_RX1_IRQHandler
                0x08001cb4                UART5_IRQHandler
                0x08001cb4                DMA2_Stream0_IRQHandler
                0x08001cb4                TIM4_IRQHandler
                0x08001cb4                I2C1_EV_IRQHandler
                0x08001cb4                DMA1_Stream1_IRQHandler
                0x08001cb4                UART4_IRQHandler
                0x08001cb4                TIM3_IRQHandler
                0x08001cb4                RCC_IRQHandler
                0x08001cb4                TIM8_BRK_TIM12_IRQHandler
                0x08001cb4                Default_Handler
                0x08001cb4                EXTI15_10_IRQHandler
                0x08001cb4                ADC_IRQHandler
                0x08001cb4                TIM7_IRQHandler
                0x08001cb4                CAN2_TX_IRQHandler
                0x08001cb4                TIM5_IRQHandler
                0x08001cb4                DMA2_Stream7_IRQHandler
                0x08001cb4                I2C3_EV_IRQHandler
                0x08001cb4                EXTI9_5_IRQHandler
                0x08001cb4                RTC_WKUP_IRQHandler
                0x08001cb4                ETH_WKUP_IRQHandler
                0x08001cb4                OTG_HS_EP1_IN_IRQHandler
                0x08001cb4                DMA1_Stream0_IRQHandler
                0x08001cb4                CAN1_TX_IRQHandler
                0x08001cb4                EXTI4_IRQHandler
                0x08001cb4                FSMC_IRQHandler
                0x08001cb4                ETH_IRQHandler
                0x08001cb4                OTG_HS_EP1_OUT_IRQHandler
                0x08001cb4                WWDG_IRQHandler
                0x08001cb4                TIM2_IRQHandler
                0x08001cb4                OTG_FS_WKUP_IRQHandler
                0x08001cb4                TIM1_TRG_COM_TIM11_IRQHandler
                0x08001cb4                OTG_HS_IRQHandler
                0x08001cb4                EXTI1_IRQHandler
                0x08001cb4                I2C2_ER_IRQHandler
                0x08001cb4                DMA2_Stream1_IRQHandler
                0x08001cb4                CAN1_SCE_IRQHandler
                0x08001cb4                FLASH_IRQHandler
                0x08001cb4                DMA2_Stream4_IRQHandler
                0x08001cb4                USART1_IRQHandler
                0x08001cb4                DMA1_Stream4_IRQHandler
                0x08001cb4                I2C1_ER_IRQHandler
                0x08001cb4                DMA2_Stream6_IRQHandler
 *fill*         0x08001cb6        0x2 
 .text.HAL_InitTick
                0x08001cb8       0x4c CMakeFiles/audio_processing.elf.dir/Drivers/STM32F4xx_HAL_Driver/Src/stm32f4xx_hal.c.obj
                0x08001cb8                HAL_InitTick
 .text.HAL_Init
                0x08001d04       0x34 CMakeFiles/audio_processing.elf.dir/Drivers/STM32F4xx_HAL_Driver/Src/stm32f4xx_hal.c.obj
                0x08001d04                HAL_Init
 .text.HAL_IncTick
                0x08001d38       0x18 CMakeFiles/audio_processing.elf.dir/Drivers/STM32F4xx_HAL_Driver/Src/stm32f4xx_hal.c.obj
                0x08001d38                HAL_IncTick
 .text.HAL_GetTick
                0x08001d50        0xc CMakeFiles/audio_processing.elf.dir/Drivers/STM32F4xx_HAL_Driver/Src/stm32f4xx_hal.c.obj
                0x08001d50                HAL_GetTick
 .text.HAL_Delay
                0x08001d5c       0x28 CMakeFiles/audio_processing.elf.dir/Drivers/STM32F4xx_HAL_Driver/Src/stm32f4xx_hal.c.obj
                0x08001d5c                HAL_Delay
 .text.HAL_NVIC_SetPriorityGrouping
                0x08001d84       0x24 CMakeFiles/audio_processing.elf.dir/Drivers/STM32F4xx_HAL_Driver/Src/stm32f4xx_hal_cortex.c.obj
                0x08001d84                HAL_NVIC_SetPriorityGrouping
 .text.HAL_NVIC_SetPriority
                0x08001da8       0x70 CMakeFiles/audio_processing.elf.dir/Drivers/STM32F4xx_HAL_Driver/Src/stm32f4xx_hal_cortex.c.obj
                0x08001da8                HAL_NVIC_SetPriority
 .text.HAL_NVIC_EnableIRQ
                0x08001e18       0x1c CMakeFiles/audio_processing.elf.dir/Drivers/STM32F4xx_HAL_Driver/Src/stm32f4xx_hal_cortex.c.obj
                0x08001e18                HAL_NVIC_EnableIRQ
 .text.HAL_SYSTICK_Config
                0x08001e34       0x28 CMakeFiles/audio_processing.elf.dir/Drivers/STM32F4xx_HAL_Driver/Src/stm32f4xx_hal_cortex.c.obj
                0x08001e34                HAL_SYSTICK_Config
 .text.HAL_CRC_Init
                0x08001e5c       0x1e CMakeFiles/audio_processing.elf.dir/Drivers/STM32F4xx_HAL_Driver/Src/stm32f4xx_hal_crc.c.obj
                0x08001e5c                HAL_CRC_Init
 .text.DMA_SetConfig
                0x08001e7a       0x2c CMakeFiles/audio_processing.elf.dir/Drivers/STM32F4xx_HAL_Driver/Src/stm32f4xx_hal_dma.c.obj
 *fill*         0x08001ea6        0x2 
 .text.DMA_CalcBaseAndBitshift
                0x08001ea8       0x44 CMakeFiles/audio_processing.elf.dir/Drivers/STM32F4xx_HAL_Driver/Src/stm32f4xx_hal_dma.c.obj
 .text.DMA_CheckFifoParam
                0x08001eec       0x8e CMakeFiles/audio_processing.elf.dir/Drivers/STM32F4xx_HAL_Driver/Src/stm32f4xx_hal_dma.c.obj
 *fill*         0x08001f7a        0x2 
 .text.HAL_DMA_Init
                0x08001f7c       0xcc CMakeFiles/audio_processing.elf.dir/Drivers/STM32F4xx_HAL_Driver/Src/stm32f4xx_hal_dma.c.obj
                0x08001f7c                HAL_DMA_Init
 .text.HAL_DMA_Start_IT
                0x08002048       0x6a CMakeFiles/audio_processing.elf.dir/Drivers/STM32F4xx_HAL_Driver/Src/stm32f4xx_hal_dma.c.obj
                0x08002048                HAL_DMA_Start_IT
 .text.HAL_DMA_Abort
                0x080020b2       0x94 CMakeFiles/audio_processing.elf.dir/Drivers/STM32F4xx_HAL_Driver/Src/stm32f4xx_hal_dma.c.obj
                0x080020b2                HAL_DMA_Abort
 .text.HAL_DMA_Abort_IT
                0x08002146       0x26 CMakeFiles/audio_processing.elf.dir/Drivers/STM32F4xx_HAL_Driver/Src/stm32f4xx_hal_dma.c.obj
                0x08002146                HAL_DMA_Abort_IT
 .text.HAL_DMA_IRQHandler
                0x0800216c      0x1dc CMakeFiles/audio_processing.elf.dir/Drivers/STM32F4xx_HAL_Driver/Src/stm32f4xx_hal_dma.c.obj
                0x0800216c                HAL_DMA_IRQHandler
 .text.HAL_GPIO_Init
                0x08002348      0x1ec CMakeFiles/audio_processing.elf.dir/Drivers/STM32F4xx_HAL_Driver/Src/stm32f4xx_hal_gpio.c.obj
                0x08002348                HAL_GPIO_Init
 .text.HAL_GPIO_DeInit
                0x08002534      0x134 CMakeFiles/audio_processing.elf.dir/Drivers/STM32F4xx_HAL_Driver/Src/stm32f4xx_hal_gpio.c.obj
                0x08002534                HAL_GPIO_DeInit
 .text.HAL_GPIO_WritePin
                0x08002668        0xc CMakeFiles/audio_processing.elf.dir/Drivers/STM32F4xx_HAL_Driver/Src/stm32f4xx_hal_gpio.c.obj
                0x08002668                HAL_GPIO_WritePin
 .text.I2C_IsAcknowledgeFailed
                0x08002674       0x32 CMakeFiles/audio_processing.elf.dir/Drivers/STM32F4xx_HAL_Driver/Src/stm32f4xx_hal_i2c.c.obj
 .text.I2C_WaitOnFlagUntilTimeout
                0x080026a6       0x7c CMakeFiles/audio_processing.elf.dir/Drivers/STM32F4xx_HAL_Driver/Src/stm32f4xx_hal_i2c.c.obj
 .text.I2C_WaitOnMasterAddressFlagUntilTimeout
                0x08002722       0xaa CMakeFiles/audio_processing.elf.dir/Drivers/STM32F4xx_HAL_Driver/Src/stm32f4xx_hal_i2c.c.obj
 .text.I2C_WaitOnTXEFlagUntilTimeout
                0x080027cc       0x54 CMakeFiles/audio_processing.elf.dir/Drivers/STM32F4xx_HAL_Driver/Src/stm32f4xx_hal_i2c.c.obj
 .text.I2C_RequestMemoryWrite
                0x08002820       0xd8 CMakeFiles/audio_processing.elf.dir/Drivers/STM32F4xx_HAL_Driver/Src/stm32f4xx_hal_i2c.c.obj
 .text.I2C_WaitOnBTFFlagUntilTimeout
                0x080028f8       0x54 CMakeFiles/audio_processing.elf.dir/Drivers/STM32F4xx_HAL_Driver/Src/stm32f4xx_hal_i2c.c.obj
 .text.HAL_I2C_Init
                0x0800294c      0x1bc CMakeFiles/audio_processing.elf.dir/Drivers/STM32F4xx_HAL_Driver/Src/stm32f4xx_hal_i2c.c.obj
                0x0800294c                HAL_I2C_Init
 .text.HAL_I2C_DeInit
                0x08002b08       0x32 CMakeFiles/audio_processing.elf.dir/Drivers/STM32F4xx_HAL_Driver/Src/stm32f4xx_hal_i2c.c.obj
                0x08002b08                HAL_I2C_DeInit
 *fill*         0x08002b3a        0x2 
 .text.HAL_I2C_Mem_Write
                0x08002b3c      0x164 CMakeFiles/audio_processing.elf.dir/Drivers/STM32F4xx_HAL_Driver/Src/stm32f4xx_hal_i2c.c.obj
                0x08002b3c                HAL_I2C_Mem_Write
 .text.HAL_I2C_GetState
                0x08002ca0        0x6 CMakeFiles/audio_processing.elf.dir/Drivers/STM32F4xx_HAL_Driver/Src/stm32f4xx_hal_i2c.c.obj
                0x08002ca0                HAL_I2C_GetState
 *fill*         0x08002ca6        0x2 
 .text.HAL_I2S_Init
                0x08002ca8      0x19c CMakeFiles/audio_processing.elf.dir/Drivers/STM32F4xx_HAL_Driver/Src/stm32f4xx_hal_i2s.c.obj
                0x08002ca8                HAL_I2S_Init
 .text.HAL_I2S_Transmit_DMA
                0x08002e44       0xdc CMakeFiles/audio_processing.elf.dir/Drivers/STM32F4xx_HAL_Driver/Src/stm32f4xx_hal_i2s.c.obj
                0x08002e44                HAL_I2S_Transmit_DMA
 .text.HAL_I2S_Receive_DMA
                0x08002f20       0xfc CMakeFiles/audio_processing.elf.dir/Drivers/STM32F4xx_HAL_Driver/Src/stm32f4xx_hal_i2s.c.obj
                0x08002f20                HAL_I2S_Receive_DMA
 .text.HAL_I2S_DMAPause
                0x0800301c       0x80 CMakeFiles/audio_processing.elf.dir/Drivers/STM32F4xx_HAL_Driver/Src/stm32f4xx_hal_i2s.c.obj
                0x0800301c                HAL_I2S_DMAPause
 .text.HAL_I2S_IRQHandler
                0x0800309c        0x8 CMakeFiles/audio_processing.elf.dir/Drivers/STM32F4xx_HAL_Driver/Src/stm32f4xx_hal_i2s.c.obj
                0x0800309c                HAL_I2S_IRQHandler
 .text.HAL_I2S_TxHalfCpltCallback
                0x080030a4        0x2 CMakeFiles/audio_processing.elf.dir/Drivers/STM32F4xx_HAL_Driver/Src/stm32f4xx_hal_i2s.c.obj
                0x080030a4                HAL_I2S_TxHalfCpltCallback
 .text.I2S_DMATxHalfCplt
                0x080030a6        0xa CMakeFiles/audio_processing.elf.dir/Drivers/STM32F4xx_HAL_Driver/Src/stm32f4xx_hal_i2s.c.obj
 .text.HAL_I2S_TxCpltCallback
                0x080030b0        0x2 CMakeFiles/audio_processing.elf.dir/Drivers/STM32F4xx_HAL_Driver/Src/stm32f4xx_hal_i2s.c.obj
                0x080030b0                HAL_I2S_TxCpltCallback
 .text.I2S_Transmit_IT
                0x080030b2       0x38 CMakeFiles/audio_processing.elf.dir/Drivers/STM32F4xx_HAL_Driver/Src/stm32f4xx_hal_i2s.c.obj
 .text.I2S_DMATxCplt
                0x080030ea       0x24 CMakeFiles/audio_processing.elf.dir/Drivers/STM32F4xx_HAL_Driver/Src/stm32f4xx_hal_i2s.c.obj
 .text.I2S_DMARxHalfCplt
                0x0800310e        0xa CMakeFiles/audio_processing.elf.dir/Drivers/STM32F4xx_HAL_Driver/Src/stm32f4xx_hal_i2s.c.obj
 .text.I2S_Receive_IT
                0x08003118       0x38 CMakeFiles/audio_processing.elf.dir/Drivers/STM32F4xx_HAL_Driver/Src/stm32f4xx_hal_i2s.c.obj
 .text.I2S_DMARxCplt
                0x08003150       0x24 CMakeFiles/audio_processing.elf.dir/Drivers/STM32F4xx_HAL_Driver/Src/stm32f4xx_hal_i2s.c.obj
 .text.HAL_I2S_ErrorCallback
                0x08003174        0x2 CMakeFiles/audio_processing.elf.dir/Drivers/STM32F4xx_HAL_Driver/Src/stm32f4xx_hal_i2s.c.obj
                0x08003174                HAL_I2S_ErrorCallback
 .text.I2S_IRQHandler
                0x08003176       0xd0 CMakeFiles/audio_processing.elf.dir/Drivers/STM32F4xx_HAL_Driver/Src/stm32f4xx_hal_i2s.c.obj
 .text.I2S_DMAError
                0x08003246       0x28 CMakeFiles/audio_processing.elf.dir/Drivers/STM32F4xx_HAL_Driver/Src/stm32f4xx_hal_i2s.c.obj
 .text.HAL_I2SEx_TxRxCpltCallback
                0x0800326e        0x2 CMakeFiles/audio_processing.elf.dir/Drivers/STM32F4xx_HAL_Driver/Src/stm32f4xx_hal_i2s_ex.c.obj
                0x0800326e                HAL_I2SEx_TxRxCpltCallback
 .text.I2SEx_TxISR_I2S
                0x08003270       0x3c CMakeFiles/audio_processing.elf.dir/Drivers/STM32F4xx_HAL_Driver/Src/stm32f4xx_hal_i2s_ex.c.obj
 .text.I2SEx_RxISR_I2SExt
                0x080032ac       0x64 CMakeFiles/audio_processing.elf.dir/Drivers/STM32F4xx_HAL_Driver/Src/stm32f4xx_hal_i2s_ex.c.obj
 .text.I2SEx_TxISR_I2SExt
                0x08003310       0x64 CMakeFiles/audio_processing.elf.dir/Drivers/STM32F4xx_HAL_Driver/Src/stm32f4xx_hal_i2s_ex.c.obj
 .text.I2SEx_RxISR_I2S
                0x08003374       0x3c CMakeFiles/audio_processing.elf.dir/Drivers/STM32F4xx_HAL_Driver/Src/stm32f4xx_hal_i2s_ex.c.obj
 .text.HAL_I2SEx_FullDuplex_IRQHandler
                0x080033b0      0x1d8 CMakeFiles/audio_processing.elf.dir/Drivers/STM32F4xx_HAL_Driver/Src/stm32f4xx_hal_i2s_ex.c.obj
                0x080033b0                HAL_I2SEx_FullDuplex_IRQHandler
 .text.HAL_PCD_Init
                0x08003588      0x12e CMakeFiles/audio_processing.elf.dir/Drivers/STM32F4xx_HAL_Driver/Src/stm32f4xx_hal_pcd.c.obj
                0x08003588                HAL_PCD_Init
 *fill*         0x080036b6        0x2 
 .text.HAL_RCC_OscConfig
                0x080036b8      0x3f8 CMakeFiles/audio_processing.elf.dir/Drivers/STM32F4xx_HAL_Driver/Src/stm32f4xx_hal_rcc.c.obj
                0x080036b8                HAL_RCC_OscConfig
 .text.HAL_RCC_GetSysClockFreq
                0x08003ab0       0xdc CMakeFiles/audio_processing.elf.dir/Drivers/STM32F4xx_HAL_Driver/Src/stm32f4xx_hal_rcc.c.obj
                0x08003ab0                HAL_RCC_GetSysClockFreq
 .text.HAL_RCC_ClockConfig
                0x08003b8c      0x160 CMakeFiles/audio_processing.elf.dir/Drivers/STM32F4xx_HAL_Driver/Src/stm32f4xx_hal_rcc.c.obj
                0x08003b8c                HAL_RCC_ClockConfig
 .text.HAL_RCC_GetHCLKFreq
                0x08003cec        0xc CMakeFiles/audio_processing.elf.dir/Drivers/STM32F4xx_HAL_Driver/Src/stm32f4xx_hal_rcc.c.obj
                0x08003cec                HAL_RCC_GetHCLKFreq
 .text.HAL_RCC_GetPCLK1Freq
                0x08003cf8       0x20 CMakeFiles/audio_processing.elf.dir/Drivers/STM32F4xx_HAL_Driver/Src/stm32f4xx_hal_rcc.c.obj
                0x08003cf8                HAL_RCC_GetPCLK1Freq
 .text.HAL_RCC_GetPCLK2Freq
                0x08003d18       0x20 CMakeFiles/audio_processing.elf.dir/Drivers/STM32F4xx_HAL_Driver/Src/stm32f4xx_hal_rcc.c.obj
                0x08003d18                HAL_RCC_GetPCLK2Freq
 .text.HAL_RCCEx_PeriphCLKConfig
                0x08003d38      0x154 CMakeFiles/audio_processing.elf.dir/Drivers/STM32F4xx_HAL_Driver/Src/stm32f4xx_hal_rcc_ex.c.obj
                0x08003d38                HAL_RCCEx_PeriphCLKConfig
 .text.HAL_RCCEx_GetPeriphCLKFreq
                0x08003e8c       0x74 CMakeFiles/audio_processing.elf.dir/Drivers/STM32F4xx_HAL_Driver/Src/stm32f4xx_hal_rcc_ex.c.obj
                0x08003e8c                HAL_RCCEx_GetPeriphCLKFreq
 .text.HAL_SPI_Init
                0x08003f00       0xbe CMakeFiles/audio_processing.elf.dir/Drivers/STM32F4xx_HAL_Driver/Src/stm32f4xx_hal_spi.c.obj
                0x08003f00                HAL_SPI_Init
 *fill*         0x08003fbe        0x2 
 .text.TIM_OC1_SetConfig
                0x08003fc0       0x70 CMakeFiles/audio_processing.elf.dir/Drivers/STM32F4xx_HAL_Driver/Src/stm32f4xx_hal_tim.c.obj
 .text.TIM_OC3_SetConfig
                0x08004030       0x70 CMakeFiles/audio_processing.elf.dir/Drivers/STM32F4xx_HAL_Driver/Src/stm32f4xx_hal_tim.c.obj
 .text.TIM_OC4_SetConfig
                0x080040a0       0x50 CMakeFiles/audio_processing.elf.dir/Drivers/STM32F4xx_HAL_Driver/Src/stm32f4xx_hal_tim.c.obj
 .text.TIM_TI1_ConfigInputStage
                0x080040f0       0x26 CMakeFiles/audio_processing.elf.dir/Drivers/STM32F4xx_HAL_Driver/Src/stm32f4xx_hal_tim.c.obj
 .text.TIM_TI2_ConfigInputStage
                0x08004116       0x28 CMakeFiles/audio_processing.elf.dir/Drivers/STM32F4xx_HAL_Driver/Src/stm32f4xx_hal_tim.c.obj
 .text.TIM_ITRx_SetConfig
                0x0800413e       0x10 CMakeFiles/audio_processing.elf.dir/Drivers/STM32F4xx_HAL_Driver/Src/stm32f4xx_hal_tim.c.obj
 .text.HAL_TIM_PWM_MspInit
                0x0800414e        0x2 CMakeFiles/audio_processing.elf.dir/Drivers/STM32F4xx_HAL_Driver/Src/stm32f4xx_hal_tim.c.obj
                0x0800414e                HAL_TIM_PWM_MspInit
 .text.TIM_Base_SetConfig
                0x08004150       0xc8 CMakeFiles/audio_processing.elf.dir/Drivers/STM32F4xx_HAL_Driver/Src/stm32f4xx_hal_tim.c.obj
                0x08004150                TIM_Base_SetConfig
 .text.HAL_TIM_Base_Init
                0x08004218       0x58 CMakeFiles/audio_processing.elf.dir/Drivers/STM32F4xx_HAL_Driver/Src/stm32f4xx_hal_tim.c.obj
                0x08004218                HAL_TIM_Base_Init
 .text.HAL_TIM_PWM_Init
                0x08004270       0x58 CMakeFiles/audio_processing.elf.dir/Drivers/STM32F4xx_HAL_Driver/Src/stm32f4xx_hal_tim.c.obj
                0x08004270                HAL_TIM_PWM_Init
 .text.TIM_OC2_SetConfig
                0x080042c8       0x70 CMakeFiles/audio_processing.elf.dir/Drivers/STM32F4xx_HAL_Driver/Src/stm32f4xx_hal_tim.c.obj
                0x080042c8                TIM_OC2_SetConfig
 .text.HAL_TIM_PWM_ConfigChannel
                0x08004338       0xdc CMakeFiles/audio_processing.elf.dir/Drivers/STM32F4xx_HAL_Driver/Src/stm32f4xx_hal_tim.c.obj
                0x08004338                HAL_TIM_PWM_ConfigChannel
 .text.TIM_ETR_SetConfig
                0x08004414       0x1a CMakeFiles/audio_processing.elf.dir/Drivers/STM32F4xx_HAL_Driver/Src/stm32f4xx_hal_tim.c.obj
                0x08004414                TIM_ETR_SetConfig
 .text.HAL_TIM_ConfigClockSource
                0x0800442e       0xfe CMakeFiles/audio_processing.elf.dir/Drivers/STM32F4xx_HAL_Driver/Src/stm32f4xx_hal_tim.c.obj
                0x0800442e                HAL_TIM_ConfigClockSource
 .text.TIM_CCxChannelCmd
                0x0800452c       0x1e CMakeFiles/audio_processing.elf.dir/Drivers/STM32F4xx_HAL_Driver/Src/stm32f4xx_hal_tim.c.obj
                0x0800452c                TIM_CCxChannelCmd
 *fill*         0x0800454a        0x2 
 .text.HAL_TIM_PWM_Start
                0x0800454c      0x104 CMakeFiles/audio_processing.elf.dir/Drivers/STM32F4xx_HAL_Driver/Src/stm32f4xx_hal_tim.c.obj
                0x0800454c                HAL_TIM_PWM_Start
 .text.HAL_TIM_PWM_Stop
                0x08004650       0x8c CMakeFiles/audio_processing.elf.dir/Drivers/STM32F4xx_HAL_Driver/Src/stm32f4xx_hal_tim.c.obj
                0x08004650                HAL_TIM_PWM_Stop
 .text.HAL_TIMEx_MasterConfigSynchronization
                0x080046dc       0x8c CMakeFiles/audio_processing.elf.dir/Drivers/STM32F4xx_HAL_Driver/Src/stm32f4xx_hal_tim_ex.c.obj
                0x080046dc                HAL_TIMEx_MasterConfigSynchronization
 .text.UART_EndTxTransfer
                0x08004768       0x20 CMakeFiles/audio_processing.elf.dir/Drivers/STM32F4xx_HAL_Driver/Src/stm32f4xx_hal_uart.c.obj
 .text.UART_EndRxTransfer
                0x08004788       0x5c CMakeFiles/audio_processing.elf.dir/Drivers/STM32F4xx_HAL_Driver/Src/stm32f4xx_hal_uart.c.obj
 .text.UART_Transmit_IT
                0x080047e4       0x60 CMakeFiles/audio_processing.elf.dir/Drivers/STM32F4xx_HAL_Driver/Src/stm32f4xx_hal_uart.c.obj
 .text.UART_SetConfig
                0x08004844      0x110 CMakeFiles/audio_processing.elf.dir/Drivers/STM32F4xx_HAL_Driver/Src/stm32f4xx_hal_uart.c.obj
 .text.HAL_UART_Init
                0x08004954       0x5e CMakeFiles/audio_processing.elf.dir/Drivers/STM32F4xx_HAL_Driver/Src/stm32f4xx_hal_uart.c.obj
                0x08004954                HAL_UART_Init
 *fill*         0x080049b2        0x2 
 .text.HAL_UART_Transmit_DMA
                0x080049b4       0x9c CMakeFiles/audio_processing.elf.dir/Drivers/STM32F4xx_HAL_Driver/Src/stm32f4xx_hal_uart.c.obj
                0x080049b4                HAL_UART_Transmit_DMA
 .text.UART_DMATransmitCplt
                0x08004a50       0x4c CMakeFiles/audio_processing.elf.dir/Drivers/STM32F4xx_HAL_Driver/Src/stm32f4xx_hal_uart.c.obj
 .text.UART_EndTransmit_IT
                0x08004a9c       0x1a CMakeFiles/audio_processing.elf.dir/Drivers/STM32F4xx_HAL_Driver/Src/stm32f4xx_hal_uart.c.obj
 .text.HAL_UART_TxHalfCpltCallback
                0x08004ab6        0x2 CMakeFiles/audio_processing.elf.dir/Drivers/STM32F4xx_HAL_Driver/Src/stm32f4xx_hal_uart.c.obj
                0x08004ab6                HAL_UART_TxHalfCpltCallback
 .text.UART_DMATxHalfCplt
                0x08004ab8        0xa CMakeFiles/audio_processing.elf.dir/Drivers/STM32F4xx_HAL_Driver/Src/stm32f4xx_hal_uart.c.obj
 .text.HAL_UART_RxHalfCpltCallback
                0x08004ac2        0x2 CMakeFiles/audio_processing.elf.dir/Drivers/STM32F4xx_HAL_Driver/Src/stm32f4xx_hal_uart.c.obj
                0x08004ac2                HAL_UART_RxHalfCpltCallback
 .text.HAL_UART_ErrorCallback
                0x08004ac4        0x2 CMakeFiles/audio_processing.elf.dir/Drivers/STM32F4xx_HAL_Driver/Src/stm32f4xx_hal_uart.c.obj
                0x08004ac4                HAL_UART_ErrorCallback
 .text.UART_DMAError
                0x08004ac6       0x58 CMakeFiles/audio_processing.elf.dir/Drivers/STM32F4xx_HAL_Driver/Src/stm32f4xx_hal_uart.c.obj
 .text.UART_DMAAbortOnError
                0x08004b1e       0x10 CMakeFiles/audio_processing.elf.dir/Drivers/STM32F4xx_HAL_Driver/Src/stm32f4xx_hal_uart.c.obj
 .text.HAL_UARTEx_RxEventCallback
                0x08004b2e        0x2 CMakeFiles/audio_processing.elf.dir/Drivers/STM32F4xx_HAL_Driver/Src/stm32f4xx_hal_uart.c.obj
                0x08004b2e                HAL_UARTEx_RxEventCallback
 .text.UART_Receive_IT
                0x08004b30       0xe2 CMakeFiles/audio_processing.elf.dir/Drivers/STM32F4xx_HAL_Driver/Src/stm32f4xx_hal_uart.c.obj
 *fill*         0x08004c12        0x2 
 .text.HAL_UART_IRQHandler
                0x08004c14      0x280 CMakeFiles/audio_processing.elf.dir/Drivers/STM32F4xx_HAL_Driver/Src/stm32f4xx_hal_uart.c.obj
                0x08004c14                HAL_UART_IRQHandler
 .text.UART_DMARxHalfCplt
                0x08004e94       0x1a CMakeFiles/audio_processing.elf.dir/Drivers/STM32F4xx_HAL_Driver/Src/stm32f4xx_hal_uart.c.obj
 .text.UART_DMAReceiveCplt
                0x08004eae       0x96 CMakeFiles/audio_processing.elf.dir/Drivers/STM32F4xx_HAL_Driver/Src/stm32f4xx_hal_uart.c.obj
 .text.UART_Start_Receive_DMA
                0x08004f44       0xa8 CMakeFiles/audio_processing.elf.dir/Drivers/STM32F4xx_HAL_Driver/Src/stm32f4xx_hal_uart.c.obj
                0x08004f44                UART_Start_Receive_DMA
 .text.HAL_UART_Receive_DMA
                0x08004fec       0x38 CMakeFiles/audio_processing.elf.dir/Drivers/STM32F4xx_HAL_Driver/Src/stm32f4xx_hal_uart.c.obj
                0x08004fec                HAL_UART_Receive_DMA
 .text.USB_CoreReset
                0x08005024       0x50 CMakeFiles/audio_processing.elf.dir/Drivers/STM32F4xx_HAL_Driver/Src/stm32f4xx_ll_usb.c.obj
 .text.USB_CoreInit
                0x08005074       0x8a CMakeFiles/audio_processing.elf.dir/Drivers/STM32F4xx_HAL_Driver/Src/stm32f4xx_ll_usb.c.obj
                0x08005074                USB_CoreInit
 .text.USB_DisableGlobalInt
                0x080050fe        0xc CMakeFiles/audio_processing.elf.dir/Drivers/STM32F4xx_HAL_Driver/Src/stm32f4xx_ll_usb.c.obj
                0x080050fe                USB_DisableGlobalInt
 *fill*         0x0800510a        0x2 
 .text.USB_FlushTxFifo
                0x0800510c       0x50 CMakeFiles/audio_processing.elf.dir/Drivers/STM32F4xx_HAL_Driver/Src/stm32f4xx_ll_usb.c.obj
                0x0800510c                USB_FlushTxFifo
 .text.USB_FlushRxFifo
                0x0800515c       0x4c CMakeFiles/audio_processing.elf.dir/Drivers/STM32F4xx_HAL_Driver/Src/stm32f4xx_ll_usb.c.obj
                0x0800515c                USB_FlushRxFifo
 .text.USB_SetDevSpeed
                0x080051a8        0xe CMakeFiles/audio_processing.elf.dir/Drivers/STM32F4xx_HAL_Driver/Src/stm32f4xx_ll_usb.c.obj
                0x080051a8                USB_SetDevSpeed
 *fill*         0x080051b6        0x2 
 .text.USB_DevInit
                0x080051b8      0x190 CMakeFiles/audio_processing.elf.dir/Drivers/STM32F4xx_HAL_Driver/Src/stm32f4xx_ll_usb.c.obj
                0x080051b8                USB_DevInit
 .text.USB_DevDisconnect
                0x08005348       0x1c CMakeFiles/audio_processing.elf.dir/Drivers/STM32F4xx_HAL_Driver/Src/stm32f4xx_ll_usb.c.obj
                0x08005348                USB_DevDisconnect
 .text.USB_GetMode
                0x08005364        0x8 CMakeFiles/audio_processing.elf.dir/Drivers/STM32F4xx_HAL_Driver/Src/stm32f4xx_ll_usb.c.obj
                0x08005364                USB_GetMode
 .text.USB_SetCurrentMode
                0x0800536c       0x62 CMakeFiles/audio_processing.elf.dir/Drivers/STM32F4xx_HAL_Driver/Src/stm32f4xx_ll_usb.c.obj
                0x0800536c                USB_SetCurrentMode
 *fill*         0x080053ce        0x2 
 .text.MX_PDM2PCM_Init
                0x080053d0       0x3c CMakeFiles/audio_processing.elf.dir/PDM2PCM/App/pdm2pcm.c.obj
                0x080053d0                MX_PDM2PCM_Init
 .text.audiod_get_AS_interface_index
                0x0800540c       0x54 CMakeFiles/audio_processing.elf.dir/tinyusb/src/class/audio/audio_device.c.obj
 .text.audiod_get_AS_interface_index_global
                0x08005460       0x3c CMakeFiles/audio_processing.elf.dir/tinyusb/src/class/audio/audio_device.c.obj
 .text.audiod_verify_entity_exists
                0x0800549c       0x5c CMakeFiles/audio_processing.elf.dir/tinyusb/src/class/audio/audio_device.c.obj
 .text.audiod_verify_itf_exists
                0x080054f8       0x54 CMakeFiles/audio_processing.elf.dir/tinyusb/src/class/audio/audio_device.c.obj
 .text.audiod_verify_ep_exists
                0x0800554c       0x58 CMakeFiles/audio_processing.elf.dir/tinyusb/src/class/audio/audio_device.c.obj
 .text.audiod_control_complete
                0x080055a4       0xe4 CMakeFiles/audio_processing.elf.dir/tinyusb/src/class/audio/audio_device.c.obj
 .text.audiod_get_audio_fct_idx
                0x08005688       0x24 CMakeFiles/audio_processing.elf.dir/tinyusb/src/class/audio/audio_device.c.obj
 .text.audiod_get_interface
                0x080056ac       0x4c CMakeFiles/audio_processing.elf.dir/tinyusb/src/class/audio/audio_device.c.obj
 .text.audiod_tx_done_cb
                0x080056f8       0x98 CMakeFiles/audio_processing.elf.dir/tinyusb/src/class/audio/audio_device.c.obj
 .text.audiod_set_interface
                0x08005790      0x1a8 CMakeFiles/audio_processing.elf.dir/tinyusb/src/class/audio/audio_device.c.obj
 .text.audiod_control_request
                0x08005938      0x120 CMakeFiles/audio_processing.elf.dir/tinyusb/src/class/audio/audio_device.c.obj
 .text.tud_audio_n_write
                0x08005a58       0x30 CMakeFiles/audio_processing.elf.dir/tinyusb/src/class/audio/audio_device.c.obj
                0x08005a58                tud_audio_n_write
 .text.audiod_init
                0x08005a88       0x5c CMakeFiles/audio_processing.elf.dir/tinyusb/src/class/audio/audio_device.c.obj
                0x08005a88                audiod_init
 .text.audiod_reset
                0x08005ae4       0x34 CMakeFiles/audio_processing.elf.dir/tinyusb/src/class/audio/audio_device.c.obj
                0x08005ae4                audiod_reset
 .text.audiod_open
                0x08005b18       0x8c CMakeFiles/audio_processing.elf.dir/tinyusb/src/class/audio/audio_device.c.obj
                0x08005b18                audiod_open
 .text.audiod_control_xfer_cb
                0x08005ba4       0x1e CMakeFiles/audio_processing.elf.dir/tinyusb/src/class/audio/audio_device.c.obj
                0x08005ba4                audiod_control_xfer_cb
 *fill*         0x08005bc2        0x2 
 .text.audiod_xfer_cb
                0x08005bc4       0x38 CMakeFiles/audio_processing.elf.dir/tinyusb/src/class/audio/audio_device.c.obj
                0x08005bc4                audiod_xfer_cb
 .text.audiod_sof_isr
                0x08005bfc        0x2 CMakeFiles/audio_processing.elf.dir/tinyusb/src/class/audio/audio_device.c.obj
                0x08005bfc                audiod_sof_isr
 *fill*         0x08005bfe        0x2 
 .text.tud_audio_buffer_and_schedule_control_xfer
                0x08005c00       0xcc CMakeFiles/audio_processing.elf.dir/tinyusb/src/class/audio/audio_device.c.obj
                0x08005c00                tud_audio_buffer_and_schedule_control_xfer
 .text.advance_index
                0x08005ccc       0x1a CMakeFiles/audio_processing.elf.dir/tinyusb/src/common/tusb_fifo.c.obj
 .text._tu_fifo_peek
                0x08005ce6       0x62 CMakeFiles/audio_processing.elf.dir/tinyusb/src/common/tusb_fifo.c.obj
 .text._ff_pull_const_addr
                0x08005d48       0x34 CMakeFiles/audio_processing.elf.dir/tinyusb/src/common/tusb_fifo.c.obj
 .text._ff_pull_n
                0x08005d7c       0xfc CMakeFiles/audio_processing.elf.dir/tinyusb/src/common/tusb_fifo.c.obj
 .text._tu_fifo_peek_n
                0x08005e78       0x6a CMakeFiles/audio_processing.elf.dir/tinyusb/src/common/tusb_fifo.c.obj
 .text._tu_fifo_read_n
                0x08005ee2       0x30 CMakeFiles/audio_processing.elf.dir/tinyusb/src/common/tusb_fifo.c.obj
 .text._ff_push_const_addr
                0x08005f12       0x2e CMakeFiles/audio_processing.elf.dir/tinyusb/src/common/tusb_fifo.c.obj
 .text._ff_push_n
                0x08005f40       0xf8 CMakeFiles/audio_processing.elf.dir/tinyusb/src/common/tusb_fifo.c.obj
 .text._tu_fifo_write_n
                0x08006038       0xce CMakeFiles/audio_processing.elf.dir/tinyusb/src/common/tusb_fifo.c.obj
 .text.tu_fifo_config
                0x08006106       0x2c CMakeFiles/audio_processing.elf.dir/tinyusb/src/common/tusb_fifo.c.obj
                0x08006106                tu_fifo_config
 .text.tu_fifo_count
                0x08006132       0x28 CMakeFiles/audio_processing.elf.dir/tinyusb/src/common/tusb_fifo.c.obj
                0x08006132                tu_fifo_count
 .text.tu_fifo_full
                0x0800615a       0x28 CMakeFiles/audio_processing.elf.dir/tinyusb/src/common/tusb_fifo.c.obj
                0x0800615a                tu_fifo_full
 .text.tu_fifo_read
                0x08006182       0x24 CMakeFiles/audio_processing.elf.dir/tinyusb/src/common/tusb_fifo.c.obj
                0x08006182                tu_fifo_read
 .text.tu_fifo_read_n_const_addr_full_words
                0x080061a6        0xa CMakeFiles/audio_processing.elf.dir/tinyusb/src/common/tusb_fifo.c.obj
                0x080061a6                tu_fifo_read_n_const_addr_full_words
 .text.tu_fifo_write
                0x080061b0       0x46 CMakeFiles/audio_processing.elf.dir/tinyusb/src/common/tusb_fifo.c.obj
                0x080061b0                tu_fifo_write
 .text.tu_fifo_write_n
                0x080061f6        0xa CMakeFiles/audio_processing.elf.dir/tinyusb/src/common/tusb_fifo.c.obj
                0x080061f6                tu_fifo_write_n
 .text.tu_fifo_write_n_const_addr_full_words
                0x08006200        0xa CMakeFiles/audio_processing.elf.dir/tinyusb/src/common/tusb_fifo.c.obj
                0x08006200                tu_fifo_write_n_const_addr_full_words
 .text.tu_fifo_clear
                0x0800620a        0xa CMakeFiles/audio_processing.elf.dir/tinyusb/src/common/tusb_fifo.c.obj
                0x0800620a                tu_fifo_clear
 .text.configuration_reset
                0x08006214       0x8c CMakeFiles/audio_processing.elf.dir/tinyusb/src/device/usbd.c.obj
 .text.usbd_reset
                0x080062a0        0xc CMakeFiles/audio_processing.elf.dir/tinyusb/src/device/usbd.c.obj
 .text.invoke_class_control
                0x080062ac       0x1a CMakeFiles/audio_processing.elf.dir/tinyusb/src/device/usbd.c.obj
 *fill*         0x080062c6        0x2 
 .text.process_set_config
                0x080062c8      0x160 CMakeFiles/audio_processing.elf.dir/tinyusb/src/device/usbd.c.obj
 .text.process_get_descriptor
                0x08006428       0xf0 CMakeFiles/audio_processing.elf.dir/tinyusb/src/device/usbd.c.obj
 .text.usbd_int_set
                0x08006518       0x1c CMakeFiles/audio_processing.elf.dir/tinyusb/src/device/usbd.c.obj
                0x08006518                usbd_int_set
 .text.tud_inited
                0x08006534       0x10 CMakeFiles/audio_processing.elf.dir/tinyusb/src/device/usbd.c.obj
                0x08006534                tud_inited
 .text.tud_init
                0x08006544       0xb0 CMakeFiles/audio_processing.elf.dir/tinyusb/src/device/usbd.c.obj
                0x08006544                tud_init
 .text.dcd_event_handler
                0x080065f4      0x1ec CMakeFiles/audio_processing.elf.dir/tinyusb/src/device/usbd.c.obj
                0x080065f4                dcd_event_handler
 .text.usbd_edpt_open
                0x080067e0       0x58 CMakeFiles/audio_processing.elf.dir/tinyusb/src/device/usbd.c.obj
                0x080067e0                usbd_edpt_open
 .text.usbd_edpt_xfer
                0x08006838       0x7c CMakeFiles/audio_processing.elf.dir/tinyusb/src/device/usbd.c.obj
                0x08006838                usbd_edpt_xfer
 .text.usbd_edpt_xfer_fifo
                0x080068b4       0x7c CMakeFiles/audio_processing.elf.dir/tinyusb/src/device/usbd.c.obj
                0x080068b4                usbd_edpt_xfer_fifo
 .text.usbd_edpt_stall
                0x08006930       0x48 CMakeFiles/audio_processing.elf.dir/tinyusb/src/device/usbd.c.obj
                0x08006930                usbd_edpt_stall
 .text.usbd_edpt_clear_stall
                0x08006978       0x48 CMakeFiles/audio_processing.elf.dir/tinyusb/src/device/usbd.c.obj
                0x08006978                usbd_edpt_clear_stall
 .text.usbd_edpt_stalled
                0x080069c0       0x1c CMakeFiles/audio_processing.elf.dir/tinyusb/src/device/usbd.c.obj
                0x080069c0                usbd_edpt_stalled
 .text.process_control_request
                0x080069dc      0x3ec CMakeFiles/audio_processing.elf.dir/tinyusb/src/device/usbd.c.obj
 .text.tud_task_ext
                0x08006dc8      0x1e8 CMakeFiles/audio_processing.elf.dir/tinyusb/src/device/usbd.c.obj
                0x08006dc8                tud_task_ext
 .text.usbd_edpt_close
                0x08006fb0       0x54 CMakeFiles/audio_processing.elf.dir/tinyusb/src/device/usbd.c.obj
                0x08006fb0                usbd_edpt_close
 .text._data_stage_xact
                0x08007004       0x5c CMakeFiles/audio_processing.elf.dir/tinyusb/src/device/usbd_control.c.obj
 .text.tud_control_status
                0x08007060       0x34 CMakeFiles/audio_processing.elf.dir/tinyusb/src/device/usbd_control.c.obj
                0x08007060                tud_control_status
 .text.tud_control_xfer
                0x08007094       0x90 CMakeFiles/audio_processing.elf.dir/tinyusb/src/device/usbd_control.c.obj
                0x08007094                tud_control_xfer
 .text.usbd_control_reset
                0x08007124       0x14 CMakeFiles/audio_processing.elf.dir/tinyusb/src/device/usbd_control.c.obj
                0x08007124                usbd_control_reset
 .text.usbd_control_set_complete_callback
                0x08007138        0xc CMakeFiles/audio_processing.elf.dir/tinyusb/src/device/usbd_control.c.obj
                0x08007138                usbd_control_set_complete_callback
 .text.usbd_control_set_request
                0x08007144       0x1c CMakeFiles/audio_processing.elf.dir/tinyusb/src/device/usbd_control.c.obj
                0x08007144                usbd_control_set_request
 .text.usbd_control_xfer_cb
                0x08007160       0xfc CMakeFiles/audio_processing.elf.dir/tinyusb/src/device/usbd_control.c.obj
                0x08007160                usbd_control_xfer_cb
 .text.update_grxfsiz
                0x0800725c       0x44 CMakeFiles/audio_processing.elf.dir/tinyusb/src/portable/synopsys/dwc2/dcd_dwc2.c.obj
 .text.edpt_schedule_packets
                0x080072a0      0x114 CMakeFiles/audio_processing.elf.dir/tinyusb/src/portable/synopsys/dwc2/dcd_dwc2.c.obj
 .text.reset_core
                0x080073b4       0x18 CMakeFiles/audio_processing.elf.dir/tinyusb/src/portable/synopsys/dwc2/dcd_dwc2.c.obj
 .text.phy_hs_supported
                0x080073cc        0x4 CMakeFiles/audio_processing.elf.dir/tinyusb/src/portable/synopsys/dwc2/dcd_dwc2.c.obj
 .text.phy_hs_init
                0x080073d0      0x130 CMakeFiles/audio_processing.elf.dir/tinyusb/src/portable/synopsys/dwc2/dcd_dwc2.c.obj
 .text.check_dwc2
                0x08007500       0x44 CMakeFiles/audio_processing.elf.dir/tinyusb/src/portable/synopsys/dwc2/dcd_dwc2.c.obj
 .text.dcd_edpt_disable
                0x08007544       0xf8 CMakeFiles/audio_processing.elf.dir/tinyusb/src/portable/synopsys/dwc2/dcd_dwc2.c.obj
 .text.read_fifo_packet
                0x0800763c       0x50 CMakeFiles/audio_processing.elf.dir/tinyusb/src/portable/synopsys/dwc2/dcd_dwc2.c.obj
 .text.write_fifo_packet
                0x0800768c       0x54 CMakeFiles/audio_processing.elf.dir/tinyusb/src/portable/synopsys/dwc2/dcd_dwc2.c.obj
 .text.bus_reset
                0x080076e0       0xb8 CMakeFiles/audio_processing.elf.dir/tinyusb/src/portable/synopsys/dwc2/dcd_dwc2.c.obj
 .text.handle_epout_irq
                0x08007798       0xfc CMakeFiles/audio_processing.elf.dir/tinyusb/src/portable/synopsys/dwc2/dcd_dwc2.c.obj
 .text.handle_rxflvl_irq
                0x08007894      0x118 CMakeFiles/audio_processing.elf.dir/tinyusb/src/portable/synopsys/dwc2/dcd_dwc2.c.obj
 .text.handle_epin_irq
                0x080079ac      0x150 CMakeFiles/audio_processing.elf.dir/tinyusb/src/portable/synopsys/dwc2/dcd_dwc2.c.obj
 .text.phy_fs_init
                0x08007afc       0xcc CMakeFiles/audio_processing.elf.dir/tinyusb/src/portable/synopsys/dwc2/dcd_dwc2.c.obj
 .text.dcd_int_enable
                0x08007bc8       0x2c CMakeFiles/audio_processing.elf.dir/tinyusb/src/portable/synopsys/dwc2/dcd_dwc2.c.obj
                0x08007bc8                dcd_int_enable
 .text.dcd_int_disable
                0x08007bf4       0x34 CMakeFiles/audio_processing.elf.dir/tinyusb/src/portable/synopsys/dwc2/dcd_dwc2.c.obj
                0x08007bf4                dcd_int_disable
 .text.dcd_connect
                0x08007c28       0x18 CMakeFiles/audio_processing.elf.dir/tinyusb/src/portable/synopsys/dwc2/dcd_dwc2.c.obj
                0x08007c28                dcd_connect
 .text.dcd_disconnect
                0x08007c40       0x18 CMakeFiles/audio_processing.elf.dir/tinyusb/src/portable/synopsys/dwc2/dcd_dwc2.c.obj
                0x08007c40                dcd_disconnect
 .text.dcd_init
                0x08007c58       0x98 CMakeFiles/audio_processing.elf.dir/tinyusb/src/portable/synopsys/dwc2/dcd_dwc2.c.obj
                0x08007c58                dcd_init
 .text.dcd_edpt_open
                0x08007cf0      0x17c CMakeFiles/audio_processing.elf.dir/tinyusb/src/portable/synopsys/dwc2/dcd_dwc2.c.obj
                0x08007cf0                dcd_edpt_open
 .text.dcd_edpt_close_all
                0x08007e6c       0x58 CMakeFiles/audio_processing.elf.dir/tinyusb/src/portable/synopsys/dwc2/dcd_dwc2.c.obj
                0x08007e6c                dcd_edpt_close_all
 .text.dcd_edpt_xfer
                0x08007ec4       0x7c CMakeFiles/audio_processing.elf.dir/tinyusb/src/portable/synopsys/dwc2/dcd_dwc2.c.obj
                0x08007ec4                dcd_edpt_xfer
 .text.dcd_set_address
                0x08007f40       0x28 CMakeFiles/audio_processing.elf.dir/tinyusb/src/portable/synopsys/dwc2/dcd_dwc2.c.obj
                0x08007f40                dcd_set_address
 .text.dcd_edpt_xfer_fifo
                0x08007f68       0x74 CMakeFiles/audio_processing.elf.dir/tinyusb/src/portable/synopsys/dwc2/dcd_dwc2.c.obj
                0x08007f68                dcd_edpt_xfer_fifo
 .text.dcd_edpt_close
                0x08007fdc       0x7c CMakeFiles/audio_processing.elf.dir/tinyusb/src/portable/synopsys/dwc2/dcd_dwc2.c.obj
                0x08007fdc                dcd_edpt_close
 .text.dcd_edpt_stall
                0x08008058        0xa CMakeFiles/audio_processing.elf.dir/tinyusb/src/portable/synopsys/dwc2/dcd_dwc2.c.obj
                0x08008058                dcd_edpt_stall
 *fill*         0x08008062        0x2 
 .text.dcd_edpt_clear_stall
                0x08008064       0x40 CMakeFiles/audio_processing.elf.dir/tinyusb/src/portable/synopsys/dwc2/dcd_dwc2.c.obj
                0x08008064                dcd_edpt_clear_stall
 .text.dcd_int_handler
                0x080080a4      0x1a4 CMakeFiles/audio_processing.elf.dir/tinyusb/src/portable/synopsys/dwc2/dcd_dwc2.c.obj
                0x080080a4                dcd_int_handler
 .text.tu_edpt_validate
                0x08008248       0xac CMakeFiles/audio_processing.elf.dir/tinyusb/src/tusb.c.obj
                0x08008248                tu_edpt_validate
 .text.tu_edpt_bind_driver
                0x080082f4       0x4a CMakeFiles/audio_processing.elf.dir/tinyusb/src/tusb.c.obj
                0x080082f4                tu_edpt_bind_driver
 *fill*         0x0800833e        0x2 
 .text.D16_GENERIC
                0x08008340      0x120 D:\hands_on\embedded_c\audio_processing\Middlewares\ST\STM32_Audio\Addons\PDM\Lib\libPDMFilter_CM4_GCC_wc32.a(pdm_filter.o)
 .text.D24_GENERIC
                0x08008460      0x190 D:\hands_on\embedded_c\audio_processing\Middlewares\ST\STM32_Audio\Addons\PDM\Lib\libPDMFilter_CM4_GCC_wc32.a(pdm_filter.o)
 .text.D32_GENERIC
                0x080085f0      0x198 D:\hands_on\embedded_c\audio_processing\Middlewares\ST\STM32_Audio\Addons\PDM\Lib\libPDMFilter_CM4_GCC_wc32.a(pdm_filter.o)
 .text.D48_GENERIC
                0x08008788      0x1ec D:\hands_on\embedded_c\audio_processing\Middlewares\ST\STM32_Audio\Addons\PDM\Lib\libPDMFilter_CM4_GCC_wc32.a(pdm_filter.o)
 .text.D64_GENERIC
                0x08008974      0x220 D:\hands_on\embedded_c\audio_processing\Middlewares\ST\STM32_Audio\Addons\PDM\Lib\libPDMFilter_CM4_GCC_wc32.a(pdm_filter.o)
 .text.D80_GENERIC
                0x08008b94      0x2a0 D:\hands_on\embedded_c\audio_processing\Middlewares\ST\STM32_Audio\Addons\PDM\Lib\libPDMFilter_CM4_GCC_wc32.a(pdm_filter.o)
 .text.D128_GENERIC
                0x08008e34      0x3f0 D:\hands_on\embedded_c\audio_processing\Middlewares\ST\STM32_Audio\Addons\PDM\Lib\libPDMFilter_CM4_GCC_wc32.a(pdm_filter.o)
 .text.D16_1CH_HTONS_VOL_HP
                0x08009224       0xe4 D:\hands_on\embedded_c\audio_processing\Middlewares\ST\STM32_Audio\Addons\PDM\Lib\libPDMFilter_CM4_GCC_wc32.a(pdm_filter.o)
 .text.D24_1CH_HTONS_VOL_HP
                0x08009308      0x138 D:\hands_on\embedded_c\audio_processing\Middlewares\ST\STM32_Audio\Addons\PDM\Lib\libPDMFilter_CM4_GCC_wc32.a(pdm_filter.o)
 .text.D32_1CH_HTONS_VOL_HP
                0x08009440      0x144 D:\hands_on\embedded_c\audio_processing\Middlewares\ST\STM32_Audio\Addons\PDM\Lib\libPDMFilter_CM4_GCC_wc32.a(pdm_filter.o)
 .text.D48_1CH_HTONS_VOL_HP
                0x08009584      0x16c D:\hands_on\embedded_c\audio_processing\Middlewares\ST\STM32_Audio\Addons\PDM\Lib\libPDMFilter_CM4_GCC_wc32.a(pdm_filter.o)
 .text.D64_1CH_HTONS_VOL_HP
                0x080096f0      0x1b8 D:\hands_on\embedded_c\audio_processing\Middlewares\ST\STM32_Audio\Addons\PDM\Lib\libPDMFilter_CM4_GCC_wc32.a(pdm_filter.o)
 .text.D80_1CH_HTONS_VOL_HP
                0x080098a8      0x214 D:\hands_on\embedded_c\audio_processing\Middlewares\ST\STM32_Audio\Addons\PDM\Lib\libPDMFilter_CM4_GCC_wc32.a(pdm_filter.o)
 .text.D128_1CH_HTONS_VOL_HP
                0x08009abc      0x324 D:\hands_on\embedded_c\audio_processing\Middlewares\ST\STM32_Audio\Addons\PDM\Lib\libPDMFilter_CM4_GCC_wc32.a(pdm_filter.o)
 .text.PDM_Filter_Init
                0x08009de0      0x114 D:\hands_on\embedded_c\audio_processing\Middlewares\ST\STM32_Audio\Addons\PDM\Lib\libPDMFilter_CM4_GCC_wc32.a(pdm_filter.o)
                0x08009de0                PDM_Filter_Init
 .text.PDM_Filter_setConfig
                0x08009ef4      0x1e4 D:\hands_on\embedded_c\audio_processing\Middlewares\ST\STM32_Audio\Addons\PDM\Lib\libPDMFilter_CM4_GCC_wc32.a(pdm_filter.o)
                0x08009ef4                PDM_Filter_setConfig
 .text.PDM_Filter
                0x0800a0d8       0x38 D:\hands_on\embedded_c\audio_processing\Middlewares\ST\STM32_Audio\Addons\PDM\Lib\libPDMFilter_CM4_GCC_wc32.a(pdm_filter.o)
                0x0800a0d8                PDM_Filter
 .text.CRC_Lock
                0x0800a110       0x7c D:\hands_on\embedded_c\audio_processing\Middlewares\ST\STM32_Audio\Addons\PDM\Lib\libPDMFilter_CM4_GCC_wc32.a(stm32_crc_lock.o)
                0x0800a110                CRC_Lock
 .text.__udivmoddi4
                0x0800a18c      0x2c8 c:/msys64/mingw64/bin/../lib/gcc/arm-none-eabi/11.3.1/thumb/v7e-m+fp/hard\libgcc.a(_udivmoddi4.o)
                0x0800a18c                __udivmoddi4
 .text.memset   0x0800a454       0xa4 c:/msys64/mingw64/bin/../lib/gcc/arm-none-eabi/11.3.1/thumb/v7e-m+fp/hard\libg.a(libc_a-memset.o)
                0x0800a454                memset
 .text.__errno  0x0800a4f8        0xc c:/msys64/mingw64/bin/../lib/gcc/arm-none-eabi/11.3.1/thumb/v7e-m+fp/hard\libg.a(libc_a-errno.o)
                0x0800a4f8                __errno
 .text.__libc_init_array
                0x0800a504       0x48 c:/msys64/mingw64/bin/../lib/gcc/arm-none-eabi/11.3.1/thumb/v7e-m+fp/hard\libg.a(libc_a-init.o)
                0x0800a504                __libc_init_array
 .text.__retarget_lock_acquire_recursive
                0x0800a54c        0x4 c:/msys64/mingw64/bin/../lib/gcc/arm-none-eabi/11.3.1/thumb/v7e-m+fp/hard\libg.a(libc_a-lock.o)
                0x0800a54c                __retarget_lock_acquire_recursive
 .text.__retarget_lock_release_recursive
                0x0800a550        0x4 c:/msys64/mingw64/bin/../lib/gcc/arm-none-eabi/11.3.1/thumb/v7e-m+fp/hard\libg.a(libc_a-lock.o)
                0x0800a550                __retarget_lock_release_recursive
 .text.strcpy   0x0800a554       0xbc c:/msys64/mingw64/bin/../lib/gcc/arm-none-eabi/11.3.1/thumb/v7e-m+fp/hard\libg.a(libc_a-strcpy.o)
                0x0800a554                strcpy
 .text.startup.register_fini
                0x0800a610       0x14 c:/msys64/mingw64/bin/../lib/gcc/arm-none-eabi/11.3.1/thumb/v7e-m+fp/hard\libg.a(libc_a-__call_atexit.o)
 .text.atexit   0x0800a624        0xc c:/msys64/mingw64/bin/../lib/gcc/arm-none-eabi/11.3.1/thumb/v7e-m+fp/hard\libg.a(libc_a-atexit.o)
                0x0800a624                atexit
 .text.__libc_fini_array
                0x0800a630       0x28 c:/msys64/mingw64/bin/../lib/gcc/arm-none-eabi/11.3.1/thumb/v7e-m+fp/hard\libg.a(libc_a-fini.o)
                0x0800a630                __libc_fini_array
 .text.__register_exitproc
                0x0800a658       0x88 c:/msys64/mingw64/bin/../lib/gcc/arm-none-eabi/11.3.1/thumb/v7e-m+fp/hard\libg.a(libc_a-__atexit.o)
                0x0800a658                __register_exitproc
 .text.powf     0x0800a6e0       0xbc c:/msys64/mingw64/bin/../lib/gcc/arm-none-eabi/11.3.1/thumb/v7e-m+fp/hard\libm.a(libm_a-wf_pow.o)
                0x0800a6e0                powf
 .text.cosf     0x0800a79c       0x70 c:/msys64/mingw64/bin/../lib/gcc/arm-none-eabi/11.3.1/thumb/v7e-m+fp/hard\libm.a(libm_a-sf_cos.o)
                0x0800a79c                cosf
 .text.finitef  0x0800a80c       0x1c c:/msys64/mingw64/bin/../lib/gcc/arm-none-eabi/11.3.1/thumb/v7e-m+fp/hard\libm.a(libm_a-sf_finite.o)
                0x0800a80c                finitef
 .text.roundf   0x0800a828       0x4c c:/msys64/mingw64/bin/../lib/gcc/arm-none-eabi/11.3.1/thumb/v7e-m+fp/hard\libm.a(libm_a-sf_round.o)
                0x0800a828                roundf
 .text.__kernel_cosf
                0x0800a874      0x104 c:/msys64/mingw64/bin/../lib/gcc/arm-none-eabi/11.3.1/thumb/v7e-m+fp/hard\libm.a(libm_a-kf_cos.o)
                0x0800a874                __kernel_cosf
 .text.__kernel_sinf
                0x0800a978       0x90 c:/msys64/mingw64/bin/../lib/gcc/arm-none-eabi/11.3.1/thumb/v7e-m+fp/hard\libm.a(libm_a-kf_sin.o)
                0x0800a978                __kernel_sinf
 .text.__ieee754_powf
                0x0800aa08      0x684 c:/msys64/mingw64/bin/../lib/gcc/arm-none-eabi/11.3.1/thumb/v7e-m+fp/hard\libm.a(libm_a-ef_pow.o)
                0x0800aa08                __ieee754_powf
 .text.__ieee754_rem_pio2f
                0x0800b08c      0x260 c:/msys64/mingw64/bin/../lib/gcc/arm-none-eabi/11.3.1/thumb/v7e-m+fp/hard\libm.a(libm_a-ef_rem_pio2.o)
                0x0800b08c                __ieee754_rem_pio2f
 .text.fabsf    0x0800b2ec       0x10 c:/msys64/mingw64/bin/../lib/gcc/arm-none-eabi/11.3.1/thumb/v7e-m+fp/hard\libm.a(libm_a-sf_fabs.o)
                0x0800b2ec                fabsf
 .text.scalbnf  0x0800b2fc       0xe8 c:/msys64/mingw64/bin/../lib/gcc/arm-none-eabi/11.3.1/thumb/v7e-m+fp/hard\libm.a(libm_a-sf_scalbn.o)
                0x0800b2fc                scalbnf
 .text.with_errnof
                0x0800b3e4       0x18 c:/msys64/mingw64/bin/../lib/gcc/arm-none-eabi/11.3.1/thumb/v7e-m+fp/hard\libm.a(libm_a-math_errf.o)
 .text.xflowf   0x0800b3fc       0x20 c:/msys64/mingw64/bin/../lib/gcc/arm-none-eabi/11.3.1/thumb/v7e-m+fp/hard\libm.a(libm_a-math_errf.o)
 .text.__math_uflowf
                0x0800b41c        0xc c:/msys64/mingw64/bin/../lib/gcc/arm-none-eabi/11.3.1/thumb/v7e-m+fp/hard\libm.a(libm_a-math_errf.o)
                0x0800b41c                __math_uflowf
 .text.__math_oflowf
                0x0800b428        0xc c:/msys64/mingw64/bin/../lib/gcc/arm-none-eabi/11.3.1/thumb/v7e-m+fp/hard\libm.a(libm_a-math_errf.o)
                0x0800b428                __math_oflowf
 .text.__ieee754_sqrtf
                0x0800b434        0x8 c:/msys64/mingw64/bin/../lib/gcc/arm-none-eabi/11.3.1/thumb/v7e-m+fp/hard\libm.a(libm_a-ef_sqrt.o)
                0x0800b434                __ieee754_sqrtf
 .text.__kernel_rem_pio2f
                0x0800b43c      0x658 c:/msys64/mingw64/bin/../lib/gcc/arm-none-eabi/11.3.1/thumb/v7e-m+fp/hard\libm.a(libm_a-kf_rem_pio2.o)
                0x0800b43c                __kernel_rem_pio2f
 .text.floorf   0x0800ba94       0x90 c:/msys64/mingw64/bin/../lib/gcc/arm-none-eabi/11.3.1/thumb/v7e-m+fp/hard\libm.a(libm_a-sf_floor.o)
                0x0800ba94                floorf
 *(.glue_7)
 .glue_7        0x0800bb24        0x0 linker stubs
 *(.glue_7t)
 .glue_7t       0x0800bb24        0x0 linker stubs
 *(.eh_frame)
 .eh_frame      0x0800bb24        0x0 c:/msys64/mingw64/bin/../lib/gcc/arm-none-eabi/11.3.1/thumb/v7e-m+fp/hard/crtbegin.o
 *(.init)
 .init          0x0800bb24        0x4 c:/msys64/mingw64/bin/../lib/gcc/arm-none-eabi/11.3.1/thumb/v7e-m+fp/hard/crti.o
                0x0800bb24                _init
 .init          0x0800bb28        0x8 c:/msys64/mingw64/bin/../lib/gcc/arm-none-eabi/11.3.1/thumb/v7e-m+fp/hard/crtn.o
 *(.fini)
 .fini          0x0800bb30        0x4 c:/msys64/mingw64/bin/../lib/gcc/arm-none-eabi/11.3.1/thumb/v7e-m+fp/hard/crti.o
                0x0800bb30                _fini
 .fini          0x0800bb34        0x8 c:/msys64/mingw64/bin/../lib/gcc/arm-none-eabi/11.3.1/thumb/v7e-m+fp/hard/crtn.o
                0x0800bb3c                . = ALIGN (0x4)
                0x0800bb3c                _etext = .

.vfp11_veneer   0x0800bb3c        0x0
 .vfp11_veneer  0x0800bb3c        0x0 linker stubs

.v4_bx          0x0800bb3c        0x0
 .v4_bx         0x0800bb3c        0x0 linker stubs

.iplt           0x0800bb3c        0x0
 .iplt          0x0800bb3c        0x0 c:/msys64/mingw64/bin/../lib/gcc/arm-none-eabi/11.3.1/thumb/v7e-m+fp/hard/crtbegin.o

.rodata         0x0800bb3c      0x7f4
                0x0800bb3c                . = ALIGN (0x4)
 *(.rodata)
 .rodata        0x0800bb3c       0x38 D:\hands_on\embedded_c\audio_processing\Middlewares\ST\STM32_Audio\Addons\PDM\Lib\libPDMFilter_CM4_GCC_wc32.a(pdm_filter.o)
 *(.rodata*)
 .rodata.bytesPerSampleAltList
                0x0800bb74        0x2 CMakeFiles/audio_processing.elf.dir/Core/Src/main.c.obj
 *fill*         0x0800bb76        0x2 
 .rodata.sampleRatesList
                0x0800bb78        0xc CMakeFiles/audio_processing.elf.dir/Core/Src/main.c.obj
 .rodata.AHBPrescTable
                0x0800bb84       0x10 CMakeFiles/audio_processing.elf.dir/Core/Src/system_stm32f4xx.c.obj
                0x0800bb84                AHBPrescTable
 .rodata.APBPrescTable
                0x0800bb94        0x8 CMakeFiles/audio_processing.elf.dir/Core/Src/system_stm32f4xx.c.obj
                0x0800bb94                APBPrescTable
 .rodata.clear_reset_terminal.str1.4
                0x0800bb9c        0xd CMakeFiles/audio_processing.elf.dir/Core/Src/usart.c.obj
 *fill*         0x0800bba9        0x3 
 .rodata.request_input.str1.4
                0x0800bbac        0x5 CMakeFiles/audio_processing.elf.dir/Core/Src/usart.c.obj
 *fill*         0x0800bbb1        0x3 
 .rodata.mode_select_loop.str1.4
                0x0800bbb4       0x24 CMakeFiles/audio_processing.elf.dir/Core/Src/usart.c.obj
 .rodata.user_input_control.str1.4
                0x0800bbd8       0x30 CMakeFiles/audio_processing.elf.dir/Core/Src/usart.c.obj
 .rodata.details_message
                0x0800bc08       0x69 CMakeFiles/audio_processing.elf.dir/Core/Src/usart.c.obj
 *fill*         0x0800bc71        0x3 
 .rodata.invalid_input_error_message
                0x0800bc74       0x28 CMakeFiles/audio_processing.elf.dir/Core/Src/usart.c.obj
 .rodata.menu_message
                0x0800bc9c       0x83 CMakeFiles/audio_processing.elf.dir/Core/Src/usart.c.obj
 *fill*         0x0800bd1f        0x1 
 .rodata.mode_message
                0x0800bd20       0xb1 CMakeFiles/audio_processing.elf.dir/Core/Src/usart.c.obj
 *fill*         0x0800bdd1        0x3 
 .rodata.return_main_menu_message
                0x0800bdd4       0x1b CMakeFiles/audio_processing.elf.dir/Core/Src/usart.c.obj
 *fill*         0x0800bdef        0x1 
 .rodata.welcome_message
                0x0800bdf0       0x2a CMakeFiles/audio_processing.elf.dir/Core/Src/usart.c.obj
 *fill*         0x0800be1a        0x2 
 .rodata.tud_descriptor_string_cb.str1.4
                0x0800be1c       0x11 CMakeFiles/audio_processing.elf.dir/Core/Src/usb_descriptors.c.obj
 *fill*         0x0800be2d        0x3 
 .rodata.str1.4
                0x0800be30       0x19 CMakeFiles/audio_processing.elf.dir/Core/Src/usb_descriptors.c.obj
 *fill*         0x0800be49        0x3 
 .rodata.__compound_literal.0
                0x0800be4c        0x2 CMakeFiles/audio_processing.elf.dir/Core/Src/usb_descriptors.c.obj
 *fill*         0x0800be4e        0x2 
 .rodata.desc_configuration
                0x0800be50       0xbb CMakeFiles/audio_processing.elf.dir/Core/Src/usb_descriptors.c.obj
                0x0800be50                desc_configuration
 *fill*         0x0800bf0b        0x1 
 .rodata.desc_device
                0x0800bf0c       0x12 CMakeFiles/audio_processing.elf.dir/Core/Src/usb_descriptors.c.obj
                0x0800bf0c                desc_device
 *fill*         0x0800bf1e        0x2 
 .rodata.flagBitshiftOffset.0
                0x0800bf20        0x8 CMakeFiles/audio_processing.elf.dir/Drivers/STM32F4xx_HAL_Driver/Src/stm32f4xx_hal_dma.c.obj
 .rodata._usbd_driver
                0x0800bf28       0x18 CMakeFiles/audio_processing.elf.dir/tinyusb/src/device/usbd.c.obj
 .rodata._dwc2_controller
                0x0800bf40       0x20 CMakeFiles/audio_processing.elf.dir/tinyusb/src/portable/synopsys/dwc2/dcd_dwc2.c.obj
 .rodata.npio2_hw
                0x0800bf60       0x80 c:/msys64/mingw64/bin/../lib/gcc/arm-none-eabi/11.3.1/thumb/v7e-m+fp/hard\libm.a(libm_a-ef_rem_pio2.o)
 .rodata.two_over_pi
                0x0800bfe0      0x318 c:/msys64/mingw64/bin/../lib/gcc/arm-none-eabi/11.3.1/thumb/v7e-m+fp/hard\libm.a(libm_a-ef_rem_pio2.o)
 .rodata.PIo2   0x0800c2f8       0x2c c:/msys64/mingw64/bin/../lib/gcc/arm-none-eabi/11.3.1/thumb/v7e-m+fp/hard\libm.a(libm_a-kf_rem_pio2.o)
 .rodata.init_jk
                0x0800c324        0xc c:/msys64/mingw64/bin/../lib/gcc/arm-none-eabi/11.3.1/thumb/v7e-m+fp/hard\libm.a(libm_a-kf_rem_pio2.o)
                0x0800c330                . = ALIGN (0x4)

.ARM.extab      0x0800c330        0x0
                0x0800c330                . = ALIGN (0x4)
 *(.ARM.extab* .gnu.linkonce.armextab.*)
                0x0800c330                . = ALIGN (0x4)

.ARM            0x0800c330        0x8
                0x0800c330                . = ALIGN (0x4)
                0x0800c330                __exidx_start = .
 *(.ARM.exidx*)
 .ARM.exidx.text.__udivmoddi4
                0x0800c330        0x8 c:/msys64/mingw64/bin/../lib/gcc/arm-none-eabi/11.3.1/thumb/v7e-m+fp/hard\libgcc.a(_udivmoddi4.o)
                0x0800c338                __exidx_end = .
                0x0800c338                . = ALIGN (0x4)

.rel.dyn        0x0800c338        0x0
 .rel.iplt      0x0800c338        0x0 c:/msys64/mingw64/bin/../lib/gcc/arm-none-eabi/11.3.1/thumb/v7e-m+fp/hard/crtbegin.o

.preinit_array  0x0800c338        0x0
                0x0800c338                . = ALIGN (0x4)
                0x0800c338                PROVIDE (__preinit_array_start = .)
 *(.preinit_array*)
                0x0800c338                PROVIDE (__preinit_array_end = .)
                0x0800c338                . = ALIGN (0x4)

.init_array     0x0800c338        0x8
                0x0800c338                . = ALIGN (0x4)
                0x0800c338                PROVIDE (__init_array_start = .)
 *(SORT_BY_NAME(.init_array.*))
 .init_array.00000
                0x0800c338        0x4 c:/msys64/mingw64/bin/../lib/gcc/arm-none-eabi/11.3.1/thumb/v7e-m+fp/hard\libg.a(libc_a-__call_atexit.o)
 *(.init_array*)
 .init_array    0x0800c33c        0x4 c:/msys64/mingw64/bin/../lib/gcc/arm-none-eabi/11.3.1/thumb/v7e-m+fp/hard/crtbegin.o
                0x0800c340                PROVIDE (__init_array_end = .)
                0x0800c340                . = ALIGN (0x4)

.fini_array     0x0800c340        0x4
                0x0800c340                . = ALIGN (0x4)
                0x0800c340                PROVIDE (__fini_array_start = .)
 *(SORT_BY_NAME(.fini_array.*))
 *(.fini_array*)
 .fini_array    0x0800c340        0x4 c:/msys64/mingw64/bin/../lib/gcc/arm-none-eabi/11.3.1/thumb/v7e-m+fp/hard/crtbegin.o
                0x0800c344                PROVIDE (__fini_array_end = .)
                0x0800c344                . = ALIGN (0x4)
                0x0800c344                _sidata = LOADADDR (.data)

.data           0x20000000      0x578 load address 0x0800c344
                0x20000000                . = ALIGN (0x4)
                0x20000000                _sdata = .
 *(.data)
 .data          0x20000000      0x400 D:\hands_on\embedded_c\audio_processing\Middlewares\ST\STM32_Audio\Addons\PDM\Lib\libPDMFilter_CM4_GCC_wc32.a(pdm_filter.o)
 *(.data*)
 .data.Is_cs43l22_Stop
                0x20000400        0x1 CMakeFiles/audio_processing.elf.dir/Components/cs43l22/cs43l22.c.obj
 *fill*         0x20000401        0x3 
 .data.feed     0x20000404        0x4 CMakeFiles/audio_processing.elf.dir/Core/Src/main.c.obj
                0x20000404                feed
 .data.initVolume
                0x20000408        0x1 CMakeFiles/audio_processing.elf.dir/Core/Src/main.c.obj
                0x20000408                initVolume
 .data.rx_state
                0x20000409        0x1 CMakeFiles/audio_processing.elf.dir/Core/Src/main.c.obj
                0x20000409                rx_state
 *fill*         0x2000040a        0x2 
 .data.I2cxTimeout
                0x2000040c        0x4 CMakeFiles/audio_processing.elf.dir/Core/Src/stm32f4_discovery_bsp.c.obj
                0x2000040c                I2cxTimeout
 .data.SystemCoreClock
                0x20000410        0x4 CMakeFiles/audio_processing.elf.dir/Core/Src/system_stm32f4xx.c.obj
                0x20000410                SystemCoreClock
 .data.mode_list
                0x20000414        0x7 CMakeFiles/audio_processing.elf.dir/Core/Src/usart.c.obj
                0x20000414                mode_list
 *fill*         0x2000041b        0x1 
 .data.string_desc_arr
                0x2000041c       0x14 CMakeFiles/audio_processing.elf.dir/Core/Src/usb_descriptors.c.obj
                0x2000041c                string_desc_arr
 .data.uwTickFreq
                0x20000430        0x1 CMakeFiles/audio_processing.elf.dir/Drivers/STM32F4xx_HAL_Driver/Src/stm32f4xx_hal.c.obj
                0x20000430                uwTickFreq
 *fill*         0x20000431        0x3 
 .data.uwTickPrio
                0x20000434        0x4 CMakeFiles/audio_processing.elf.dir/Drivers/STM32F4xx_HAL_Driver/Src/stm32f4xx_hal.c.obj
                0x20000434                uwTickPrio
 .data._usbd_qdef
                0x20000438       0x10 CMakeFiles/audio_processing.elf.dir/tinyusb/src/device/usbd.c.obj
                0x20000438                _usbd_qdef
 .data._usbd_rhport
                0x20000448        0x1 CMakeFiles/audio_processing.elf.dir/tinyusb/src/device/usbd.c.obj
 *fill*         0x20000449        0x7 
 .data._impure_data
                0x20000450      0x120 c:/msys64/mingw64/bin/../lib/gcc/arm-none-eabi/11.3.1/thumb/v7e-m+fp/hard\libg.a(libc_a-impure.o)
                0x20000450                _impure_data
 .data._impure_ptr
                0x20000570        0x4 c:/msys64/mingw64/bin/../lib/gcc/arm-none-eabi/11.3.1/thumb/v7e-m+fp/hard\libg.a(libc_a-impure.o)
                0x20000570                _impure_ptr
 .data.__atexit_recursive_mutex
                0x20000574        0x4 c:/msys64/mingw64/bin/../lib/gcc/arm-none-eabi/11.3.1/thumb/v7e-m+fp/hard\libg.a(libc_a-__call_atexit.o)
                0x20000574                __atexit_recursive_mutex
 *(.RamFunc)
 *(.RamFunc*)
                0x20000578                . = ALIGN (0x4)
                0x20000578                _edata = .
                0x0800c8bc                _siccmram = LOADADDR (.ccmram)

.tm_clone_table
                0x20000578        0x0 load address 0x0800c8bc
 .tm_clone_table
                0x20000578        0x0 c:/msys64/mingw64/bin/../lib/gcc/arm-none-eabi/11.3.1/thumb/v7e-m+fp/hard/crtbegin.o
 .tm_clone_table
                0x20000578        0x0 c:/msys64/mingw64/bin/../lib/gcc/arm-none-eabi/11.3.1/thumb/v7e-m+fp/hard/crtend.o

.igot.plt       0x20000578        0x0 load address 0x0800c8bc
 .igot.plt      0x20000578        0x0 c:/msys64/mingw64/bin/../lib/gcc/arm-none-eabi/11.3.1/thumb/v7e-m+fp/hard/crtbegin.o

.ccmram         0x10000000        0x0 load address 0x0800c8bc
                0x10000000                . = ALIGN (0x4)
                0x10000000                _sccmram = .
 *(.ccmram)
 *(.ccmram*)
                0x10000000                . = ALIGN (0x4)
                0x10000000                _eccmram = .
                0x10000000                . = ALIGN (0x4)

.bss            0x20000578     0x1714