Archive member included to satisfy reference by file (symbol)

c:/msys64/mingw64/bin/../lib/gcc/arm-none-eabi/11.3.1/thumb/v7e-m/nofp\libgcc.a(_arm_muldf3.o)
                              CMakeFiles/ARMDigitalProcessing.elf.dir/Core/Src/usart.c.obj (__aeabi_dmul)
c:/msys64/mingw64/bin/../lib/gcc/arm-none-eabi/11.3.1/thumb/v7e-m/nofp\libgcc.a(_arm_mulsf3.o)
                              CMakeFiles/ARMDigitalProcessing.elf.dir/Core/Src/usart.c.obj (__aeabi_fmul)
c:/msys64/mingw64/bin/../lib/gcc/arm-none-eabi/11.3.1/thumb/v7e-m/nofp\libgcc.a(_arm_addsubdf3.o)
                              CMakeFiles/ARMDigitalProcessing.elf.dir/Core/Src/usart.c.obj (__aeabi_f2d)
c:/msys64/mingw64/bin/../lib/gcc/arm-none-eabi/11.3.1/thumb/v7e-m/nofp\libgcc.a(_arm_truncdfsf2.o)
                              CMakeFiles/ARMDigitalProcessing.elf.dir/Core/Src/usart.c.obj (__aeabi_d2f)
c:/msys64/mingw64/bin/../lib/gcc/arm-none-eabi/11.3.1/thumb/v7e-m/nofp\libgcc.a(_arm_addsubsf3.o)
                              CMakeFiles/ARMDigitalProcessing.elf.dir/Core/Src/usart.c.obj (__aeabi_fadd)
c:/msys64/mingw64/bin/../lib/gcc/arm-none-eabi/11.3.1/thumb/v7e-m/nofp\libgcc.a(_aeabi_uldivmod.o)
                              CMakeFiles/ARMDigitalProcessing.elf.dir/Drivers/STM32F4xx_HAL_Driver/Src/stm32f4xx_hal_rcc.c.obj (__aeabi_uldivmod)
c:/msys64/mingw64/bin/../lib/gcc/arm-none-eabi/11.3.1/thumb/v7e-m/nofp\libgcc.a(_udivmoddi4.o)
                              c:/msys64/mingw64/bin/../lib/gcc/arm-none-eabi/11.3.1/thumb/v7e-m/nofp\libgcc.a(_aeabi_uldivmod.o) (__udivmoddi4)
c:/msys64/mingw64/bin/../lib/gcc/arm-none-eabi/11.3.1/thumb/v7e-m/nofp\libgcc.a(_dvmd_tls.o)
                              c:/msys64/mingw64/bin/../lib/gcc/arm-none-eabi/11.3.1/thumb/v7e-m/nofp\libgcc.a(_aeabi_uldivmod.o) (__aeabi_ldiv0)
c:/msys64/mingw64/bin/../lib/gcc/arm-none-eabi/11.3.1/thumb/v7e-m/nofp\libg.a(libc_a-exit.o)
                              c:/msys64/mingw64/bin/../lib/gcc/arm-none-eabi/11.3.1/thumb/v7e-m/nofp/crt0.o (exit)
c:/msys64/mingw64/bin/../lib/gcc/arm-none-eabi/11.3.1/thumb/v7e-m/nofp\libg.a(libc_a-findfp.o)
                              c:/msys64/mingw64/bin/../lib/gcc/arm-none-eabi/11.3.1/thumb/v7e-m/nofp\libg.a(libc_a-exit.o) (__stdio_exit_handler)
c:/msys64/mingw64/bin/../lib/gcc/arm-none-eabi/11.3.1/thumb/v7e-m/nofp\libg.a(libc_a-fwalk.o)
                              c:/msys64/mingw64/bin/../lib/gcc/arm-none-eabi/11.3.1/thumb/v7e-m/nofp\libg.a(libc_a-findfp.o) (_fwalk_sglue)
c:/msys64/mingw64/bin/../lib/gcc/arm-none-eabi/11.3.1/thumb/v7e-m/nofp\libg.a(libc_a-sprintf.o)
                              CMakeFiles/ARMDigitalProcessing.elf.dir/Core/Src/usart.c.obj (sprintf)
c:/msys64/mingw64/bin/../lib/gcc/arm-none-eabi/11.3.1/thumb/v7e-m/nofp\libg.a(libc_a-stdio.o)
                              c:/msys64/mingw64/bin/../lib/gcc/arm-none-eabi/11.3.1/thumb/v7e-m/nofp\libg.a(libc_a-findfp.o) (__sread)
c:/msys64/mingw64/bin/../lib/gcc/arm-none-eabi/11.3.1/thumb/v7e-m/nofp\libg.a(libc_a-memset.o)
                              c:/msys64/mingw64/bin/../lib/gcc/arm-none-eabi/11.3.1/thumb/v7e-m/nofp/crt0.o (memset)
c:/msys64/mingw64/bin/../lib/gcc/arm-none-eabi/11.3.1/thumb/v7e-m/nofp\libg.a(libc_a-closer.o)
                              c:/msys64/mingw64/bin/../lib/gcc/arm-none-eabi/11.3.1/thumb/v7e-m/nofp\libg.a(libc_a-stdio.o) (_close_r)
c:/msys64/mingw64/bin/../lib/gcc/arm-none-eabi/11.3.1/thumb/v7e-m/nofp\libg.a(libc_a-reent.o)
                              c:/msys64/mingw64/bin/../lib/gcc/arm-none-eabi/11.3.1/thumb/v7e-m/nofp\libg.a(libc_a-closer.o) (errno)
c:/msys64/mingw64/bin/../lib/gcc/arm-none-eabi/11.3.1/thumb/v7e-m/nofp\libg.a(libc_a-impure.o)
                              c:/msys64/mingw64/bin/../lib/gcc/arm-none-eabi/11.3.1/thumb/v7e-m/nofp\libg.a(libc_a-sprintf.o) (_impure_ptr)
c:/msys64/mingw64/bin/../lib/gcc/arm-none-eabi/11.3.1/thumb/v7e-m/nofp\libg.a(libc_a-lseekr.o)
                              c:/msys64/mingw64/bin/../lib/gcc/arm-none-eabi/11.3.1/thumb/v7e-m/nofp\libg.a(libc_a-stdio.o) (_lseek_r)
c:/msys64/mingw64/bin/../lib/gcc/arm-none-eabi/11.3.1/thumb/v7e-m/nofp\libg.a(libc_a-readr.o)
                              c:/msys64/mingw64/bin/../lib/gcc/arm-none-eabi/11.3.1/thumb/v7e-m/nofp\libg.a(libc_a-stdio.o) (_read_r)
c:/msys64/mingw64/bin/../lib/gcc/arm-none-eabi/11.3.1/thumb/v7e-m/nofp\libg.a(libc_a-writer.o)
                              c:/msys64/mingw64/bin/../lib/gcc/arm-none-eabi/11.3.1/thumb/v7e-m/nofp\libg.a(libc_a-stdio.o) (_write_r)
c:/msys64/mingw64/bin/../lib/gcc/arm-none-eabi/11.3.1/thumb/v7e-m/nofp\libg.a(libc_a-errno.o)
                              CMakeFiles/ARMDigitalProcessing.elf.dir/Core/Src/syscalls.c.obj (__errno)
c:/msys64/mingw64/bin/../lib/gcc/arm-none-eabi/11.3.1/thumb/v7e-m/nofp\libg.a(libc_a-init.o)
                              c:/msys64/mingw64/bin/../lib/gcc/arm-none-eabi/11.3.1/thumb/v7e-m/nofp/crt0.o (__libc_init_array)
[...]
Memory Configuration

Name             Origin             Length             Attributes
CCMRAM           0x10000000         0x00010000         xrw
RAM              0x20000000         0x00020000         xrw
FLASH            0x08000000         0x00100000         xr
*default*        0x00000000         0xffffffff

Linker script and memory map

LOAD c:/msys64/mingw64/bin/../lib/gcc/arm-none-eabi/11.3.1/thumb/v7e-m/nofp/crti.o
LOAD c:/msys64/mingw64/bin/../lib/gcc/arm-none-eabi/11.3.1/thumb/v7e-m/nofp/crtbegin.o
LOAD c:/msys64/mingw64/bin/../lib/gcc/arm-none-eabi/11.3.1/thumb/v7e-m/nofp/crt0.o
LOAD CMakeFiles/ARMDigitalProcessing.elf.dir/Core/Src/dma.c.obj
LOAD CMakeFiles/ARMDigitalProcessing.elf.dir/Core/Src/gpio.c.obj
LOAD CMakeFiles/ARMDigitalProcessing.elf.dir/Core/Src/main.c.obj
LOAD CMakeFiles/ARMDigitalProcessing.elf.dir/Core/Src/stm32f4xx_hal_msp.c.obj
LOAD CMakeFiles/ARMDigitalProcessing.elf.dir/Core/Src/stm32f4xx_it.c.obj
LOAD CMakeFiles/ARMDigitalProcessing.elf.dir/Core/Src/syscalls.c.obj
LOAD CMakeFiles/ARMDigitalProcessing.elf.dir/Core/Src/sysmem.c.obj
LOAD CMakeFiles/ARMDigitalProcessing.elf.dir/Core/Src/system_stm32f4xx.c.obj
LOAD CMakeFiles/ARMDigitalProcessing.elf.dir/Core/Src/usart.c.obj
LOAD CMakeFiles/ARMDigitalProcessing.elf.dir/Core/Startup/startup_stm32f407vgtx.s.obj
LOAD CMakeFiles/ARMDigitalProcessing.elf.dir/Drivers/STM32F4xx_HAL_Driver/Src/stm32f4xx_hal.c.obj
LOAD CMakeFiles/ARMDigitalProcessing.elf.dir/Drivers/STM32F4xx_HAL_Driver/Src/stm32f4xx_hal_cortex.c.obj
LOAD CMakeFiles/ARMDigitalProcessing.elf.dir/Drivers/STM32F4xx_HAL_Driver/Src/stm32f4xx_hal_dma.c.obj
LOAD CMakeFiles/ARMDigitalProcessing.elf.dir/Drivers/STM32F4xx_HAL_Driver/Src/stm32f4xx_hal_dma_ex.c.obj
LOAD CMakeFiles/ARMDigitalProcessing.elf.dir/Drivers/STM32F4xx_HAL_Driver/Src/stm32f4xx_hal_exti.c.obj
LOAD CMakeFiles/ARMDigitalProcessing.elf.dir/Drivers/STM32F4xx_HAL_Driver/Src/stm32f4xx_hal_flash.c.obj
LOAD CMakeFiles/ARMDigitalProcessing.elf.dir/Drivers/STM32F4xx_HAL_Driver/Src/stm32f4xx_hal_flash_ex.c.obj
LOAD CMakeFiles/ARMDigitalProcessing.elf.dir/Drivers/STM32F4xx_HAL_Driver/Src/stm32f4xx_hal_flash_ramfunc.c.obj
LOAD CMakeFiles/ARMDigitalProcessing.elf.dir/Drivers/STM32F4xx_HAL_Driver/Src/stm32f4xx_hal_gpio.c.obj
LOAD CMakeFiles/ARMDigitalProcessing.elf.dir/Drivers/STM32F4xx_HAL_Driver/Src/stm32f4xx_hal_pwr.c.obj
LOAD CMakeFiles/ARMDigitalProcessing.elf.dir/Drivers/STM32F4xx_HAL_Driver/Src/stm32f4xx_hal_pwr_ex.c.obj
LOAD CMakeFiles/ARMDigitalProcessing.elf.dir/Drivers/STM32F4xx_HAL_Driver/Src/stm32f4xx_hal_rcc.c.obj
LOAD CMakeFiles/ARMDigitalProcessing.elf.dir/Drivers/STM32F4xx_HAL_Driver/Src/stm32f4xx_hal_rcc_ex.c.obj
LOAD CMakeFiles/ARMDigitalProcessing.elf.dir/Drivers/STM32F4xx_HAL_Driver/Src/stm32f4xx_hal_tim.c.obj
LOAD CMakeFiles/ARMDigitalProcessing.elf.dir/Drivers/STM32F4xx_HAL_Driver/Src/stm32f4xx_hal_tim_ex.c.obj
LOAD CMakeFiles/ARMDigitalProcessing.elf.dir/Drivers/STM32F4xx_HAL_Driver/Src/stm32f4xx_hal_uart.c.obj
START GROUP
LOAD c:/msys64/mingw64/bin/../lib/gcc/arm-none-eabi/11.3.1/thumb/v7e-m/nofp\libgcc.a
LOAD c:/msys64/mingw64/bin/../lib/gcc/arm-none-eabi/11.3.1/thumb/v7e-m/nofp\libg.a
LOAD c:/msys64/mingw64/bin/../lib/gcc/arm-none-eabi/11.3.1/thumb/v7e-m/nofp\libc.a
END GROUP
LOAD c:/msys64/mingw64/bin/../lib/gcc/arm-none-eabi/11.3.1/thumb/v7e-m/nofp/crtend.o
LOAD c:/msys64/mingw64/bin/../lib/gcc/arm-none-eabi/11.3.1/thumb/v7e-m/nofp/crtn.o
                0x20020000                _estack = (ORIGIN (RAM) + LENGTH (RAM))
                0x00000200                _Min_Heap_Size = 0x200
                0x00000400                _Min_Stack_Size = 0x400

.isr_vector     0x08000000      0x188
                0x08000000                . = ALIGN (0x4)
 *(.isr_vector)
 .isr_vector    0x08000000      0x188 CMakeFiles/ARMDigitalProcessing.elf.dir/Core/Startup/startup_stm32f407vgtx.s.obj
                0x08000000                g_pfnVectors
                0x08000188                . = ALIGN (0x4)

.text           0x080001c0     0x40e4
                0x080001c0                . = ALIGN (0x4)
 *(.text)
 .text          0x080001c0      0x168 c:/msys64/mingw64/bin/../lib/gcc/arm-none-eabi/11.3.1/thumb/v7e-m/nofp\libgcc.a(_arm_mulsf3.o)
                0x080001c0                __aeabi_fmul
                0x080001c0                __mulsf3
 .text          0x08000328      0x378 c:/msys64/mingw64/bin/../lib/gcc/arm-none-eabi/11.3.1/thumb/v7e-m/nofp\libgcc.a(_arm_addsubdf3.o)
                0x08000328                __aeabi_drsub
                0x08000330                __aeabi_dsub
                0x08000330                __subdf3
                0x08000334                __aeabi_dadd
                0x08000334                __adddf3
                0x080005ac                __floatunsidf
                0x080005ac                __aeabi_ui2d
                0x080005cc                __floatsidf
                0x080005cc                __aeabi_i2d
                0x080005f0                __aeabi_f2d
                0x080005f0                __extendsfdf2
                0x08000634                __floatundidf
                0x08000634                __aeabi_ul2d
                0x08000644                __floatdidf
                0x08000644                __aeabi_l2d
 .text          0x080006a0       0xa0 c:/msys64/mingw64/bin/../lib/gcc/arm-none-eabi/11.3.1/thumb/v7e-m/nofp\libgcc.a(_arm_truncdfsf2.o)
                0x080006a0                __truncdfsf2
                0x080006a0                __aeabi_d2f
 .text          0x08000740      0x21c c:/msys64/mingw64/bin/../lib/gcc/arm-none-eabi/11.3.1/thumb/v7e-m/nofp\libgcc.a(_arm_addsubsf3.o)
                0x08000740                __aeabi_frsub
                0x08000748                __subsf3
                0x08000748                __aeabi_fsub
                0x0800074c                __aeabi_fadd
                0x0800074c                __addsf3
                0x080008ac                __aeabi_ui2f
                0x080008ac                __floatunsisf
                0x080008b4                __aeabi_i2f
                0x080008b4                __floatsisf
                0x080008d0                __aeabi_ul2f
                0x080008d0                __floatundisf
                0x080008e0                __aeabi_l2f
                0x080008e0                __floatdisf
 .text          0x0800095c       0x30 c:/msys64/mingw64/bin/../lib/gcc/arm-none-eabi/11.3.1/thumb/v7e-m/nofp\libgcc.a(_aeabi_uldivmod.o)
                0x0800095c                __aeabi_uldivmod
 .text          0x0800098c        0x4 c:/msys64/mingw64/bin/../lib/gcc/arm-none-eabi/11.3.1/thumb/v7e-m/nofp\libgcc.a(_dvmd_tls.o)
                0x0800098c                __aeabi_idiv0
                0x0800098c                __aeabi_ldiv0
 *fill*         0x08000990       0x30 
 .text          0x080009c0       0xdc c:/msys64/mingw64/bin/../lib/gcc/arm-none-eabi/11.3.1/thumb/v7e-m/nofp\libg.a(libc_a-strlen.o)
                0x080009c0                strlen
 .text          0x08000a9c      0x424 c:/msys64/mingw64/bin/../lib/gcc/arm-none-eabi/11.3.1/thumb/v7e-m/nofp\libgcc.a(_arm_muldivdf3.o)
                0x08000a9c                __aeabi_dmul
                0x08000a9c                __muldf3
                0x08000cf0                __divdf3
                0x08000cf0                __aeabi_ddiv
 .text          0x08000ec0       0xec c:/msys64/mingw64/bin/../lib/gcc/arm-none-eabi/11.3.1/thumb/v7e-m/nofp\libgcc.a(_arm_cmpsf2.o)
                0x08000ec0                __gesf2
                0x08000ec0                __gtsf2
                0x08000ec8                __lesf2
                0x08000ec8                __ltsf2
                0x08000ed0                __nesf2
                0x08000ed0                __eqsf2
                0x08000ed0                __cmpsf2
                0x08000f30                __aeabi_cfrcmple
                0x08000f38                __aeabi_cfcmpeq
                0x08000f38                __aeabi_cfcmple
                0x08000f48                __aeabi_fcmpeq
                0x08000f5c                __aeabi_fcmplt
                0x08000f70                __aeabi_fcmple
                0x08000f84                __aeabi_fcmpge
                0x08000f98                __aeabi_fcmpgt
 .text          0x08000fac       0x4c c:/msys64/mingw64/bin/../lib/gcc/arm-none-eabi/11.3.1/thumb/v7e-m/nofp\libgcc.a(_arm_fixsfsi.o)
                0x08000fac                __aeabi_f2iz
                0x08000fac                __fixsfsi
 *(.text*)
 .text.deregister_tm_clones
                0x08000ff8       0x1c c:/msys64/mingw64/bin/../lib/gcc/arm-none-eabi/11.3.1/thumb/v7e-m/nofp/crtbegin.o
 .text.register_tm_clones
                0x08001014       0x24 c:/msys64/mingw64/bin/../lib/gcc/arm-none-eabi/11.3.1/thumb/v7e-m/nofp/crtbegin.o
 .text.__do_global_dtors_aux
                0x08001038       0x28 c:/msys64/mingw64/bin/../lib/gcc/arm-none-eabi/11.3.1/thumb/v7e-m/nofp/crtbegin.o
 .text.frame_dummy
                0x08001060       0x24 c:/msys64/mingw64/bin/../lib/gcc/arm-none-eabi/11.3.1/thumb/v7e-m/nofp/crtbegin.o
 .text.MX_DMA_Init
                0x08001084       0x34 CMakeFiles/ARMDigitalProcessing.elf.dir/Core/Src/dma.c.obj
                0x08001084                MX_DMA_Init
 .text.MX_GPIO_Init
                0x080010b8      0x21c CMakeFiles/ARMDigitalProcessing.elf.dir/Core/Src/gpio.c.obj
                0x080010b8                MX_GPIO_Init
 .text.Error_Handler
                0x080012d4        0x4 CMakeFiles/ARMDigitalProcessing.elf.dir/Core/Src/main.c.obj
                0x080012d4                Error_Handler
 .text.SystemClock_Config
                0x080012d8       0xac CMakeFiles/ARMDigitalProcessing.elf.dir/Core/Src/main.c.obj
                0x080012d8                SystemClock_Config
 .text.main     0x08001384       0x20 CMakeFiles/ARMDigitalProcessing.elf.dir/Core/Src/main.c.obj
                0x08001384                main
 .text.HAL_MspInit
                0x080013a4       0x40 CMakeFiles/ARMDigitalProcessing.elf.dir/Core/Src/stm32f4xx_hal_msp.c.obj
                0x080013a4                HAL_MspInit
 .text.NMI_Handler
                0x080013e4        0x2 CMakeFiles/ARMDigitalProcessing.elf.dir/Core/Src/stm32f4xx_it.c.obj
                0x080013e4                NMI_Handler
 .text.HardFault_Handler
                0x080013e6        0x2 CMakeFiles/ARMDigitalProcessing.elf.dir/Core/Src/stm32f4xx_it.c.obj
                0x080013e6                HardFault_Handler
 .text.MemManage_Handler
                0x080013e8        0x2 CMakeFiles/ARMDigitalProcessing.elf.dir/Core/Src/stm32f4xx_it.c.obj
                0x080013e8                MemManage_Handler
 .text.BusFault_Handler
                0x080013ea        0x2 CMakeFiles/ARMDigitalProcessing.elf.dir/Core/Src/stm32f4xx_it.c.obj
                0x080013ea                BusFault_Handler
 .text.UsageFault_Handler
                0x080013ec        0x2 CMakeFiles/ARMDigitalProcessing.elf.dir/Core/Src/stm32f4xx_it.c.obj
                0x080013ec                UsageFault_Handler
 .text.SVC_Handler
                0x080013ee        0x2 CMakeFiles/ARMDigitalProcessing.elf.dir/Core/Src/stm32f4xx_it.c.obj
                0x080013ee                SVC_Handler
 .text.DebugMon_Handler
                0x080013f0        0x2 CMakeFiles/ARMDigitalProcessing.elf.dir/Core/Src/stm32f4xx_it.c.obj
                0x080013f0                DebugMon_Handler
 .text.PendSV_Handler
                0x080013f2        0x2 CMakeFiles/ARMDigitalProcessing.elf.dir/Core/Src/stm32f4xx_it.c.obj
                0x080013f2                PendSV_Handler
 .text.SysTick_Handler
                0x080013f4        0x8 CMakeFiles/ARMDigitalProcessing.elf.dir/Core/Src/stm32f4xx_it.c.obj
                0x080013f4                SysTick_Handler
 .text.DMA1_Stream6_IRQHandler
                0x080013fc       0x10 CMakeFiles/ARMDigitalProcessing.elf.dir/Core/Src/stm32f4xx_it.c.obj
                0x080013fc                DMA1_Stream6_IRQHandler
 .text.USART2_IRQHandler
                0x0800140c       0x10 CMakeFiles/ARMDigitalProcessing.elf.dir/Core/Src/stm32f4xx_it.c.obj
                0x0800140c                USART2_IRQHandler
 .text.SystemInit
                0x0800141c        0x2 CMakeFiles/ARMDigitalProcessing.elf.dir/Core/Src/system_stm32f4xx.c.obj
                0x0800141c                SystemInit
 *fill*         0x0800141e        0x2 
 .text.MX_USART2_UART_Init
                0x08001420       0x34 CMakeFiles/ARMDigitalProcessing.elf.dir/Core/Src/usart.c.obj
                0x08001420                MX_USART2_UART_Init
 .text.HAL_UART_MspInit
                0x08001454       0xc4 CMakeFiles/ARMDigitalProcessing.elf.dir/Core/Src/usart.c.obj
                0x08001454                HAL_UART_MspInit
 .text.generateHeaders
                0x08001518       0x24 CMakeFiles/ARMDigitalProcessing.elf.dir/Core/Src/usart.c.obj
                0x08001518                generateHeaders
 *fill*         0x0800153c        0x4 
 .text.generateSignal
                0x08001540       0xd8 CMakeFiles/ARMDigitalProcessing.elf.dir/Core/Src/usart.c.obj
                0x08001540                generateSignal
 .text.transferSignal
                0x08001618       0x28 CMakeFiles/ARMDigitalProcessing.elf.dir/Core/Src/usart.c.obj
                0x08001618                transferSignal
 .text.HAL_UART_TxHalfCpltCallback
                0x08001640       0x28 CMakeFiles/ARMDigitalProcessing.elf.dir/Core/Src/usart.c.obj
                0x08001640                HAL_UART_TxHalfCpltCallback
 .text.HAL_UART_TxCpltCallback
                0x08001668       0x24 CMakeFiles/ARMDigitalProcessing.elf.dir/Core/Src/usart.c.obj
                0x08001668                HAL_UART_TxCpltCallback
 .text.clearBuffer
                0x0800168c        0xe CMakeFiles/ARMDigitalProcessing.elf.dir/Core/Src/usart.c.obj
                0x0800168c                clearBuffer
 *fill*         0x0800169a        0x2 
 .text.printSerial
                0x0800169c       0x44 CMakeFiles/ARMDigitalProcessing.elf.dir/Core/Src/usart.c.obj
                0x0800169c                printSerial
 .text.clearResetTerminal
                0x080016e0       0x30 CMakeFiles/ARMDigitalProcessing.elf.dir/Core/Src/usart.c.obj
                0x080016e0                clearResetTerminal
 .text.printWelcomeMessage
                0x08001710       0x14 CMakeFiles/ARMDigitalProcessing.elf.dir/Core/Src/usart.c.obj
                0x08001710                printWelcomeMessage
 .text.Reset_Handler
                0x08001724       0x50 CMakeFiles/ARMDigitalProcessing.elf.dir/Core/Startup/startup_stm32f407vgtx.s.obj
                0x08001724                Reset_Handler
 .text.Default_Handler
                0x08001774        0x2 CMakeFiles/ARMDigitalProcessing.elf.dir/Core/Startup/startup_stm32f407vgtx.s.obj
                0x08001774                RTC_Alarm_IRQHandler
                0x08001774                HASH_RNG_IRQHandler
                0x08001774                EXTI2_IRQHandler
                0x08001774                TIM8_CC_IRQHandler
                0x08001774                TIM1_CC_IRQHandler
                0x08001774                DMA2_Stream5_IRQHandler
                0x08001774                DMA1_Stream5_IRQHandler
                0x08001774                PVD_IRQHandler
                0x08001774                SDIO_IRQHandler
                0x08001774                TAMP_STAMP_IRQHandler
                0x08001774                CAN2_RX1_IRQHandler
                0x08001774                EXTI3_IRQHandler
                0x08001774                TIM8_TRG_COM_TIM14_IRQHandler
                0x08001774                TIM1_UP_TIM10_IRQHandler
                0x08001774                TIM8_UP_TIM13_IRQHandler
                0x08001774                I2C3_ER_IRQHandler
                0x08001774                EXTI0_IRQHandler
                0x08001774                I2C2_EV_IRQHandler
                0x08001774                DMA1_Stream2_IRQHandler
                0x08001774                CAN1_RX0_IRQHandler
                0x08001774                FPU_IRQHandler
                0x08001774                OTG_HS_WKUP_IRQHandler
                0x08001774                CAN2_SCE_IRQHandler
                0x08001774                DMA2_Stream2_IRQHandler
                0x08001774                SPI1_IRQHandler
                0x08001774                TIM6_DAC_IRQHandler
                0x08001774                TIM1_BRK_TIM9_IRQHandler
                0x08001774                DCMI_IRQHandler
                0x08001774                CAN2_RX0_IRQHandler
                0x08001774                DMA2_Stream3_IRQHandler
                0x08001774                USART6_IRQHandler
                0x08001774                USART3_IRQHandler
                0x08001774                CAN1_RX1_IRQHandler
                0x08001774                UART5_IRQHandler
                0x08001774                DMA2_Stream0_IRQHandler
                0x08001774                TIM4_IRQHandler
                0x08001774                I2C1_EV_IRQHandler
                0x08001774                DMA1_Stream1_IRQHandler
                0x08001774                UART4_IRQHandler
                0x08001774                TIM3_IRQHandler
                0x08001774                RCC_IRQHandler
                0x08001774                TIM8_BRK_TIM12_IRQHandler
                0x08001774                Default_Handler
                0x08001774                EXTI15_10_IRQHandler
                0x08001774                ADC_IRQHandler
                0x08001774                DMA1_Stream7_IRQHandler
                0x08001774                TIM7_IRQHandler
                0x08001774                CAN2_TX_IRQHandler
                0x08001774                TIM5_IRQHandler
                0x08001774                DMA2_Stream7_IRQHandler
                0x08001774                I2C3_EV_IRQHandler
                0x08001774                EXTI9_5_IRQHandler
                0x08001774                RTC_WKUP_IRQHandler
                0x08001774                ETH_WKUP_IRQHandler
                0x08001774                SPI2_IRQHandler
                0x08001774                OTG_HS_EP1_IN_IRQHandler
                0x08001774                DMA1_Stream0_IRQHandler
                0x08001774                CAN1_TX_IRQHandler
                0x08001774                EXTI4_IRQHandler
                0x08001774                FSMC_IRQHandler
                0x08001774                ETH_IRQHandler
                0x08001774                OTG_HS_EP1_OUT_IRQHandler
                0x08001774                WWDG_IRQHandler
                0x08001774                TIM2_IRQHandler
                0x08001774                OTG_FS_WKUP_IRQHandler
                0x08001774                TIM1_TRG_COM_TIM11_IRQHandler
                0x08001774                OTG_HS_IRQHandler
                0x08001774                EXTI1_IRQHandler
                0x08001774                I2C2_ER_IRQHandler
                0x08001774                DMA2_Stream1_IRQHandler
                0x08001774                CAN1_SCE_IRQHandler
                0x08001774                FLASH_IRQHandler
                0x08001774                DMA2_Stream4_IRQHandler
                0x08001774                USART1_IRQHandler
                0x08001774                OTG_FS_IRQHandler
                0x08001774                SPI3_IRQHandler
                0x08001774                DMA1_Stream4_IRQHandler
                0x08001774                I2C1_ER_IRQHandler
                0x08001774                DMA2_Stream6_IRQHandler
                0x08001774                DMA1_Stream3_IRQHandler
 *fill*         0x08001776        0x2 
 .text.HAL_InitTick
                0x08001778       0x4c CMakeFiles/ARMDigitalProcessing.elf.dir/Drivers/STM32F4xx_HAL_Driver/Src/stm32f4xx_hal.c.obj
                0x08001778                HAL_InitTick
 .text.HAL_Init
                0x080017c4       0x34 CMakeFiles/ARMDigitalProcessing.elf.dir/Drivers/STM32F4xx_HAL_Driver/Src/stm32f4xx_hal.c.obj
                0x080017c4                HAL_Init
 .text.HAL_IncTick
                0x080017f8       0x18 CMakeFiles/ARMDigitalProcessing.elf.dir/Drivers/STM32F4xx_HAL_Driver/Src/stm32f4xx_hal.c.obj
                0x080017f8                HAL_IncTick
 .text.HAL_GetTick
                0x08001810        0xc CMakeFiles/ARMDigitalProcessing.elf.dir/Drivers/STM32F4xx_HAL_Driver/Src/stm32f4xx_hal.c.obj
                0x08001810                HAL_GetTick
 .text.HAL_NVIC_SetPriorityGrouping
                0x0800181c       0x24 CMakeFiles/ARMDigitalProcessing.elf.dir/Drivers/STM32F4xx_HAL_Driver/Src/stm32f4xx_hal_cortex.c.obj
                0x0800181c                HAL_NVIC_SetPriorityGrouping
 .text.HAL_NVIC_SetPriority
                0x08001840       0x70 CMakeFiles/ARMDigitalProcessing.elf.dir/Drivers/STM32F4xx_HAL_Driver/Src/stm32f4xx_hal_cortex.c.obj
                0x08001840                HAL_NVIC_SetPriority
 .text.HAL_NVIC_EnableIRQ
                0x080018b0       0x1c CMakeFiles/ARMDigitalProcessing.elf.dir/Drivers/STM32F4xx_HAL_Driver/Src/stm32f4xx_hal_cortex.c.obj
                0x080018b0                HAL_NVIC_EnableIRQ
 .text.HAL_SYSTICK_Config
                0x080018cc       0x28 CMakeFiles/ARMDigitalProcessing.elf.dir/Drivers/STM32F4xx_HAL_Driver/Src/stm32f4xx_hal_cortex.c.obj
                0x080018cc                HAL_SYSTICK_Config
 .text.DMA_SetConfig
                0x080018f4       0x2c CMakeFiles/ARMDigitalProcessing.elf.dir/Drivers/STM32F4xx_HAL_Driver/Src/stm32f4xx_hal_dma.c.obj
 .text.DMA_CalcBaseAndBitshift
                0x08001920       0x40 CMakeFiles/ARMDigitalProcessing.elf.dir/Drivers/STM32F4xx_HAL_Driver/Src/stm32f4xx_hal_dma.c.obj
 .text.DMA_CheckFifoParam
                0x08001960       0x8e CMakeFiles/ARMDigitalProcessing.elf.dir/Drivers/STM32F4xx_HAL_Driver/Src/stm32f4xx_hal_dma.c.obj
 *fill*         0x080019ee        0x2 
 .text.HAL_DMA_Init
                0x080019f0       0xcc CMakeFiles/ARMDigitalProcessing.elf.dir/Drivers/STM32F4xx_HAL_Driver/Src/stm32f4xx_hal_dma.c.obj
                0x080019f0                HAL_DMA_Init
 .text.HAL_DMA_Start_IT
                0x08001abc       0x6a CMakeFiles/ARMDigitalProcessing.elf.dir/Drivers/STM32F4xx_HAL_Driver/Src/stm32f4xx_hal_dma.c.obj
                0x08001abc                HAL_DMA_Start_IT
 .text.HAL_DMA_Abort
                0x08001b26       0x94 CMakeFiles/ARMDigitalProcessing.elf.dir/Drivers/STM32F4xx_HAL_Driver/Src/stm32f4xx_hal_dma.c.obj
                0x08001b26                HAL_DMA_Abort
 .text.HAL_DMA_Abort_IT
                0x08001bba       0x26 CMakeFiles/ARMDigitalProcessing.elf.dir/Drivers/STM32F4xx_HAL_Driver/Src/stm32f4xx_hal_dma.c.obj
                0x08001bba                HAL_DMA_Abort_IT
 .text.HAL_DMA_IRQHandler
                0x08001be0      0x1dc CMakeFiles/ARMDigitalProcessing.elf.dir/Drivers/STM32F4xx_HAL_Driver/Src/stm32f4xx_hal_dma.c.obj
                0x08001be0                HAL_DMA_IRQHandler
 .text.HAL_GPIO_Init
                0x08001dbc      0x1f4 CMakeFiles/ARMDigitalProcessing.elf.dir/Drivers/STM32F4xx_HAL_Driver/Src/stm32f4xx_hal_gpio.c.obj
                0x08001dbc                HAL_GPIO_Init
 .text.HAL_GPIO_WritePin
                0x08001fb0        0xc CMakeFiles/ARMDigitalProcessing.elf.dir/Drivers/STM32F4xx_HAL_Driver/Src/stm32f4xx_hal_gpio.c.obj
                0x08001fb0                HAL_GPIO_WritePin
 .text.HAL_RCC_OscConfig
                0x08001fbc      0x3f8 CMakeFiles/ARMDigitalProcessing.elf.dir/Drivers/STM32F4xx_HAL_Driver/Src/stm32f4xx_hal_rcc.c.obj
                0x08001fbc                HAL_RCC_OscConfig
 .text.HAL_RCC_GetSysClockFreq
                0x080023b4       0xdc CMakeFiles/ARMDigitalProcessing.elf.dir/Drivers/STM32F4xx_HAL_Driver/Src/stm32f4xx_hal_rcc.c.obj
                0x080023b4                HAL_RCC_GetSysClockFreq
 .text.HAL_RCC_ClockConfig
                0x08002490      0x160 CMakeFiles/ARMDigitalProcessing.elf.dir/Drivers/STM32F4xx_HAL_Driver/Src/stm32f4xx_hal_rcc.c.obj
                0x08002490                HAL_RCC_ClockConfig
 .text.HAL_RCC_GetHCLKFreq
                0x080025f0        0xc CMakeFiles/ARMDigitalProcessing.elf.dir/Drivers/STM32F4xx_HAL_Driver/Src/stm32f4xx_hal_rcc.c.obj
                0x080025f0                HAL_RCC_GetHCLKFreq
 .text.HAL_RCC_GetPCLK1Freq
                0x080025fc       0x20 CMakeFiles/ARMDigitalProcessing.elf.dir/Drivers/STM32F4xx_HAL_Driver/Src/stm32f4xx_hal_rcc.c.obj
                0x080025fc                HAL_RCC_GetPCLK1Freq
 .text.HAL_RCC_GetPCLK2Freq
                0x0800261c       0x20 CMakeFiles/ARMDigitalProcessing.elf.dir/Drivers/STM32F4xx_HAL_Driver/Src/stm32f4xx_hal_rcc.c.obj
                0x0800261c                HAL_RCC_GetPCLK2Freq
 .text.UART_EndTxTransfer
                0x0800263c       0x20 CMakeFiles/ARMDigitalProcessing.elf.dir/Drivers/STM32F4xx_HAL_Driver/Src/stm32f4xx_hal_uart.c.obj
 .text.UART_EndRxTransfer
                0x0800265c       0x5c CMakeFiles/ARMDigitalProcessing.elf.dir/Drivers/STM32F4xx_HAL_Driver/Src/stm32f4xx_hal_uart.c.obj
 .text.UART_Transmit_IT
                0x080026b8       0x60 CMakeFiles/ARMDigitalProcessing.elf.dir/Drivers/STM32F4xx_HAL_Driver/Src/stm32f4xx_hal_uart.c.obj
 .text.UART_SetConfig
                0x08002718      0x110 CMakeFiles/ARMDigitalProcessing.elf.dir/Drivers/STM32F4xx_HAL_Driver/Src/stm32f4xx_hal_uart.c.obj
 .text.UART_WaitOnFlagUntilTimeout
                0x08002828       0x84 CMakeFiles/ARMDigitalProcessing.elf.dir/Drivers/STM32F4xx_HAL_Driver/Src/stm32f4xx_hal_uart.c.obj
 .text.HAL_UART_Init
                0x080028ac       0x5e CMakeFiles/ARMDigitalProcessing.elf.dir/Drivers/STM32F4xx_HAL_Driver/Src/stm32f4xx_hal_uart.c.obj
                0x080028ac                HAL_UART_Init
 .text.HAL_UART_Transmit
                0x0800290a       0xd8 CMakeFiles/ARMDigitalProcessing.elf.dir/Drivers/STM32F4xx_HAL_Driver/Src/stm32f4xx_hal_uart.c.obj
                0x0800290a                HAL_UART_Transmit
 *fill*         0x080029e2        0x2 
 .text.HAL_UART_Transmit_DMA
                0x080029e4       0x9c CMakeFiles/ARMDigitalProcessing.elf.dir/Drivers/STM32F4xx_HAL_Driver/Src/stm32f4xx_hal_uart.c.obj
                0x080029e4                HAL_UART_Transmit_DMA
 .text.HAL_UART_DMAPause
                0x08002a80       0xac CMakeFiles/ARMDigitalProcessing.elf.dir/Drivers/STM32F4xx_HAL_Driver/Src/stm32f4xx_hal_uart.c.obj
                0x08002a80                HAL_UART_DMAPause
 .text.HAL_UART_DMAResume
                0x08002b2c       0xb2 CMakeFiles/ARMDigitalProcessing.elf.dir/Drivers/STM32F4xx_HAL_Driver/Src/stm32f4xx_hal_uart.c.obj
                0x08002b2c                HAL_UART_DMAResume
 .text.UART_DMATransmitCplt
                0x08002bde       0x4c CMakeFiles/ARMDigitalProcessing.elf.dir/Drivers/STM32F4xx_HAL_Driver/Src/stm32f4xx_hal_uart.c.obj
 .text.UART_EndTransmit_IT
                0x08002c2a       0x1a CMakeFiles/ARMDigitalProcessing.elf.dir/Drivers/STM32F4xx_HAL_Driver/Src/stm32f4xx_hal_uart.c.obj
 .text.UART_DMATxHalfCplt
                0x08002c44        0xa CMakeFiles/ARMDigitalProcessing.elf.dir/Drivers/STM32F4xx_HAL_Driver/Src/stm32f4xx_hal_uart.c.obj
 .text.HAL_UART_RxCpltCallback
                0x08002c4e        0x2 CMakeFiles/ARMDigitalProcessing.elf.dir/Drivers/STM32F4xx_HAL_Driver/Src/stm32f4xx_hal_uart.c.obj
                0x08002c4e                HAL_UART_RxCpltCallback
 .text.HAL_UART_ErrorCallback
                0x08002c50        0x2 CMakeFiles/ARMDigitalProcessing.elf.dir/Drivers/STM32F4xx_HAL_Driver/Src/stm32f4xx_hal_uart.c.obj
                0x08002c50                HAL_UART_ErrorCallback
 .text.UART_DMAError
                0x08002c52       0x58 CMakeFiles/ARMDigitalProcessing.elf.dir/Drivers/STM32F4xx_HAL_Driver/Src/stm32f4xx_hal_uart.c.obj
 .text.UART_DMAAbortOnError
                0x08002caa       0x10 CMakeFiles/ARMDigitalProcessing.elf.dir/Drivers/STM32F4xx_HAL_Driver/Src/stm32f4xx_hal_uart.c.obj
 .text.HAL_UARTEx_RxEventCallback
                0x08002cba        0x2 CMakeFiles/ARMDigitalProcessing.elf.dir/Drivers/STM32F4xx_HAL_Driver/Src/stm32f4xx_hal_uart.c.obj
                0x08002cba                HAL_UARTEx_RxEventCallback
 .text.UART_Receive_IT
                0x08002cbc       0xe2 CMakeFiles/ARMDigitalProcessing.elf.dir/Drivers/STM32F4xx_HAL_Driver/Src/stm32f4xx_hal_uart.c.obj
 *fill*         0x08002d9e        0x2 
 .text.HAL_UART_IRQHandler
                0x08002da0      0x280 CMakeFiles/ARMDigitalProcessing.elf.dir/Drivers/STM32F4xx_HAL_Driver/Src/stm32f4xx_hal_uart.c.obj
                0x08002da0                HAL_UART_IRQHandler
 .text.__udivmoddi4
                0x08003020      0x2c8 c:/msys64/mingw64/bin/../lib/gcc/arm-none-eabi/11.3.1/thumb/v7e-m/nofp\libgcc.a(_udivmoddi4.o)
                0x08003020                __udivmoddi4
 .text.memset   0x080032e8       0xa4 c:/msys64/mingw64/bin/../lib/gcc/arm-none-eabi/11.3.1/thumb/v7e-m/nofp\libg.a(libc_a-memset.o)
                0x080032e8                memset
 .text.__libc_init_array
                0x0800338c       0x48 c:/msys64/mingw64/bin/../lib/gcc/arm-none-eabi/11.3.1/thumb/v7e-m/nofp\libg.a(libc_a-init.o)
                0x0800338c                __libc_init_array
 .text.__retarget_lock_acquire_recursive
                0x080033d4        0x4 c:/msys64/mingw64/bin/../lib/gcc/arm-none-eabi/11.3.1/thumb/v7e-m/nofp\libg.a(libc_a-lock.o)
                0x080033d4                __retarget_lock_acquire_recursive
 .text.__retarget_lock_release_recursive
                0x080033d8        0x4 c:/msys64/mingw64/bin/../lib/gcc/arm-none-eabi/11.3.1/thumb/v7e-m/nofp\libg.a(libc_a-lock.o)
                0x080033d8                __retarget_lock_release_recursive
 .text.startup.register_fini
                0x080033dc       0x14 c:/msys64/mingw64/bin/../lib/gcc/arm-none-eabi/11.3.1/thumb/v7e-m/nofp\libg.a(libc_a-__call_atexit.o)
 .text.atexit   0x080033f0        0xc c:/msys64/mingw64/bin/../lib/gcc/arm-none-eabi/11.3.1/thumb/v7e-m/nofp\libg.a(libc_a-atexit.o)
                0x080033f0                atexit
 .text.__libc_fini_array
                0x080033fc       0x28 c:/msys64/mingw64/bin/../lib/gcc/arm-none-eabi/11.3.1/thumb/v7e-m/nofp\libg.a(libc_a-fini.o)
                0x080033fc                __libc_fini_array
 .text.__register_exitproc
                0x08003424       0x88 c:/msys64/mingw64/bin/../lib/gcc/arm-none-eabi/11.3.1/thumb/v7e-m/nofp\libg.a(libc_a-__atexit.o)
                0x08003424                __register_exitproc
 .text.cosf     0x080034ac       0x64 c:/msys64/mingw64/bin/../lib/gcc/arm-none-eabi/11.3.1/thumb/v7e-m/nofp\libm.a(libm_a-sf_cos.o)
                0x080034ac                cosf
 .text.__kernel_cosf
                0x08003510      0x18c c:/msys64/mingw64/bin/../lib/gcc/arm-none-eabi/11.3.1/thumb/v7e-m/nofp\libm.a(libm_a-kf_cos.o)
                0x08003510                __kernel_cosf
 .text.__kernel_sinf
                0x0800369c       0xec c:/msys64/mingw64/bin/../lib/gcc/arm-none-eabi/11.3.1/thumb/v7e-m/nofp\libm.a(libm_a-kf_sin.o)
                0x0800369c                __kernel_sinf
 .text.__ieee754_rem_pio2f
                0x08003788      0x2e8 c:/msys64/mingw64/bin/../lib/gcc/arm-none-eabi/11.3.1/thumb/v7e-m/nofp\libm.a(libm_a-ef_rem_pio2.o)
                0x08003788                __ieee754_rem_pio2f
 .text.fabsf    0x08003a70        0x8 c:/msys64/mingw64/bin/../lib/gcc/arm-none-eabi/11.3.1/thumb/v7e-m/nofp\libm.a(libm_a-sf_fabs.o)
                0x08003a70                fabsf
 .text.__kernel_rem_pio2f
                0x08003a78      0x6e0 c:/msys64/mingw64/bin/../lib/gcc/arm-none-eabi/11.3.1/thumb/v7e-m/nofp\libm.a(libm_a-kf_rem_pio2.o)
                0x08003a78                __kernel_rem_pio2f
 .text.scalbnf  0x08004158       0xb0 c:/msys64/mingw64/bin/../lib/gcc/arm-none-eabi/11.3.1/thumb/v7e-m/nofp\libm.a(libm_a-sf_scalbn.o)
                0x08004158                scalbnf
 .text.floorf   0x08004208       0x84 c:/msys64/mingw64/bin/../lib/gcc/arm-none-eabi/11.3.1/thumb/v7e-m/nofp\libm.a(libm_a-sf_floor.o)
                0x08004208                floorf
 *(.glue_7)
 .glue_7        0x0800428c        0x0 linker stubs
 *(.glue_7t)
 .glue_7t       0x0800428c        0x0 linker stubs
 *(.eh_frame)
 .eh_frame      0x0800428c        0x0 c:/msys64/mingw64/bin/../lib/gcc/arm-none-eabi/11.3.1/thumb/v7e-m/nofp/crtbegin.o
 *(.init)
 .init          0x0800428c        0x4 c:/msys64/mingw64/bin/../lib/gcc/arm-none-eabi/11.3.1/thumb/v7e-m/nofp/crti.o
                0x0800428c                _init
 .init          0x08004290        0x8 c:/msys64/mingw64/bin/../lib/gcc/arm-none-eabi/11.3.1/thumb/v7e-m/nofp/crtn.o
 *(.fini)
 .fini          0x08004298        0x4 c:/msys64/mingw64/bin/../lib/gcc/arm-none-eabi/11.3.1/thumb/v7e-m/nofp/crti.o
                0x08004298                _fini
 .fini          0x0800429c        0x8 c:/msys64/mingw64/bin/../lib/gcc/arm-none-eabi/11.3.1/thumb/v7e-m/nofp/crtn.o
                0x080042a4                . = ALIGN (0x4)
                0x080042a4                _etext = .

.vfp11_veneer   0x080042a4        0x0
 .vfp11_veneer  0x080042a4        0x0 linker stubs

.v4_bx          0x080042a4        0x0
 .v4_bx         0x080042a4        0x0 linker stubs

.iplt           0x080042a4        0x0
 .iplt          0x080042a4        0x0 c:/msys64/mingw64/bin/../lib/gcc/arm-none-eabi/11.3.1/thumb/v7e-m/nofp/crtbegin.o

.rodata         0x080042a4      0x428
                0x080042a4                . = ALIGN (0x4)
 *(.rodata)
 *(.rodata*)
 .rodata.AHBPrescTable
                0x080042a4       0x10 CMakeFiles/ARMDigitalProcessing.elf.dir/Core/Src/system_stm32f4xx.c.obj
                0x080042a4                AHBPrescTable
 .rodata.APBPrescTable
                0x080042b4        0x8 CMakeFiles/ARMDigitalProcessing.elf.dir/Core/Src/system_stm32f4xx.c.obj
                0x080042b4                APBPrescTable
 .rodata.clearResetTerminal.str1.4
                0x080042bc        0xd CMakeFiles/ARMDigitalProcessing.elf.dir/Core/Src/usart.c.obj
 *fill*         0x080042c9        0x3 
 .rodata.signalFreqs
                0x080042cc        0x8 CMakeFiles/ARMDigitalProcessing.elf.dir/Core/Src/usart.c.obj
 .rodata.welcome_message
                0x080042d4       0x1f CMakeFiles/ARMDigitalProcessing.elf.dir/Core/Src/usart.c.obj
 *fill*         0x080042f3        0x1 
 .rodata.flagBitshiftOffset.0
                0x080042f4        0x8 CMakeFiles/ARMDigitalProcessing.elf.dir/Drivers/STM32F4xx_HAL_Driver/Src/stm32f4xx_hal_dma.c.obj
 .rodata.npio2_hw
                0x080042fc       0x80 c:/msys64/mingw64/bin/../lib/gcc/arm-none-eabi/11.3.1/thumb/v7e-m/nofp\libm.a(libm_a-ef_rem_pio2.o)
 .rodata.two_over_pi
                0x0800437c      0x318 c:/msys64/mingw64/bin/../lib/gcc/arm-none-eabi/11.3.1/thumb/v7e-m/nofp\libm.a(libm_a-ef_rem_pio2.o)
 .rodata.PIo2   0x08004694       0x2c c:/msys64/mingw64/bin/../lib/gcc/arm-none-eabi/11.3.1/thumb/v7e-m/nofp\libm.a(libm_a-kf_rem_pio2.o)
 .rodata.init_jk
                0x080046c0        0xc c:/msys64/mingw64/bin/../lib/gcc/arm-none-eabi/11.3.1/thumb/v7e-m/nofp\libm.a(libm_a-kf_rem_pio2.o)
                0x080046cc                . = ALIGN (0x4)

.ARM.extab      0x080046cc        0x0
                0x080046cc                . = ALIGN (0x4)
 *(.ARM.extab* .gnu.linkonce.armextab.*)
                0x080046cc                . = ALIGN (0x4)

.ARM            0x080046cc        0x8
                0x080046cc                . = ALIGN (0x4)
                0x080046cc                __exidx_start = .
 *(.ARM.exidx*)
 .ARM.exidx.text.__udivmoddi4
                0x080046cc        0x8 c:/msys64/mingw64/bin/../lib/gcc/arm-none-eabi/11.3.1/thumb/v7e-m/nofp\libgcc.a(_udivmoddi4.o)
                0x080046d4                __exidx_end = .
                0x080046d4                . = ALIGN (0x4)

.rel.dyn        0x080046d4        0x0
 .rel.iplt      0x080046d4        0x0 c:/msys64/mingw64/bin/../lib/gcc/arm-none-eabi/11.3.1/thumb/v7e-m/nofp/crtbegin.o

.preinit_array  0x080046d4        0x0
                0x080046d4                . = ALIGN (0x4)
                0x080046d4                PROVIDE (__preinit_array_start = .)
 *(.preinit_array*)
                0x080046d4                PROVIDE (__preinit_array_end = .)
                0x080046d4                . = ALIGN (0x4)

.init_array     0x080046d4        0x8
                0x080046d4                . = ALIGN (0x4)
                0x080046d4                PROVIDE (__init_array_start = .)
 *(SORT_BY_NAME(.init_array.*))
 .init_array.00000
                0x080046d4        0x4 c:/msys64/mingw64/bin/../lib/gcc/arm-none-eabi/11.3.1/thumb/v7e-m/nofp\libg.a(libc_a-__call_atexit.o)
 *(.init_array*)
 .init_array    0x080046d8        0x4 c:/msys64/mingw64/bin/../lib/gcc/arm-none-eabi/11.3.1/thumb/v7e-m/nofp/crtbegin.o
                0x080046dc                PROVIDE (__init_array_end = .)
                0x080046dc                . = ALIGN (0x4)

.fini_array     0x080046dc        0x4
                0x080046dc                . = ALIGN (0x4)
                0x080046dc                PROVIDE (__fini_array_start = .)
 *(SORT_BY_NAME(.fini_array.*))
 *(.fini_array*)
 .fini_array    0x080046dc        0x4 c:/msys64/mingw64/bin/../lib/gcc/arm-none-eabi/11.3.1/thumb/v7e-m/nofp/crtbegin.o
                0x080046e0                PROVIDE (__fini_array_end = .)
                0x080046e0                . = ALIGN (0x4)
                0x080046e0                _sidata = LOADADDR (.data)

.data           0x20000000       0x1c load address 0x080046e0
                0x20000000                . = ALIGN (0x4)
                0x20000000                _sdata = .
 *(.data)
 *(.data*)
 .data.SystemCoreClock
                0x20000000        0x4 CMakeFiles/ARMDigitalProcessing.elf.dir/Core/Src/system_stm32f4xx.c.obj
                0x20000000                SystemCoreClock
 .data.generateFirstHalf
                0x20000004        0x1 CMakeFiles/ARMDigitalProcessing.elf.dir/Core/Src/usart.c.obj
 *fill*         0x20000005        0x3 
 .data.samplingPeriod
                0x20000008        0x4 CMakeFiles/ARMDigitalProcessing.elf.dir/Core/Src/usart.c.obj
                0x20000008                samplingPeriod
 .data.signalAmp
                0x2000000c        0x4 CMakeFiles/ARMDigitalProcessing.elf.dir/Core/Src/usart.c.obj
                0x2000000c                signalAmp
 .data.uwTickFreq
                0x20000010        0x1 CMakeFiles/ARMDigitalProcessing.elf.dir/Drivers/STM32F4xx_HAL_Driver/Src/stm32f4xx_hal.c.obj
                0x20000010                uwTickFreq
 *fill*         0x20000011        0x3 
 .data.uwTickPrio
                0x20000014        0x4 CMakeFiles/ARMDigitalProcessing.elf.dir/Drivers/STM32F4xx_HAL_Driver/Src/stm32f4xx_hal.c.obj
                0x20000014                uwTickPrio
 .data.__atexit_recursive_mutex
                0x20000018        0x4 c:/msys64/mingw64/bin/../lib/gcc/arm-none-eabi/11.3.1/thumb/v7e-m/nofp\libg.a(libc_a-__call_atexit.o)
                0x20000018                __atexit_recursive_mutex
 *(.RamFunc)
 *(.RamFunc*)
                0x2000001c                . = ALIGN (0x4)
                0x2000001c                _edata = .
                0x080046fc                _siccmram = LOADADDR (.ccmram)

.tm_clone_table
                0x2000001c        0x0 load address 0x080046fc
 .tm_clone_table
                0x2000001c        0x0 c:/msys64/mingw64/bin/../lib/gcc/arm-none-eabi/11.3.1/thumb/v7e-m/nofp/crtbegin.o
 .tm_clone_table
                0x2000001c        0x0 c:/msys64/mingw64/bin/../lib/gcc/arm-none-eabi/11.3.1/thumb/v7e-m/nofp/crtend.o

.igot.plt       0x2000001c        0x0 load address 0x080046fc
 .igot.plt      0x2000001c        0x0 c:/msys64/mingw64/bin/../lib/gcc/arm-none-eabi/11.3.1/thumb/v7e-m/nofp/crtbegin.o

.ccmram         0x10000000        0x0 load address 0x080046fc
                0x10000000                . = ALIGN (0x4)
                0x10000000                _sccmram = .
 *(.ccmram)
 *(.ccmram*)
                0x10000000                . = ALIGN (0x4)
                0x10000000                _eccmram = .
                0x10000000                . = ALIGN (0x4)

.bss            0x2000001c     0x1268
                0x2000001c                _sbss = .
                0x2000001c                __bss_start__ = _sbss
 *(.bss)
 *(.bss*)
 .bss.completed.1
                0x2000001c        0x1 c:/msys64/mingw64/bin/../lib/gcc/arm-none-eabi/11.3.1/thumb/v7e-m/nofp/crtbegin.o
 *fill*         0x2000001d        0x3 
 .bss.object.0  0x20000020       0x18 c:/msys64/mingw64/bin/../lib/gcc/arm-none-eabi/11.3.1/thumb/v7e-m/nofp/crtbegin.o
 .bss.hdma_usart2_tx
                0x20000038       0x60 CMakeFiles/ARMDigitalProcessing.elf.dir/Core/Src/usart.c.obj
                0x20000038                hdma_usart2_tx
 .bss.huart2    0x20000098       0x44 CMakeFiles/ARMDigitalProcessing.elf.dir/Core/Src/usart.c.obj
                0x20000098                huart2
 .bss.t         0x200000dc        0x4 CMakeFiles/ARMDigitalProcessing.elf.dir/Core/Src/usart.c.obj
 .bss.txBuffer  0x200000e0     0x1008 CMakeFiles/ARMDigitalProcessing.elf.dir/Core/Src/usart.c.obj
 .bss.uwTick    0x200010e8        0x4 CMakeFiles/ARMDigitalProcessing.elf.dir/Drivers/STM32F4xx_HAL_Driver/Src/stm32f4xx_hal.c.obj
                0x200010e8                uwTick
 .bss.__lock___atexit_recursive_mutex
                0x200010ec        0x1 c:/msys64/mingw64/bin/../lib/gcc/arm-none-eabi/11.3.1/thumb/v7e-m/nofp\libg.a(libc_a-lock.o)
                0x200010ec                __lock___atexit_recursive_mutex
 *fill*         0x200010ed        0x3 
 .bss.__atexit  0x200010f0        0x4 c:/msys64/mingw64/bin/../lib/gcc/arm-none-eabi/11.3.1/thumb/v7e-m/nofp\libg.a(libc_a-__call_atexit.o)
                0x200010f0                __atexit
 .bss.__atexit0
                0x200010f4      0x190 c:/msys64/mingw64/bin/../lib/gcc/arm-none-eabi/11.3.1/thumb/v7e-m/nofp\libg.a(libc_a-__atexit.o)
                0x200010f4                __atexit0
 *(COMMON)
                0x20001284                . = ALIGN (0x4)
                0x20001284                _ebss = .
                0x20001284                __bss_end__ = _ebss

._user_heap_stack
                0x20001284      0x604
                0x20001288                . = ALIGN (0x8)
 *fill*         0x20001284        0x4 
                [!provide]                PROVIDE (end = .)
                0x20001288                PROVIDE (_end = .)
                0x20001488                . = (. + _Min_Heap_Size)
 *fill*         0x20001288      0x200 
                0x20001888                . = (. + _Min_Stack_Size)
 *fill*         0x20001488      0x400 
                0x20001888                . = ALIGN (0x8)

/DISCARD/
 libc.a(*)
 libm.a(*)
 libgcc.a(*)

.ARM.attributes
                0x00000000       0x2a
 *(.ARM.attributes)
 .ARM.attributes
                0x00000000       0x1e c:/msys64/mingw64/bin/../lib/gcc/arm-none-eabi/11.3.1/thumb/v7e-m/nofp/crti.o
 .ARM.attributes
                0x0000001e       0x2e c:/msys64/mingw64/bin/../lib/gcc/arm-none-eabi/11.3.1/thumb/v7e-m/nofp/crtbegin.o
 .ARM.attributes
                0x0000004c       0x2e CMakeFiles/ARMDigitalProcessing.elf.dir/Core/Src/dma.c.obj
 .ARM.attributes
                0x0000007a       0x2e CMakeFiles/ARMDigitalProcessing.elf.dir/Core/Src/gpio.c.obj
 .ARM.attributes
                0x000000a8       0x2e CMakeFiles/ARMDigitalProcessing.elf.dir/Core/Src/main.c.obj
 .ARM.attributes
                0x000000d6       0x2e CMakeFiles/ARMDigitalProcessing.elf.dir/Core/Src/stm32f4xx_hal_msp.c.obj
 .ARM.attributes
                0x00000104       0x2e CMakeFiles/ARMDigitalProcessing.elf.dir/Core/Src/stm32f4xx_it.c.obj
 .ARM.attributes
                0x00000132       0x2e CMakeFiles/ARMDigitalProcessing.elf.dir/Core/Src/system_stm32f4xx.c.obj
 .ARM.attributes
                0x00000160       0x2e CMakeFiles/ARMDigitalProcessing.elf.dir/Core/Src/usart.c.obj
 .ARM.attributes
                0x0000018e       0x21 CMakeFiles/ARMDigitalProcessing.elf.dir/Core/Startup/startup_stm32f407vgtx.s.obj
 .ARM.attributes
                0x000001af       0x2e CMakeFiles/ARMDigitalProcessing.elf.dir/Drivers/STM32F4xx_HAL_Driver/Src/stm32f4xx_hal.c.obj
 .ARM.attributes
                0x000001dd       0x2e CMakeFiles/ARMDigitalProcessing.elf.dir/Drivers/STM32F4xx_HAL_Driver/Src/stm32f4xx_hal_cortex.c.obj
 .ARM.attributes
                0x0000020b       0x2e CMakeFiles/ARMDigitalProcessing.elf.dir/Drivers/STM32F4xx_HAL_Driver/Src/stm32f4xx_hal_dma.c.obj
 .ARM.attributes
                0x00000239       0x2e CMakeFiles/ARMDigitalProcessing.elf.dir/Drivers/STM32F4xx_HAL_Driver/Src/stm32f4xx_hal_gpio.c.obj
 .ARM.attributes
                0x00000267       0x2e CMakeFiles/ARMDigitalProcessing.elf.dir/Drivers/STM32F4xx_HAL_Driver/Src/stm32f4xx_hal_rcc.c.obj
 .ARM.attributes
                0x00000295       0x2e CMakeFiles/ARMDigitalProcessing.elf.dir/Drivers/STM32F4xx_HAL_Driver/Src/stm32f4xx_hal_uart.c.obj
 .ARM.attributes
                0x000002c3       0x1e c:/msys64/mingw64/bin/../lib/gcc/arm-none-eabi/11.3.1/thumb/v7e-m/nofp\libgcc.a(_arm_mulsf3.o)
 .ARM.attributes
                0x000002e1       0x1e c:/msys64/mingw64/bin/../lib/gcc/arm-none-eabi/11.3.1/thumb/v7e-m/nofp\libgcc.a(_arm_addsubdf3.o)
 .ARM.attributes
                0x000002ff       0x1e c:/msys64/mingw64/bin/../lib/gcc/arm-none-eabi/11.3.1/thumb/v7e-m/nofp\libgcc.a(_arm_truncdfsf2.o)
 .ARM.attributes
                0x0000031d       0x1e c:/msys64/mingw64/bin/../lib/gcc/arm-none-eabi/11.3.1/thumb/v7e-m/nofp\libgcc.a(_arm_addsubsf3.o)
 .ARM.attributes
                0x0000033b       0x1e c:/msys64/mingw64/bin/../lib/gcc/arm-none-eabi/11.3.1/thumb/v7e-m/nofp\libgcc.a(_aeabi_uldivmod.o)
 .ARM.attributes
                0x00000359       0x2e c:/msys64/mingw64/bin/../lib/gcc/arm-none-eabi/11.3.1/thumb/v7e-m/nofp\libgcc.a(_udivmoddi4.o)
 .ARM.attributes
                0x00000387       0x1e c:/msys64/mingw64/bin/../lib/gcc/arm-none-eabi/11.3.1/thumb/v7e-m/nofp\libgcc.a(_dvmd_tls.o)
 .ARM.attributes
                0x000003a5       0x2e c:/msys64/mingw64/bin/../lib/gcc/arm-none-eabi/11.3.1/thumb/v7e-m/nofp\libg.a(libc_a-memset.o)
 .ARM.attributes
                0x000003d3       0x2e c:/msys64/mingw64/bin/../lib/gcc/arm-none-eabi/11.3.1/thumb/v7e-m/nofp\libg.a(libc_a-init.o)
 .ARM.attributes
                0x00000401       0x2e c:/msys64/mingw64/bin/../lib/gcc/arm-none-eabi/11.3.1/thumb/v7e-m/nofp\libg.a(libc_a-lock.o)
 .ARM.attributes
                0x0000042f       0x1c c:/msys64/mingw64/bin/../lib/gcc/arm-none-eabi/11.3.1/thumb/v7e-m/nofp\libg.a(libc_a-strlen.o)
 .ARM.attributes
                0x0000044b       0x2e c:/msys64/mingw64/bin/../lib/gcc/arm-none-eabi/11.3.1/thumb/v7e-m/nofp\libg.a(libc_a-__call_atexit.o)
 .ARM.attributes
                0x00000479       0x2e c:/msys64/mingw64/bin/../lib/gcc/arm-none-eabi/11.3.1/thumb/v7e-m/nofp\libg.a(libc_a-atexit.o)
 .ARM.attributes
                0x000004a7       0x2e c:/msys64/mingw64/bin/../lib/gcc/arm-none-eabi/11.3.1/thumb/v7e-m/nofp\libg.a(libc_a-fini.o)
 .ARM.attributes
                0x000004d5       0x2e c:/msys64/mingw64/bin/../lib/gcc/arm-none-eabi/11.3.1/thumb/v7e-m/nofp\libg.a(libc_a-__atexit.o)
 .ARM.attributes
                0x00000503       0x1e c:/msys64/mingw64/bin/../lib/gcc/arm-none-eabi/11.3.1/thumb/v7e-m/nofp\libgcc.a(_arm_muldivdf3.o)
 .ARM.attributes
                0x00000521       0x2e c:/msys64/mingw64/bin/../lib/gcc/arm-none-eabi/11.3.1/thumb/v7e-m/nofp/crtend.o
 .ARM.attributes
                0x0000054f       0x1e c:/msys64/mingw64/bin/../lib/gcc/arm-none-eabi/11.3.1/thumb/v7e-m/nofp/crtn.o
OUTPUT(ARMDigitalProcessing.elf elf32-littlearm)
LOAD linker stubs
LOAD c:/msys64/mingw64/bin/../lib/gcc/arm-none-eabi/11.3.1/thumb/v7e-m/nofp\libc.a
LOAD c:/msys64/mingw64/bin/../lib/gcc/arm-none-eabi/11.3.1/thumb/v7e-m/nofp\libm.a
LOAD c:/msys64/mingw64/bin/../lib/gcc/arm-none-eabi/11.3.1/thumb/v7e-m/nofp\libgcc.a

.comment        0x00000000       0x33
 .comment       0x00000000       0x33 c:/msys64/mingw64/bin/../lib/gcc/arm-none-eabi/11.3.1/thumb/v7e-m/nofp/crtbegin.o
                                 0x34 (size before relaxing)
 .comment       0x00000033       0x34 CMakeFiles/ARMDigitalProcessing.elf.dir/Core/Src/dma.c.obj
 .comment       0x00000033       0x34 CMakeFiles/ARMDigitalProcessing.elf.dir/Core/Src/gpio.c.obj
 .comment       0x00000033       0x34 CMakeFiles/ARMDigitalProcessing.elf.dir/Core/Src/main.c.obj
 .comment       0x00000033       0x34 CMakeFiles/ARMDigitalProcessing.elf.dir/Core/Src/stm32f4xx_hal_msp.c.obj
 .comment       0x00000033       0x34 CMakeFiles/ARMDigitalProcessing.elf.dir/Core/Src/stm32f4xx_it.c.obj
 .comment       0x00000033       0x34 CMakeFiles/ARMDigitalProcessing.elf.dir/Core/Src/system_stm32f4xx.c.obj
 .comment       0x00000033       0x34 CMakeFiles/ARMDigitalProcessing.elf.dir/Core/Src/usart.c.obj
 .comment       0x00000033       0x34 CMakeFiles/ARMDigitalProcessing.elf.dir/Drivers/STM32F4xx_HAL_Driver/Src/stm32f4xx_hal.c.obj
 .comment       0x00000033       0x34 CMakeFiles/ARMDigitalProcessing.elf.dir/Drivers/STM32F4xx_HAL_Driver/Src/stm32f4xx_hal_cortex.c.obj
 .comment       0x00000033       0x34 CMakeFiles/ARMDigitalProcessing.elf.dir/Drivers/STM32F4xx_HAL_Driver/Src/stm32f4xx_hal_dma.c.obj
 .comment       0x00000033       0x34 CMakeFiles/ARMDigitalProcessing.elf.dir/Drivers/STM32F4xx_HAL_Driver/Src/stm32f4xx_hal_gpio.c.obj
 .comment       0x00000033       0x34 CMakeFiles/ARMDigitalProcessing.elf.dir/Drivers/STM32F4xx_HAL_Driver/Src/stm32f4xx_hal_rcc.c.obj
 .comment       0x00000033       0x34 CMakeFiles/ARMDigitalProcessing.elf.dir/Drivers/STM32F4xx_HAL_Driver/Src/stm32f4xx_hal_uart.c.obj
 .comment       0x00000033       0x34 c:/msys64/mingw64/bin/../lib/gcc/arm-none-eabi/11.3.1/thumb/v7e-m/nofp\libgcc.a(_udivmoddi4.o)
 .comment       0x00000033       0x34 c:/msys64/mingw64/bin/../lib/gcc/arm-none-eabi/11.3.1/thumb/v7e-m/nofp\libg.a(libc_a-memset.o)
 .comment       0x00000033       0x34 c:/msys64/mingw64/bin/../lib/gcc/arm-none-eabi/11.3.1/thumb/v7e-m/nofp\libg.a(libc_a-init.o)
 .comment       0x00000033       0x34 c:/msys64/mingw64/bin/../lib/gcc/arm-none-eabi/11.3.1/thumb/v7e-m/nofp\libg.a(libc_a-lock.o)
 .comment       0x00000033       0x34 c:/msys64/mingw64/bin/../lib/gcc/arm-none-eabi/11.3.1/thumb/v7e-m/nofp\libg.a(libc_a-__call_atexit.o)
 .comment       0x00000033       0x34 c:/msys64/mingw64/bin/../lib/gcc/arm-none-eabi/11.3.1/thumb/v7e-m/nofp\libg.a(libc_a-atexit.o)
 .comment       0x00000033       0x34 c:/msys64/mingw64/bin/../lib/gcc/arm-none-eabi/11.3.1/thumb/v7e-m/nofp\libg.a(libc_a-fini.o)
 .comment       0x00000033       0x34 c:/msys64/mingw64/bin/../lib/gcc/arm-none-eabi/11.3.1/thumb/v7e-m/nofp\libg.a(libc_a-__atexit.o)
 .comment       0x00000033       0x34 c:/msys64/mingw64/bin/../lib/gcc/arm-none-eabi/11.3.1/thumb/v7e-m/nofp/crtend.o

.debug_info     0x00000000     0xba9f
 .debug_info    0x00000000      0x4d9 CMakeFiles/ARMDigitalProcessing.elf.dir/Core/Src/dma.c.obj
 .debug_info    0x000004d9      0x647 CMakeFiles/ARMDigitalProcessing.elf.dir/Core/Src/gpio.c.obj
 .debug_info    0x00000b20      0x57f CMakeFiles/ARMDigitalProcessing.elf.dir/Core/Src/main.c.obj
 .debug_info    0x0000109f      0x28b CMakeFiles/ARMDigitalProcessing.elf.dir/Core/Src/stm32f4xx_hal_msp.c.obj
 .debug_info    0x0000132a      0x66e CMakeFiles/ARMDigitalProcessing.elf.dir/Core/Src/stm32f4xx_it.c.obj
 .debug_info    0x00001998      0x334 CMakeFiles/ARMDigitalProcessing.elf.dir/Core/Src/system_stm32f4xx.c.obj
 .debug_info    0x00001ccc     0x13c1 CMakeFiles/ARMDigitalProcessing.elf.dir/Core/Src/usart.c.obj
 .debug_info    0x0000308d       0x23 CMakeFiles/ARMDigitalProcessing.elf.dir/Core/Startup/startup_stm32f407vgtx.s.obj
 .debug_info    0x000030b0      0x9e6 CMakeFiles/ARMDigitalProcessing.elf.dir/Drivers/STM32F4xx_HAL_Driver/Src/stm32f4xx_hal.c.obj
 .debug_info    0x00003a96      0xf93 CMakeFiles/ARMDigitalProcessing.elf.dir/Drivers/STM32F4xx_HAL_Driver/Src/stm32f4xx_hal_cortex.c.obj
 .debug_info    0x00004a29      0xad9 CMakeFiles/ARMDigitalProcessing.elf.dir/Drivers/STM32F4xx_HAL_Driver/Src/stm32f4xx_hal_dma.c.obj
 .debug_info    0x00005502      0x704 CMakeFiles/ARMDigitalProcessing.elf.dir/Drivers/STM32F4xx_HAL_Driver/Src/stm32f4xx_hal_gpio.c.obj
 .debug_info    0x00005c06      0xa6f CMakeFiles/ARMDigitalProcessing.elf.dir/Drivers/STM32F4xx_HAL_Driver/Src/stm32f4xx_hal_rcc.c.obj
 .debug_info    0x00006675     0x408c CMakeFiles/ARMDigitalProcessing.elf.dir/Drivers/STM32F4xx_HAL_Driver/Src/stm32f4xx_hal_uart.c.obj
 .debug_info    0x0000a701       0x25 c:/msys64/mingw64/bin/../lib/gcc/arm-none-eabi/11.3.1/thumb/v7e-m/nofp\libgcc.a(_arm_mulsf3.o)
 .debug_info    0x0000a726       0x25 c:/msys64/mingw64/bin/../lib/gcc/arm-none-eabi/11.3.1/thumb/v7e-m/nofp\libgcc.a(_arm_addsubdf3.o)
 .debug_info    0x0000a74b       0x25 c:/msys64/mingw64/bin/../lib/gcc/arm-none-eabi/11.3.1/thumb/v7e-m/nofp\libgcc.a(_arm_truncdfsf2.o)
 .debug_info    0x0000a770       0x25 c:/msys64/mingw64/bin/../lib/gcc/arm-none-eabi/11.3.1/thumb/v7e-m/nofp\libgcc.a(_arm_addsubsf3.o)
 .debug_info    0x0000a795       0x24 c:/msys64/mingw64/bin/../lib/gcc/arm-none-eabi/11.3.1/thumb/v7e-m/nofp\libgcc.a(_aeabi_uldivmod.o)
 .debug_info    0x0000a7b9      0x6e3 c:/msys64/mingw64/bin/../lib/gcc/arm-none-eabi/11.3.1/thumb/v7e-m/nofp\libgcc.a(_udivmoddi4.o)
 .debug_info    0x0000ae9c       0x24 c:/msys64/mingw64/bin/../lib/gcc/arm-none-eabi/11.3.1/thumb/v7e-m/nofp\libgcc.a(_dvmd_tls.o)
 .debug_info    0x0000aec0      0x135 c:/msys64/mingw64/bin/../lib/gcc/arm-none-eabi/11.3.1/thumb/v7e-m/nofp\libg.a(libc_a-memset.o)
 .debug_info    0x0000aff5      0x10b c:/msys64/mingw64/bin/../lib/gcc/arm-none-eabi/11.3.1/thumb/v7e-m/nofp\libg.a(libc_a-init.o)
 .debug_info    0x0000b100      0x20a c:/msys64/mingw64/bin/../lib/gcc/arm-none-eabi/11.3.1/thumb/v7e-m/nofp\libg.a(libc_a-lock.o)
 .debug_info    0x0000b30a       0x25 c:/msys64/mingw64/bin/../lib/gcc/arm-none-eabi/11.3.1/thumb/v7e-m/nofp\libg.a(libc_a-strlen.o)
 .debug_info    0x0000b32f      0x2dd c:/msys64/mingw64/bin/../lib/gcc/arm-none-eabi/11.3.1/thumb/v7e-m/nofp\libg.a(libc_a-__call_atexit.o)
 .debug_info    0x0000b60c      0x118 c:/msys64/mingw64/bin/../lib/gcc/arm-none-eabi/11.3.1/thumb/v7e-m/nofp\libg.a(libc_a-atexit.o)
 .debug_info    0x0000b724       0xf7 c:/msys64/mingw64/bin/../lib/gcc/arm-none-eabi/11.3.1/thumb/v7e-m/nofp\libg.a(libc_a-fini.o)
 .debug_info    0x0000b81b      0x25f c:/msys64/mingw64/bin/../lib/gcc/arm-none-eabi/11.3.1/thumb/v7e-m/nofp\libg.a(libc_a-__atexit.o)
 .debug_info    0x0000ba7a       0x25 c:/msys64/mingw64/bin/../lib/gcc/arm-none-eabi/11.3.1/thumb/v7e-m/nofp\libgcc.a(_arm_muldivdf3.o)

.debug_abbrev   0x00000000     0x2606
 .debug_abbrev  0x00000000      0x12b CMakeFiles/ARMDigitalProcessing.elf.dir/Core/Src/dma.c.obj
 .debug_abbrev  0x0000012b      0x164 CMakeFiles/ARMDigitalProcessing.elf.dir/Core/Src/gpio.c.obj
 .debug_abbrev  0x0000028f      0x202 CMakeFiles/ARMDigitalProcessing.elf.dir/Core/Src/main.c.obj
 .debug_abbrev  0x00000491       0xfb CMakeFiles/ARMDigitalProcessing.elf.dir/Core/Src/stm32f4xx_hal_msp.c.obj
 .debug_abbrev  0x0000058c      0x17f CMakeFiles/ARMDigitalProcessing.elf.dir/Core/Src/stm32f4xx_it.c.obj
 .debug_abbrev  0x0000070b      0x120 CMakeFiles/ARMDigitalProcessing.elf.dir/Core/Src/system_stm32f4xx.c.obj
 .debug_abbrev  0x0000082b      0x39c CMakeFiles/ARMDigitalProcessing.elf.dir/Core/Src/usart.c.obj
 .debug_abbrev  0x00000bc7       0x12 CMakeFiles/ARMDigitalProcessing.elf.dir/Core/Startup/startup_stm32f407vgtx.s.obj
 .debug_abbrev  0x00000bd9      0x23f CMakeFiles/ARMDigitalProcessing.elf.dir/Drivers/STM32F4xx_HAL_Driver/Src/stm32f4xx_hal.c.obj
 .debug_abbrev  0x00000e18      0x376 CMakeFiles/ARMDigitalProcessing.elf.dir/Drivers/STM32F4xx_HAL_Driver/Src/stm32f4xx_hal_cortex.c.obj
 .debug_abbrev  0x0000118e      0x2c0 CMakeFiles/ARMDigitalProcessing.elf.dir/Drivers/STM32F4xx_HAL_Driver/Src/stm32f4xx_hal_dma.c.obj
 .debug_abbrev  0x0000144e      0x202 CMakeFiles/ARMDigitalProcessing.elf.dir/Drivers/STM32F4xx_HAL_Driver/Src/stm32f4xx_hal_gpio.c.obj
 .debug_abbrev  0x00001650      0x2c6 CMakeFiles/ARMDigitalProcessing.elf.dir/Drivers/STM32F4xx_HAL_Driver/Src/stm32f4xx_hal_rcc.c.obj
 .debug_abbrev  0x00001916      0x32f CMakeFiles/ARMDigitalProcessing.elf.dir/Drivers/STM32F4xx_HAL_Driver/Src/stm32f4xx_hal_uart.c.obj
 .debug_abbrev  0x00001c45       0x14 c:/msys64/mingw64/bin/../lib/gcc/arm-none-eabi/11.3.1/thumb/v7e-m/nofp\libgcc.a(_arm_mulsf3.o)
 .debug_abbrev  0x00001c59       0x14 c:/msys64/mingw64/bin/../lib/gcc/arm-none-eabi/11.3.1/thumb/v7e-m/nofp\libgcc.a(_arm_addsubdf3.o)
 .debug_abbrev  0x00001c6d       0x14 c:/msys64/mingw64/bin/../lib/gcc/arm-none-eabi/11.3.1/thumb/v7e-m/nofp\libgcc.a(_arm_truncdfsf2.o)
 .debug_abbrev  0x00001c81       0x14 c:/msys64/mingw64/bin/../lib/gcc/arm-none-eabi/11.3.1/thumb/v7e-m/nofp\libgcc.a(_arm_addsubsf3.o)
 .debug_abbrev  0x00001c95       0x14 c:/msys64/mingw64/bin/../lib/gcc/arm-none-eabi/11.3.1/thumb/v7e-m/nofp\libgcc.a(_aeabi_uldivmod.o)
 .debug_abbrev  0x00001ca9      0x16a c:/msys64/mingw64/bin/../lib/gcc/arm-none-eabi/11.3.1/thumb/v7e-m/nofp\libgcc.a(_udivmoddi4.o)
 .debug_abbrev  0x00001e13       0x14 c:/msys64/mingw64/bin/../lib/gcc/arm-none-eabi/11.3.1/thumb/v7e-m/nofp\libgcc.a(_dvmd_tls.o)
 .debug_abbrev  0x00001e27       0xb7 c:/msys64/mingw64/bin/../lib/gcc/arm-none-eabi/11.3.1/thumb/v7e-m/nofp\libg.a(libc_a-memset.o)
 .debug_abbrev  0x00001ede       0xc9 c:/msys64/mingw64/bin/../lib/gcc/arm-none-eabi/11.3.1/thumb/v7e-m/nofp\libg.a(libc_a-init.o)
 .debug_abbrev  0x00001fa7      0x115 c:/msys64/mingw64/bin/../lib/gcc/arm-none-eabi/11.3.1/thumb/v7e-m/nofp\libg.a(libc_a-lock.o)
 .debug_abbrev  0x000020bc       0x14 c:/msys64/mingw64/bin/../lib/gcc/arm-none-eabi/11.3.1/thumb/v7e-m/nofp\libg.a(libc_a-strlen.o)
 .debug_abbrev  0x000020d0      0x20c c:/msys64/mingw64/bin/../lib/gcc/arm-none-eabi/11.3.1/thumb/v7e-m/nofp\libg.a(libc_a-__call_atexit.o)
 .debug_abbrev  0x000022dc       0xc1 c:/msys64/mingw64/bin/../lib/gcc/arm-none-eabi/11.3.1/thumb/v7e-m/nofp\libg.a(libc_a-atexit.o)
 .debug_abbrev  0x0000239d       0xcc c:/msys64/mingw64/bin/../lib/gcc/arm-none-eabi/11.3.1/thumb/v7e-m/nofp\libg.a(libc_a-fini.o)
 .debug_abbrev  0x00002469      0x189 c:/msys64/mingw64/bin/../lib/gcc/arm-none-eabi/11.3.1/thumb/v7e-m/nofp\libg.a(libc_a-__atexit.o)
 .debug_abbrev  0x000025f2       0x14 c:/msys64/mingw64/bin/../lib/gcc/arm-none-eabi/11.3.1/thumb/v7e-m/nofp\libgcc.a(_arm_muldivdf3.o)

.debug_aranges  0x00000000      0x8f0
 .debug_aranges
                0x00000000       0x20 CMakeFiles/ARMDigitalProcessing.elf.dir/Core/Src/dma.c.obj
 .debug_aranges
                0x00000020       0x20 CMakeFiles/ARMDigitalProcessing.elf.dir/Core/Src/gpio.c.obj
 .debug_aranges
                0x00000040       0x30 CMakeFiles/ARMDigitalProcessing.elf.dir/Core/Src/main.c.obj
 .debug_aranges
                0x00000070       0x20 CMakeFiles/ARMDigitalProcessing.elf.dir/Core/Src/stm32f4xx_hal_msp.c.obj
 .debug_aranges
                0x00000090       0x70 CMakeFiles/ARMDigitalProcessing.elf.dir/Core/Src/stm32f4xx_it.c.obj
 .debug_aranges
                0x00000100       0x28 CMakeFiles/ARMDigitalProcessing.elf.dir/Core/Src/system_stm32f4xx.c.obj
 .debug_aranges
                0x00000128       0x88 CMakeFiles/ARMDigitalProcessing.elf.dir/Core/Src/usart.c.obj
 .debug_aranges
                0x000001b0       0x28 CMakeFiles/ARMDigitalProcessing.elf.dir/Core/Startup/startup_stm32f407vgtx.s.obj
 .debug_aranges
                0x000001d8       0xf0 CMakeFiles/ARMDigitalProcessing.elf.dir/Drivers/STM32F4xx_HAL_Driver/Src/stm32f4xx_hal.c.obj
 .debug_aranges
                0x000002c8       0xa8 CMakeFiles/ARMDigitalProcessing.elf.dir/Drivers/STM32F4xx_HAL_Driver/Src/stm32f4xx_hal_cortex.c.obj
 .debug_aranges
                0x00000370       0x90 CMakeFiles/ARMDigitalProcessing.elf.dir/Drivers/STM32F4xx_HAL_Driver/Src/stm32f4xx_hal_dma.c.obj
 .debug_aranges
                0x00000400       0x58 CMakeFiles/ARMDigitalProcessing.elf.dir/Drivers/STM32F4xx_HAL_Driver/Src/stm32f4xx_hal_gpio.c.obj
 .debug_aranges
                0x00000458       0x88 CMakeFiles/ARMDigitalProcessing.elf.dir/Drivers/STM32F4xx_HAL_Driver/Src/stm32f4xx_hal_rcc.c.obj
 .debug_aranges
                0x000004e0      0x200 CMakeFiles/ARMDigitalProcessing.elf.dir/Drivers/STM32F4xx_HAL_Driver/Src/stm32f4xx_hal_uart.c.obj
 .debug_aranges
                0x000006e0       0x20 c:/msys64/mingw64/bin/../lib/gcc/arm-none-eabi/11.3.1/thumb/v7e-m/nofp\libgcc.a(_arm_mulsf3.o)
 .debug_aranges
                0x00000700       0x20 c:/msys64/mingw64/bin/../lib/gcc/arm-none-eabi/11.3.1/thumb/v7e-m/nofp\libgcc.a(_arm_addsubdf3.o)
 .debug_aranges
                0x00000720       0x20 c:/msys64/mingw64/bin/../lib/gcc/arm-none-eabi/11.3.1/thumb/v7e-m/nofp\libgcc.a(_arm_truncdfsf2.o)
 .debug_aranges
                0x00000740       0x20 c:/msys64/mingw64/bin/../lib/gcc/arm-none-eabi/11.3.1/thumb/v7e-m/nofp\libgcc.a(_arm_addsubsf3.o)
 .debug_aranges
                0x00000760       0x20 c:/msys64/mingw64/bin/../lib/gcc/arm-none-eabi/11.3.1/thumb/v7e-m/nofp\libgcc.a(_aeabi_uldivmod.o)
 .debug_aranges
                0x00000780       0x20 c:/msys64/mingw64/bin/../lib/gcc/arm-none-eabi/11.3.1/thumb/v7e-m/nofp\libgcc.a(_udivmoddi4.o)
 .debug_aranges
                0x000007a0       0x20 c:/msys64/mingw64/bin/../lib/gcc/arm-none-eabi/11.3.1/thumb/v7e-m/nofp\libgcc.a(_dvmd_tls.o)
 .debug_aranges
                0x000007c0       0x20 c:/msys64/mingw64/bin/../lib/gcc/arm-none-eabi/11.3.1/thumb/v7e-m/nofp\libg.a(libc_a-memset.o)
 .debug_aranges
                0x000007e0       0x20 c:/msys64/mingw64/bin/../lib/gcc/arm-none-eabi/11.3.1/thumb/v7e-m/nofp\libg.a(libc_a-init.o)
 .debug_aranges
                0x00000800       0x28 c:/msys64/mingw64/bin/../lib/gcc/arm-none-eabi/11.3.1/thumb/v7e-m/nofp\libg.a(libc_a-lock.o)
 .debug_aranges
                0x00000828       0x20 c:/msys64/mingw64/bin/../lib/gcc/arm-none-eabi/11.3.1/thumb/v7e-m/nofp\libg.a(libc_a-strlen.o)
 .debug_aranges
                0x00000848       0x28 c:/msys64/mingw64/bin/../lib/gcc/arm-none-eabi/11.3.1/thumb/v7e-m/nofp\libg.a(libc_a-__call_atexit.o)
 .debug_aranges
                0x00000870       0x20 c:/msys64/mingw64/bin/../lib/gcc/arm-none-eabi/11.3.1/thumb/v7e-m/nofp\libg.a(libc_a-atexit.o)
 .debug_aranges
                0x00000890       0x20 c:/msys64/mingw64/bin/../lib/gcc/arm-none-eabi/11.3.1/thumb/v7e-m/nofp\libg.a(libc_a-fini.o)
 .debug_aranges
                0x000008b0       0x20 c:/msys64/mingw64/bin/../lib/gcc/arm-none-eabi/11.3.1/thumb/v7e-m/nofp\libg.a(libc_a-__atexit.o)
 .debug_aranges
                0x000008d0       0x20 c:/msys64/mingw64/bin/../lib/gcc/arm-none-eabi/11.3.1/thumb/v7e-m/nofp\libgcc.a(_arm_muldivdf3.o)

.debug_rnglists
                0x00000000      0x69d
 .debug_rnglists
                0x00000000       0x13 CMakeFiles/ARMDigitalProcessing.elf.dir/Core/Src/dma.c.obj
 .debug_rnglists
                0x00000013       0x14 CMakeFiles/ARMDigitalProcessing.elf.dir/Core/Src/gpio.c.obj
 .debug_rnglists
                0x00000027       0x20 CMakeFiles/ARMDigitalProcessing.elf.dir/Core/Src/main.c.obj
 .debug_rnglists
                0x00000047       0x13 CMakeFiles/ARMDigitalProcessing.elf.dir/Core/Src/stm32f4xx_hal_msp.c.obj
 .debug_rnglists
                0x0000005a       0x4f CMakeFiles/ARMDigitalProcessing.elf.dir/Core/Src/stm32f4xx_it.c.obj
 .debug_rnglists
                0x000000a9       0x1a CMakeFiles/ARMDigitalProcessing.elf.dir/Core/Src/system_stm32f4xx.c.obj
 .debug_rnglists
                0x000000c3       0x70 CMakeFiles/ARMDigitalProcessing.elf.dir/Core/Src/usart.c.obj
 .debug_rnglists
                0x00000133       0x19 CMakeFiles/ARMDigitalProcessing.elf.dir/Core/Startup/startup_stm32f407vgtx.s.obj
 .debug_rnglists
                0x0000014c       0xaf CMakeFiles/ARMDigitalProcessing.elf.dir/Drivers/STM32F4xx_HAL_Driver/Src/stm32f4xx_hal.c.obj
 .debug_rnglists
                0x000001fb       0xa9 CMakeFiles/ARMDigitalProcessing.elf.dir/Drivers/STM32F4xx_HAL_Driver/Src/stm32f4xx_hal_cortex.c.obj
 .debug_rnglists
                0x000002a4       0x6c CMakeFiles/ARMDigitalProcessing.elf.dir/Drivers/STM32F4xx_HAL_Driver/Src/stm32f4xx_hal_dma.c.obj
 .debug_rnglists
                0x00000310       0x3f CMakeFiles/ARMDigitalProcessing.elf.dir/Drivers/STM32F4xx_HAL_Driver/Src/stm32f4xx_hal_gpio.c.obj
 .debug_rnglists
                0x0000034f       0x75 CMakeFiles/ARMDigitalProcessing.elf.dir/Drivers/STM32F4xx_HAL_Driver/Src/stm32f4xx_hal_rcc.c.obj
 .debug_rnglists
                0x000003c4      0x19b CMakeFiles/ARMDigitalProcessing.elf.dir/Drivers/STM32F4xx_HAL_Driver/Src/stm32f4xx_hal_uart.c.obj
 .debug_rnglists
                0x0000055f       0x8f c:/msys64/mingw64/bin/../lib/gcc/arm-none-eabi/11.3.1/thumb/v7e-m/nofp\libgcc.a(_udivmoddi4.o)
 .debug_rnglists
                0x000005ee       0x14 c:/msys64/mingw64/bin/../lib/gcc/arm-none-eabi/11.3.1/thumb/v7e-m/nofp\libg.a(libc_a-memset.o)
 .debug_rnglists
                0x00000602       0x13 c:/msys64/mingw64/bin/../lib/gcc/arm-none-eabi/11.3.1/thumb/v7e-m/nofp\libg.a(libc_a-init.o)
 .debug_rnglists
                0x00000615       0x19 c:/msys64/mingw64/bin/../lib/gcc/arm-none-eabi/11.3.1/thumb/v7e-m/nofp\libg.a(libc_a-lock.o)
 .debug_rnglists
                0x0000062e       0x35 c:/msys64/mingw64/bin/../lib/gcc/arm-none-eabi/11.3.1/thumb/v7e-m/nofp\libg.a(libc_a-__call_atexit.o)
 .debug_rnglists
                0x00000663       0x13 c:/msys64/mingw64/bin/../lib/gcc/arm-none-eabi/11.3.1/thumb/v7e-m/nofp\libg.a(libc_a-atexit.o)
 .debug_rnglists
                0x00000676       0x13 c:/msys64/mingw64/bin/../lib/gcc/arm-none-eabi/11.3.1/thumb/v7e-m/nofp\libg.a(libc_a-fini.o)
 .debug_rnglists
                0x00000689       0x14 c:/msys64/mingw64/bin/../lib/gcc/arm-none-eabi/11.3.1/thumb/v7e-m/nofp\libg.a(libc_a-__atexit.o)

.debug_line     0x00000000     0xa449
 .debug_line    0x00000000      0x1c5 CMakeFiles/ARMDigitalProcessing.elf.dir/Core/Src/dma.c.obj
 .debug_line    0x000001c5      0x3ea CMakeFiles/ARMDigitalProcessing.elf.dir/Core/Src/gpio.c.obj
 .debug_line    0x000005af      0x3b1 CMakeFiles/ARMDigitalProcessing.elf.dir/Core/Src/main.c.obj
 .debug_line    0x00000960      0x1d9 CMakeFiles/ARMDigitalProcessing.elf.dir/Core/Src/stm32f4xx_hal_msp.c.obj
 .debug_line    0x00000b39      0x32b CMakeFiles/ARMDigitalProcessing.elf.dir/Core/Src/stm32f4xx_it.c.obj
 .debug_line    0x00000e64      0x239 CMakeFiles/ARMDigitalProcessing.elf.dir/Core/Src/system_stm32f4xx.c.obj
 .debug_line    0x0000109d      0x724 CMakeFiles/ARMDigitalProcessing.elf.dir/Core/Src/usart.c.obj
 .debug_line    0x000017c1       0x7a CMakeFiles/ARMDigitalProcessing.elf.dir/Core/Startup/startup_stm32f407vgtx.s.obj
 .debug_line    0x0000183b      0x5d3 CMakeFiles/ARMDigitalProcessing.elf.dir/Drivers/STM32F4xx_HAL_Driver/Src/stm32f4xx_hal.c.obj
 .debug_line    0x00001e0e      0x7e5 CMakeFiles/ARMDigitalProcessing.elf.dir/Drivers/STM32F4xx_HAL_Driver/Src/stm32f4xx_hal_cortex.c.obj
 .debug_line    0x000025f3      0xe6b CMakeFiles/ARMDigitalProcessing.elf.dir/Drivers/STM32F4xx_HAL_Driver/Src/stm32f4xx_hal_dma.c.obj
 .debug_line    0x0000345e      0x6ec CMakeFiles/ARMDigitalProcessing.elf.dir/Drivers/STM32F4xx_HAL_Driver/Src/stm32f4xx_hal_gpio.c.obj
 .debug_line    0x00003b4a      0xb4a CMakeFiles/ARMDigitalProcessing.elf.dir/Drivers/STM32F4xx_HAL_Driver/Src/stm32f4xx_hal_rcc.c.obj
 .debug_line    0x00004694     0x463f CMakeFiles/ARMDigitalProcessing.elf.dir/Drivers/STM32F4xx_HAL_Driver/Src/stm32f4xx_hal_uart.c.obj
 .debug_line    0x00008cd3       0xbd c:/msys64/mingw64/bin/../lib/gcc/arm-none-eabi/11.3.1/thumb/v7e-m/nofp\libgcc.a(_arm_mulsf3.o)
 .debug_line    0x00008d90      0x16f c:/msys64/mingw64/bin/../lib/gcc/arm-none-eabi/11.3.1/thumb/v7e-m/nofp\libgcc.a(_arm_addsubdf3.o)
 .debug_line    0x00008eff       0x76 c:/msys64/mingw64/bin/../lib/gcc/arm-none-eabi/11.3.1/thumb/v7e-m/nofp\libgcc.a(_arm_truncdfsf2.o)
 .debug_line    0x00008f75      0x103 c:/msys64/mingw64/bin/../lib/gcc/arm-none-eabi/11.3.1/thumb/v7e-m/nofp\libgcc.a(_arm_addsubsf3.o)
 .debug_line    0x00009078       0x4e c:/msys64/mingw64/bin/../lib/gcc/arm-none-eabi/11.3.1/thumb/v7e-m/nofp\libgcc.a(_aeabi_uldivmod.o)
 .debug_line    0x000090c6      0x5d6 c:/msys64/mingw64/bin/../lib/gcc/arm-none-eabi/11.3.1/thumb/v7e-m/nofp\libgcc.a(_udivmoddi4.o)
 .debug_line    0x0000969c       0x4a c:/msys64/mingw64/bin/../lib/gcc/arm-none-eabi/11.3.1/thumb/v7e-m/nofp\libgcc.a(_dvmd_tls.o)
 .debug_line    0x000096e6      0x23d c:/msys64/mingw64/bin/../lib/gcc/arm-none-eabi/11.3.1/thumb/v7e-m/nofp\libg.a(libc_a-memset.o)
 .debug_line    0x00009923      0x17e c:/msys64/mingw64/bin/../lib/gcc/arm-none-eabi/11.3.1/thumb/v7e-m/nofp\libg.a(libc_a-init.o)
 .debug_line    0x00009aa1      0x105 c:/msys64/mingw64/bin/../lib/gcc/arm-none-eabi/11.3.1/thumb/v7e-m/nofp\libg.a(libc_a-lock.o)
 .debug_line    0x00009ba6       0x87 c:/msys64/mingw64/bin/../lib/gcc/arm-none-eabi/11.3.1/thumb/v7e-m/nofp\libg.a(libc_a-strlen.o)
 .debug_line    0x00009c2d      0x2a8 c:/msys64/mingw64/bin/../lib/gcc/arm-none-eabi/11.3.1/thumb/v7e-m/nofp\libg.a(libc_a-__call_atexit.o)
 .debug_line    0x00009ed5      0x104 c:/msys64/mingw64/bin/../lib/gcc/arm-none-eabi/11.3.1/thumb/v7e-m/nofp\libg.a(libc_a-atexit.o)
 .debug_line    0x00009fd9      0x136 c:/msys64/mingw64/bin/../lib/gcc/arm-none-eabi/11.3.1/thumb/v7e-m/nofp\libg.a(libc_a-fini.o)
 .debug_line    0x0000a10f      0x1b6 c:/msys64/mingw64/bin/../lib/gcc/arm-none-eabi/11.3.1/thumb/v7e-m/nofp\libg.a(libc_a-__atexit.o)
 .debug_line    0x0000a2c5      0x184 c:/msys64/mingw64/bin/../lib/gcc/arm-none-eabi/11.3.1/thumb/v7e-m/nofp\libgcc.a(_arm_muldivdf3.o)

.debug_str      0x00000000     0x375e
 .debug_str     0x00000000      0x7ba CMakeFiles/ARMDigitalProcessing.elf.dir/Core/Src/dma.c.obj
                                0x7fc (size before relaxing)
 .debug_str     0x000007ba      0x110 CMakeFiles/ARMDigitalProcessing.elf.dir/Core/Src/gpio.c.obj
                                0x3bb (size before relaxing)
 .debug_str     0x000008ca      0x234 CMakeFiles/ARMDigitalProcessing.elf.dir/Core/Src/main.c.obj
                                0x500 (size before relaxing)
 .debug_str     0x00000afe       0x72 CMakeFiles/ARMDigitalProcessing.elf.dir/Core/Src/stm32f4xx_hal_msp.c.obj
                                0x307 (size before relaxing)
 .debug_str     0x00000b70      0x52a CMakeFiles/ARMDigitalProcessing.elf.dir/Core/Src/stm32f4xx_it.c.obj
                                0x720 (size before relaxing)
 .debug_str     0x0000109a       0xb0 CMakeFiles/ARMDigitalProcessing.elf.dir/Core/Src/system_stm32f4xx.c.obj
                                0x350 (size before relaxing)
 .debug_str     0x0000114a      0x335 CMakeFiles/ARMDigitalProcessing.elf.dir/Core/Src/usart.c.obj
                               0x106b (size before relaxing)
 .debug_str     0x0000147f       0x5d CMakeFiles/ARMDigitalProcessing.elf.dir/Core/Startup/startup_stm32f407vgtx.s.obj
                                 0x9b (size before relaxing)
 .debug_str     0x000014dc      0x35b CMakeFiles/ARMDigitalProcessing.elf.dir/Drivers/STM32F4xx_HAL_Driver/Src/stm32f4xx_hal.c.obj
                                0xb93 (size before relaxing)
 .debug_str     0x00001837      0x4a3 CMakeFiles/ARMDigitalProcessing.elf.dir/Drivers/STM32F4xx_HAL_Driver/Src/stm32f4xx_hal_cortex.c.obj
                                0xc5b (size before relaxing)
 .debug_str     0x00001cda      0x313 CMakeFiles/ARMDigitalProcessing.elf.dir/Drivers/STM32F4xx_HAL_Driver/Src/stm32f4xx_hal_dma.c.obj
                                0x7a5 (size before relaxing)
 .debug_str     0x00001fed      0x143 CMakeFiles/ARMDigitalProcessing.elf.dir/Drivers/STM32F4xx_HAL_Driver/Src/stm32f4xx_hal_gpio.c.obj
                                0x50f (size before relaxing)
 .debug_str     0x00002130      0x1cd CMakeFiles/ARMDigitalProcessing.elf.dir/Drivers/STM32F4xx_HAL_Driver/Src/stm32f4xx_hal_rcc.c.obj
                                0x735 (size before relaxing)
 .debug_str     0x000022fd      0x598 CMakeFiles/ARMDigitalProcessing.elf.dir/Drivers/STM32F4xx_HAL_Driver/Src/stm32f4xx_hal_uart.c.obj
                                0xd88 (size before relaxing)
 .debug_str     0x00002895       0xcb c:/msys64/mingw64/bin/../lib/gcc/arm-none-eabi/11.3.1/thumb/v7e-m/nofp\libgcc.a(_arm_mulsf3.o)
                                 0xd7 (size before relaxing)
 .debug_str     0x00002960       0x54 c:/msys64/mingw64/bin/../lib/gcc/arm-none-eabi/11.3.1/thumb/v7e-m/nofp\libgcc.a(_arm_addsubdf3.o)
                                 0xd7 (size before relaxing)
 .debug_str     0x000029b4       0xd7 c:/msys64/mingw64/bin/../lib/gcc/arm-none-eabi/11.3.1/thumb/v7e-m/nofp\libgcc.a(_arm_truncdfsf2.o)
 .debug_str     0x000029b4       0xd7 c:/msys64/mingw64/bin/../lib/gcc/arm-none-eabi/11.3.1/thumb/v7e-m/nofp\libgcc.a(_arm_addsubsf3.o)
 .debug_str     0x000029b4       0x4f c:/msys64/mingw64/bin/../lib/gcc/arm-none-eabi/11.3.1/thumb/v7e-m/nofp\libgcc.a(_aeabi_uldivmod.o)
                                 0xd2 (size before relaxing)
 .debug_str     0x00002a03      0x592 c:/msys64/mingw64/bin/../lib/gcc/arm-none-eabi/11.3.1/thumb/v7e-m/nofp\libgcc.a(_udivmoddi4.o)
                                0x69e (size before relaxing)
 .debug_str     0x00002f95       0x53 c:/msys64/mingw64/bin/../lib/gcc/arm-none-eabi/11.3.1/thumb/v7e-m/nofp\libgcc.a(_dvmd_tls.o)
                                 0xd6 (size before relaxing)
 .debug_str     0x00002fe8      0x16b c:/msys64/mingw64/bin/../lib/gcc/arm-none-eabi/11.3.1/thumb/v7e-m/nofp\libg.a(libc_a-memset.o)
                                0x215 (size before relaxing)
 .debug_str     0x00003153       0xb7 c:/msys64/mingw64/bin/../lib/gcc/arm-none-eabi/11.3.1/thumb/v7e-m/nofp\libg.a(libc_a-init.o)
                                0x262 (size before relaxing)
 .debug_str     0x0000320a      0x267 c:/msys64/mingw64/bin/../lib/gcc/arm-none-eabi/11.3.1/thumb/v7e-m/nofp\libg.a(libc_a-lock.o)
                                0x374 (size before relaxing)
 .debug_str     0x00003471       0x66 c:/msys64/mingw64/bin/../lib/gcc/arm-none-eabi/11.3.1/thumb/v7e-m/nofp\libg.a(libc_a-strlen.o)
                                 0xeb (size before relaxing)
 .debug_str     0x000034d7      0x106 c:/msys64/mingw64/bin/../lib/gcc/arm-none-eabi/11.3.1/thumb/v7e-m/nofp\libg.a(libc_a-__call_atexit.o)
                                0x33e (size before relaxing)
 .debug_str     0x000035dd       0x9f c:/msys64/mingw64/bin/../lib/gcc/arm-none-eabi/11.3.1/thumb/v7e-m/nofp\libg.a(libc_a-atexit.o)
                                0x23e (size before relaxing)
 .debug_str     0x0000367c       0x7b c:/msys64/mingw64/bin/../lib/gcc/arm-none-eabi/11.3.1/thumb/v7e-m/nofp\libg.a(libc_a-fini.o)
                                0x238 (size before relaxing)
 .debug_str     0x000036f7       0x67 c:/msys64/mingw64/bin/../lib/gcc/arm-none-eabi/11.3.1/thumb/v7e-m/nofp\libg.a(libc_a-__atexit.o)
                                0x315 (size before relaxing)
 .debug_str     0x0000375e       0xd7 c:/msys64/mingw64/bin/../lib/gcc/arm-none-eabi/11.3.1/thumb/v7e-m/nofp\libgcc.a(_arm_muldivdf3.o)

.debug_frame    0x00000000     0x140c
 .debug_frame   0x00000000       0x2c CMakeFiles/ARMDigitalProcessing.elf.dir/Core/Src/dma.c.obj
 .debug_frame   0x0000002c       0x3c CMakeFiles/ARMDigitalProcessing.elf.dir/Core/Src/gpio.c.obj
 .debug_frame   0x00000068       0x58 CMakeFiles/ARMDigitalProcessing.elf.dir/Core/Src/main.c.obj
 .debug_frame   0x000000c0       0x2c CMakeFiles/ARMDigitalProcessing.elf.dir/Core/Src/stm32f4xx_hal_msp.c.obj
 .debug_frame   0x000000ec       0xd8 CMakeFiles/ARMDigitalProcessing.elf.dir/Core/Src/stm32f4xx_it.c.obj
 .debug_frame   0x000001c4       0x30 CMakeFiles/ARMDigitalProcessing.elf.dir/Core/Src/system_stm32f4xx.c.obj
 .debug_frame   0x000001f4      0x178 CMakeFiles/ARMDigitalProcessing.elf.dir/Core/Src/usart.c.obj
 .debug_frame   0x0000036c      0x1ec CMakeFiles/ARMDigitalProcessing.elf.dir/Drivers/STM32F4xx_HAL_Driver/Src/stm32f4xx_hal.c.obj
 .debug_frame   0x00000558      0x148 CMakeFiles/ARMDigitalProcessing.elf.dir/Drivers/STM32F4xx_HAL_Driver/Src/stm32f4xx_hal_cortex.c.obj
 .debug_frame   0x000006a0      0x188 CMakeFiles/ARMDigitalProcessing.elf.dir/Drivers/STM32F4xx_HAL_Driver/Src/stm32f4xx_hal_dma.c.obj
 .debug_frame   0x00000828       0xd4 CMakeFiles/ARMDigitalProcessing.elf.dir/Drivers/STM32F4xx_HAL_Driver/Src/stm32f4xx_hal_gpio.c.obj
 .debug_frame   0x000008fc      0x16c CMakeFiles/ARMDigitalProcessing.elf.dir/Drivers/STM32F4xx_HAL_Driver/Src/stm32f4xx_hal_rcc.c.obj
 .debug_frame   0x00000a68      0x5c8 CMakeFiles/ARMDigitalProcessing.elf.dir/Drivers/STM32F4xx_HAL_Driver/Src/stm32f4xx_hal_uart.c.obj
 .debug_frame   0x00001030       0x24 c:/msys64/mingw64/bin/../lib/gcc/arm-none-eabi/11.3.1/thumb/v7e-m/nofp\libgcc.a(_arm_mulsf3.o)
 .debug_frame   0x00001054       0xac c:/msys64/mingw64/bin/../lib/gcc/arm-none-eabi/11.3.1/thumb/v7e-m/nofp\libgcc.a(_arm_addsubdf3.o)
 .debug_frame   0x00001100       0x24 c:/msys64/mingw64/bin/../lib/gcc/arm-none-eabi/11.3.1/thumb/v7e-m/nofp\libgcc.a(_arm_truncdfsf2.o)
 .debug_frame   0x00001124       0x4c c:/msys64/mingw64/bin/../lib/gcc/arm-none-eabi/11.3.1/thumb/v7e-m/nofp\libgcc.a(_arm_addsubsf3.o)
 .debug_frame   0x00001170       0x2c c:/msys64/mingw64/bin/../lib/gcc/arm-none-eabi/11.3.1/thumb/v7e-m/nofp\libgcc.a(_aeabi_uldivmod.o)
 .debug_frame   0x0000119c       0x34 c:/msys64/mingw64/bin/../lib/gcc/arm-none-eabi/11.3.1/thumb/v7e-m/nofp\libgcc.a(_udivmoddi4.o)
 .debug_frame   0x000011d0       0x2c c:/msys64/mingw64/bin/../lib/gcc/arm-none-eabi/11.3.1/thumb/v7e-m/nofp\libg.a(libc_a-memset.o)
 .debug_frame   0x000011fc       0x2c c:/msys64/mingw64/bin/../lib/gcc/arm-none-eabi/11.3.1/thumb/v7e-m/nofp\libg.a(libc_a-init.o)
 .debug_frame   0x00001228       0xb0 c:/msys64/mingw64/bin/../lib/gcc/arm-none-eabi/11.3.1/thumb/v7e-m/nofp\libg.a(libc_a-lock.o)
 .debug_frame   0x000012d8       0x5c c:/msys64/mingw64/bin/../lib/gcc/arm-none-eabi/11.3.1/thumb/v7e-m/nofp\libg.a(libc_a-__call_atexit.o)
 .debug_frame   0x00001334       0x20 c:/msys64/mingw64/bin/../lib/gcc/arm-none-eabi/11.3.1/thumb/v7e-m/nofp\libg.a(libc_a-atexit.o)
 .debug_frame   0x00001354       0x34 c:/msys64/mingw64/bin/../lib/gcc/arm-none-eabi/11.3.1/thumb/v7e-m/nofp\libg.a(libc_a-fini.o)
 .debug_frame   0x00001388       0x34 c:/msys64/mingw64/bin/../lib/gcc/arm-none-eabi/11.3.1/thumb/v7e-m/nofp\libg.a(libc_a-__atexit.o)
 .debug_frame   0x000013bc       0x50 c:/msys64/mingw64/bin/../lib/gcc/arm-none-eabi/11.3.1/thumb/v7e-m/nofp\libgcc.a(_arm_muldivdf3.o)

.debug_loclists
                0x00000000     0x5136
 .debug_loclists
                0x00000000       0xdb CMakeFiles/ARMDigitalProcessing.elf.dir/Core/Src/system_stm32f4xx.c.obj
 .debug_loclists
                0x000000db      0x171 CMakeFiles/ARMDigitalProcessing.elf.dir/Core/Src/usart.c.obj
 .debug_loclists
                0x0000024c       0xc9 CMakeFiles/ARMDigitalProcessing.elf.dir/Drivers/STM32F4xx_HAL_Driver/Src/stm32f4xx_hal.c.obj
 .debug_loclists
                0x00000315      0x4db CMakeFiles/ARMDigitalProcessing.elf.dir/Drivers/STM32F4xx_HAL_Driver/Src/stm32f4xx_hal_cortex.c.obj
 .debug_loclists
                0x000007f0      0x763 CMakeFiles/ARMDigitalProcessing.elf.dir/Drivers/STM32F4xx_HAL_Driver/Src/stm32f4xx_hal_dma.c.obj
 .debug_loclists
                0x00000f53      0x356 CMakeFiles/ARMDigitalProcessing.elf.dir/Drivers/STM32F4xx_HAL_Driver/Src/stm32f4xx_hal_gpio.c.obj
 .debug_loclists
                0x000012a9      0x3a9 CMakeFiles/ARMDigitalProcessing.elf.dir/Drivers/STM32F4xx_HAL_Driver/Src/stm32f4xx_hal_rcc.c.obj
 .debug_loclists
                0x00001652     0x2b7a CMakeFiles/ARMDigitalProcessing.elf.dir/Drivers/STM32F4xx_HAL_Driver/Src/stm32f4xx_hal_uart.c.obj
 .debug_loclists
                0x000041cc      0xafc c:/msys64/mingw64/bin/../lib/gcc/arm-none-eabi/11.3.1/thumb/v7e-m/nofp\libgcc.a(_udivmoddi4.o)
 .debug_loclists
                0x00004cc8      0x1a5 c:/msys64/mingw64/bin/../lib/gcc/arm-none-eabi/11.3.1/thumb/v7e-m/nofp\libg.a(libc_a-memset.o)
 .debug_loclists
                0x00004e6d       0x7a c:/msys64/mingw64/bin/../lib/gcc/arm-none-eabi/11.3.1/thumb/v7e-m/nofp\libg.a(libc_a-init.o)
 .debug_loclists
                0x00004ee7       0x23 c:/msys64/mingw64/bin/../lib/gcc/arm-none-eabi/11.3.1/thumb/v7e-m/nofp\libg.a(libc_a-lock.o)
 .debug_loclists
                0x00004f0a      0x128 c:/msys64/mingw64/bin/../lib/gcc/arm-none-eabi/11.3.1/thumb/v7e-m/nofp\libg.a(libc_a-__call_atexit.o)
 .debug_loclists
                0x00005032       0x2a c:/msys64/mingw64/bin/../lib/gcc/arm-none-eabi/11.3.1/thumb/v7e-m/nofp\libg.a(libc_a-atexit.o)
 .debug_loclists
                0x0000505c       0x4c c:/msys64/mingw64/bin/../lib/gcc/arm-none-eabi/11.3.1/thumb/v7e-m/nofp\libg.a(libc_a-fini.o)
 .debug_loclists
                0x000050a8       0x8e c:/msys64/mingw64/bin/../lib/gcc/arm-none-eabi/11.3.1/thumb/v7e-m/nofp\libg.a(libc_a-__atexit.o)

.debug_line_str
                0x00000000      0x25a
 .debug_line_str
                0x00000000       0x8f CMakeFiles/ARMDigitalProcessing.elf.dir/Core/Startup/startup_stm32f407vgtx.s.obj
                                 0xa7 (size before relaxing)
 .debug_line_str
                0x0000008f       0xcb c:/msys64/mingw64/bin/../lib/gcc/arm-none-eabi/11.3.1/thumb/v7e-m/nofp\libgcc.a(_arm_mulsf3.o)
                                 0xd8 (size before relaxing)
 .debug_line_str
                0x0000015a        0xd c:/msys64/mingw64/bin/../lib/gcc/arm-none-eabi/11.3.1/thumb/v7e-m/nofp\libgcc.a(_arm_addsubdf3.o)
                                 0xd8 (size before relaxing)
 .debug_line_str
                0x00000167       0xd8 c:/msys64/mingw64/bin/../lib/gcc/arm-none-eabi/11.3.1/thumb/v7e-m/nofp\libgcc.a(_arm_truncdfsf2.o)
 .debug_line_str
                0x00000167       0xd8 c:/msys64/mingw64/bin/../lib/gcc/arm-none-eabi/11.3.1/thumb/v7e-m/nofp\libgcc.a(_arm_addsubsf3.o)
 .debug_line_str
                0x00000167        0x8 c:/msys64/mingw64/bin/../lib/gcc/arm-none-eabi/11.3.1/thumb/v7e-m/nofp\libgcc.a(_aeabi_uldivmod.o)
                                 0xce (size before relaxing)
 .debug_line_str
                0x0000016f        0xc c:/msys64/mingw64/bin/../lib/gcc/arm-none-eabi/11.3.1/thumb/v7e-m/nofp\libgcc.a(_dvmd_tls.o)
                                 0xd6 (size before relaxing)
 .debug_line_str
                0x0000017b       0xdf c:/msys64/mingw64/bin/../lib/gcc/arm-none-eabi/11.3.1/thumb/v7e-m/nofp\libg.a(libc_a-strlen.o)
                                 0xee (size before relaxing)
 .debug_line_str
                0x0000025a       0xd8 c:/msys64/mingw64/bin/../lib/gcc/arm-none-eabi/11.3.1/thumb/v7e-m/nofp\libgcc.a(_arm_muldivdf3.o)
