Archive member included to satisfy reference by file (symbol)

D:\hands_on\embedded_c\rtos_patched_demo\Middlewares\ST\STM32_Audio\Addons\PDM\Lib\libPDMFilter_CM4_GCC_wc32.a(pdm_filter.o)
                              CMakeFiles/rtos_patched_demo.elf.dir/PDM2PCM/App/pdm2pcm.c.obj (PDM_Filter_Init)
D:\hands_on\embedded_c\rtos_patched_demo\Middlewares\ST\STM32_Audio\Addons\PDM\Lib\libPDMFilter_CM4_GCC_wc32.a(stm32_crc_lock.o)
                              D:\hands_on\embedded_c\rtos_patched_demo\Middlewares\ST\STM32_Audio\Addons\PDM\Lib\libPDMFilter_CM4_GCC_wc32.a(pdm_filter.o) (CRC_Lock)
c:/msys64/mingw64/bin/../lib/gcc/arm-none-eabi/11.3.1/thumb/v7e-m+fp/hard\libgcc.a(_arm_muldf3.o)
                              CMakeFiles/rtos_patched_demo.elf.dir/Core/Src/signal_generators.c.obj (__aeabi_dmul)
c:/msys64/mingw64/bin/../lib/gcc/arm-none-eabi/11.3.1/thumb/v7e-m+fp/hard\libgcc.a(_arm_addsubdf3.o)
                              CMakeFiles/rtos_patched_demo.elf.dir/Core/Src/signal_generators.c.obj (__aeabi_i2d)
c:/msys64/mingw64/bin/../lib/gcc/arm-none-eabi/11.3.1/thumb/v7e-m+fp/hard\libgcc.a(_arm_truncdfsf2.o)
                              CMakeFiles/rtos_patched_demo.elf.dir/Core/Src/signal_generators.c.obj (__aeabi_d2f)
c:/msys64/mingw64/bin/../lib/gcc/arm-none-eabi/11.3.1/thumb/v7e-m+fp/hard\libgcc.a(_aeabi_ldivmod.o)
                              CMakeFiles/rtos_patched_demo.elf.dir/Drivers/STM32F4xx_HAL_Driver/Src/stm32f4xx_hal_rcc.c.obj (__aeabi_ldivmod)
c:/msys64/mingw64/bin/../lib/gcc/arm-none-eabi/11.3.1/thumb/v7e-m+fp/hard\libgcc.a(_aeabi_uldivmod.o)
                              CMakeFiles/rtos_patched_demo.elf.dir/Drivers/STM32F4xx_HAL_Driver/Src/stm32f4xx_hal_rcc.c.obj (__aeabi_uldivmod)
c:/msys64/mingw64/bin/../lib/gcc/arm-none-eabi/11.3.1/thumb/v7e-m+fp/hard\libgcc.a(_udivmoddi4.o)
                              c:/msys64/mingw64/bin/../lib/gcc/arm-none-eabi/11.3.1/thumb/v7e-m+fp/hard\libgcc.a(_aeabi_ldivmod.o) (__udivmoddi4)
c:/msys64/mingw64/bin/../lib/gcc/arm-none-eabi/11.3.1/thumb/v7e-m+fp/hard\libgcc.a(_dvmd_tls.o)
                              c:/msys64/mingw64/bin/../lib/gcc/arm-none-eabi/11.3.1/thumb/v7e-m+fp/hard\libgcc.a(_aeabi_ldivmod.o) (__aeabi_ldiv0)
c:/msys64/mingw64/bin/../lib/gcc/arm-none-eabi/11.3.1/thumb/v7e-m+fp/hard\libc.a(libc_a-exit.o)
                              c:/msys64/mingw64/bin/../lib/gcc/arm-none-eabi/11.3.1/thumb/v7e-m+fp/hard/crt0.o (exit)
c:/msys64/mingw64/bin/../lib/gcc/arm-none-eabi/11.3.1/thumb/v7e-m+fp/hard\libc.a(libc_a-malloc.o)
                              CMakeFiles/rtos_patched_demo.elf.dir/Core/Src/heap_useNewlib.c.obj (malloc)
c:/msys64/mingw64/bin/../lib/gcc/arm-none-eabi/11.3.1/thumb/v7e-m+fp/hard\libc.a(libc_a-mallocr.o)
                              c:/msys64/mingw64/bin/../lib/gcc/arm-none-eabi/11.3.1/thumb/v7e-m+fp/hard\libc.a(libc_a-malloc.o) (_malloc_r)
c:/msys64/mingw64/bin/../lib/gcc/arm-none-eabi/11.3.1/thumb/v7e-m+fp/hard\libc.a(libc_a-mstats.o)
                              CMakeFiles/rtos_patched_demo.elf.dir/Core/Src/heap_useNewlib.c.obj (mallinfo)
c:/msys64/mingw64/bin/../lib/gcc/arm-none-eabi/11.3.1/thumb/v7e-m+fp/hard\libc.a(libc_a-malloptr.o)
                              c:/msys64/mingw64/bin/../lib/gcc/arm-none-eabi/11.3.1/thumb/v7e-m+fp/hard\libc.a(libc_a-mstats.o) (_mallopt_r)
c:/msys64/mingw64/bin/../lib/gcc/arm-none-eabi/11.3.1/thumb/v7e-m+fp/hard\libc.a(libc_a-fiprintf.o)
                              c:/msys64/mingw64/bin/../lib/gcc/arm-none-eabi/11.3.1/thumb/v7e-m+fp/hard\libc.a(libc_a-mstats.o) (fiprintf)
c:/msys64/mingw64/bin/../lib/gcc/arm-none-eabi/11.3.1/thumb/v7e-m+fp/hard\libc.a(libc_a-vfiprintf.o)
                              c:/msys64/mingw64/bin/../lib/gcc/arm-none-eabi/11.3.1/thumb/v7e-m+fp/hard\libc.a(libc_a-fiprintf.o) (_vfiprintf_r)
c:/msys64/mingw64/bin/../lib/gcc/arm-none-eabi/11.3.1/thumb/v7e-m+fp/hard\libc.a(libc_a-fflush.o)
                              c:/msys64/mingw64/bin/../lib/gcc/arm-none-eabi/11.3.1/thumb/v7e-m+fp/hard\libc.a(libc_a-vfiprintf.o) (_fflush_r)
c:/msys64/mingw64/bin/../lib/gcc/arm-none-eabi/11.3.1/thumb/v7e-m+fp/hard\libc.a(libc_a-findfp.o)
                              c:/msys64/mingw64/bin/../lib/gcc/arm-none-eabi/11.3.1/thumb/v7e-m+fp/hard\libc.a(libc_a-vfiprintf.o) (__sinit)
c:/msys64/mingw64/bin/../lib/gcc/arm-none-eabi/11.3.1/thumb/v7e-m+fp/hard\libc.a(libc_a-fvwrite.o)
                              c:/msys64/mingw64/bin/../lib/gcc/arm-none-eabi/11.3.1/thumb/v7e-m+fp/hard\libc.a(libc_a-vfiprintf.o) (__sfvwrite_r)
c:/msys64/mingw64/bin/../lib/gcc/arm-none-eabi/11.3.1/thumb/v7e-m+fp/hard\libc.a(libc_a-fwalk.o)
                              c:/msys64/mingw64/bin/../lib/gcc/arm-none-eabi/11.3.1/thumb/v7e-m+fp/hard\libc.a(libc_a-fflush.o) (_fwalk_sglue)
c:/msys64/mingw64/bin/../lib/gcc/arm-none-eabi/11.3.1/thumb/v7e-m+fp/hard\libc.a(libc_a-snprintf.o)
                              CMakeFiles/rtos_patched_demo.elf.dir/Core/Src/freertos.c.obj (snprintf)
[...]
Memory Configuration

Name             Origin             Length             Attributes
CCMRAM           0x10000000         0x00010000         xrw
RAM              0x20000000         0x00020000         xrw
FLASH            0x08000000         0x00100000         xr
*default*        0x00000000         0xffffffff

Linker script and memory map

LOAD c:/msys64/mingw64/bin/../lib/gcc/arm-none-eabi/11.3.1/thumb/v7e-m+fp/hard/crti.o
LOAD c:/msys64/mingw64/bin/../lib/gcc/arm-none-eabi/11.3.1/thumb/v7e-m+fp/hard/crtbegin.o
LOAD c:/msys64/mingw64/bin/../lib/gcc/arm-none-eabi/11.3.1/thumb/v7e-m+fp/hard/crt0.o
LOAD CMakeFiles/rtos_patched_demo.elf.dir/Components/cs43l22/cs43l22.c.obj
LOAD CMakeFiles/rtos_patched_demo.elf.dir/Core/Src/crc.c.obj
LOAD CMakeFiles/rtos_patched_demo.elf.dir/Core/Src/dma.c.obj
LOAD CMakeFiles/rtos_patched_demo.elf.dir/Core/Src/filter_util.c.obj
LOAD CMakeFiles/rtos_patched_demo.elf.dir/Core/Src/filters.c.obj
LOAD CMakeFiles/rtos_patched_demo.elf.dir/Core/Src/freertos.c.obj
LOAD CMakeFiles/rtos_patched_demo.elf.dir/Core/Src/freertos_util.c.obj
LOAD CMakeFiles/rtos_patched_demo.elf.dir/Core/Src/gpio.c.obj
LOAD CMakeFiles/rtos_patched_demo.elf.dir/Core/Src/heap_useNewlib.c.obj
LOAD CMakeFiles/rtos_patched_demo.elf.dir/Core/Src/i2c.c.obj
LOAD CMakeFiles/rtos_patched_demo.elf.dir/Core/Src/i2s.c.obj
LOAD CMakeFiles/rtos_patched_demo.elf.dir/Core/Src/main.c.obj
LOAD CMakeFiles/rtos_patched_demo.elf.dir/Core/Src/mic_util.c.obj
LOAD CMakeFiles/rtos_patched_demo.elf.dir/Core/Src/rng.c.obj
LOAD CMakeFiles/rtos_patched_demo.elf.dir/Core/Src/signal_generators.c.obj
LOAD CMakeFiles/rtos_patched_demo.elf.dir/Core/Src/spi.c.obj
LOAD CMakeFiles/rtos_patched_demo.elf.dir/Core/Src/stm32f4xx_hal_msp.c.obj
LOAD CMakeFiles/rtos_patched_demo.elf.dir/Core/Src/stm32f4xx_hal_timebase_tim.c.obj
LOAD CMakeFiles/rtos_patched_demo.elf.dir/Core/Src/stm32f4xx_it.c.obj
LOAD CMakeFiles/rtos_patched_demo.elf.dir/Core/Src/syscalls.c.obj
LOAD CMakeFiles/rtos_patched_demo.elf.dir/Core/Src/sysmem.c.obj
LOAD CMakeFiles/rtos_patched_demo.elf.dir/Core/Src/system_stm32f4xx.c.obj
LOAD CMakeFiles/rtos_patched_demo.elf.dir/Core/Src/tim.c.obj
LOAD CMakeFiles/rtos_patched_demo.elf.dir/Core/Src/tinyusb_utils.c.obj
LOAD CMakeFiles/rtos_patched_demo.elf.dir/Core/Src/usart.c.obj
LOAD CMakeFiles/rtos_patched_demo.elf.dir/Core/Src/usb_descriptors.c.obj
LOAD CMakeFiles/rtos_patched_demo.elf.dir/Core/Src/usb_otg.c.obj
LOAD CMakeFiles/rtos_patched_demo.elf.dir/Core/Startup/startup_stm32f407vgtx.s.obj
LOAD CMakeFiles/rtos_patched_demo.elf.dir/Core/ThreadSafe/newlib_lock_glue.c.obj
LOAD CMakeFiles/rtos_patched_demo.elf.dir/Drivers/STM32F4xx_HAL_Driver/Src/stm32f4xx_hal.c.obj
LOAD CMakeFiles/rtos_patched_demo.elf.dir/Drivers/STM32F4xx_HAL_Driver/Src/stm32f4xx_hal_cortex.c.obj
LOAD CMakeFiles/rtos_patched_demo.elf.dir/Drivers/STM32F4xx_HAL_Driver/Src/stm32f4xx_hal_crc.c.obj
LOAD CMakeFiles/rtos_patched_demo.elf.dir/Drivers/STM32F4xx_HAL_Driver/Src/stm32f4xx_hal_dma.c.obj
LOAD CMakeFiles/rtos_patched_demo.elf.dir/Drivers/STM32F4xx_HAL_Driver/Src/stm32f4xx_hal_dma_ex.c.obj
LOAD CMakeFiles/rtos_patched_demo.elf.dir/Drivers/STM32F4xx_HAL_Driver/Src/stm32f4xx_hal_exti.c.obj
LOAD CMakeFiles/rtos_patched_demo.elf.dir/Drivers/STM32F4xx_HAL_Driver/Src/stm32f4xx_hal_flash.c.obj
LOAD CMakeFiles/rtos_patched_demo.elf.dir/Drivers/STM32F4xx_HAL_Driver/Src/stm32f4xx_hal_flash_ex.c.obj
LOAD CMakeFiles/rtos_patched_demo.elf.dir/Drivers/STM32F4xx_HAL_Driver/Src/stm32f4xx_hal_flash_ramfunc.c.obj
LOAD CMakeFiles/rtos_patched_demo.elf.dir/Drivers/STM32F4xx_HAL_Driver/Src/stm32f4xx_hal_gpio.c.obj
LOAD CMakeFiles/rtos_patched_demo.elf.dir/Drivers/STM32F4xx_HAL_Driver/Src/stm32f4xx_hal_i2c.c.obj
LOAD CMakeFiles/rtos_patched_demo.elf.dir/Drivers/STM32F4xx_HAL_Driver/Src/stm32f4xx_hal_i2c_ex.c.obj
LOAD CMakeFiles/rtos_patched_demo.elf.dir/Drivers/STM32F4xx_HAL_Driver/Src/stm32f4xx_hal_i2s.c.obj
LOAD CMakeFiles/rtos_patched_demo.elf.dir/Drivers/STM32F4xx_HAL_Driver/Src/stm32f4xx_hal_i2s_ex.c.obj
LOAD CMakeFiles/rtos_patched_demo.elf.dir/Drivers/STM32F4xx_HAL_Driver/Src/stm32f4xx_hal_pcd.c.obj
LOAD CMakeFiles/rtos_patched_demo.elf.dir/Drivers/STM32F4xx_HAL_Driver/Src/stm32f4xx_hal_pcd_ex.c.obj
LOAD CMakeFiles/rtos_patched_demo.elf.dir/Drivers/STM32F4xx_HAL_Driver/Src/stm32f4xx_hal_pwr.c.obj
LOAD CMakeFiles/rtos_patched_demo.elf.dir/Drivers/STM32F4xx_HAL_Driver/Src/stm32f4xx_hal_pwr_ex.c.obj
LOAD CMakeFiles/rtos_patched_demo.elf.dir/Drivers/STM32F4xx_HAL_Driver/Src/stm32f4xx_hal_rcc.c.obj
LOAD CMakeFiles/rtos_patched_demo.elf.dir/Drivers/STM32F4xx_HAL_Driver/Src/stm32f4xx_hal_rcc_ex.c.obj
LOAD CMakeFiles/rtos_patched_demo.elf.dir/Drivers/STM32F4xx_HAL_Driver/Src/stm32f4xx_hal_rng.c.obj
LOAD CMakeFiles/rtos_patched_demo.elf.dir/Drivers/STM32F4xx_HAL_Driver/Src/stm32f4xx_hal_spi.c.obj
LOAD CMakeFiles/rtos_patched_demo.elf.dir/Drivers/STM32F4xx_HAL_Driver/Src/stm32f4xx_hal_tim.c.obj
LOAD CMakeFiles/rtos_patched_demo.elf.dir/Drivers/STM32F4xx_HAL_Driver/Src/stm32f4xx_hal_tim_ex.c.obj
LOAD CMakeFiles/rtos_patched_demo.elf.dir/Drivers/STM32F4xx_HAL_Driver/Src/stm32f4xx_hal_uart.c.obj
LOAD CMakeFiles/rtos_patched_demo.elf.dir/Drivers/STM32F4xx_HAL_Driver/Src/stm32f4xx_ll_usb.c.obj
LOAD CMakeFiles/rtos_patched_demo.elf.dir/Middlewares/Third_Party/FreeRTOS/Source/CMSIS_RTOS_V2/cmsis_os2.c.obj
LOAD CMakeFiles/rtos_patched_demo.elf.dir/Middlewares/Third_Party/FreeRTOS/Source/croutine.c.obj
LOAD CMakeFiles/rtos_patched_demo.elf.dir/Middlewares/Third_Party/FreeRTOS/Source/event_groups.c.obj
LOAD CMakeFiles/rtos_patched_demo.elf.dir/Middlewares/Third_Party/FreeRTOS/Source/list.c.obj
LOAD CMakeFiles/rtos_patched_demo.elf.dir/Middlewares/Third_Party/FreeRTOS/Source/portable/GCC/ARM_CM4F/port.c.obj
LOAD CMakeFiles/rtos_patched_demo.elf.dir/Middlewares/Third_Party/FreeRTOS/Source/queue.c.obj
LOAD CMakeFiles/rtos_patched_demo.elf.dir/Middlewares/Third_Party/FreeRTOS/Source/stream_buffer.c.obj
LOAD CMakeFiles/rtos_patched_demo.elf.dir/Middlewares/Third_Party/FreeRTOS/Source/tasks.c.obj
LOAD CMakeFiles/rtos_patched_demo.elf.dir/Middlewares/Third_Party/FreeRTOS/Source/timers.c.obj
LOAD CMakeFiles/rtos_patched_demo.elf.dir/Middlewares/Third_Party/SEGGER/SystemView/SEGGER/SEGGER_RTT.c.obj
LOAD CMakeFiles/rtos_patched_demo.elf.dir/Middlewares/Third_Party/SEGGER/SystemView/SEGGER/SEGGER_RTT_ASM_ARMv7M.S.obj
LOAD CMakeFiles/rtos_patched_demo.elf.dir/Middlewares/Third_Party/SEGGER/SystemView/SEGGER/SEGGER_RTT_printf.c.obj
LOAD CMakeFiles/rtos_patched_demo.elf.dir/Middlewares/Third_Party/SEGGER/SystemView/SEGGER/SEGGER_SYSVIEW.c.obj
LOAD CMakeFiles/rtos_patched_demo.elf.dir/Middlewares/Third_Party/SEGGER/SystemView/Sample/FreeRTOS/Config/SEGGER_SYSVIEW_Config_FreeRTOS.c.obj
LOAD CMakeFiles/rtos_patched_demo.elf.dir/Middlewares/Third_Party/SEGGER/SystemView/Sample/FreeRTOS/SEGGER_SYSVIEW_FreeRTOS.c.obj
LOAD CMakeFiles/rtos_patched_demo.elf.dir/PDM2PCM/App/pdm2pcm.c.obj
LOAD CMakeFiles/rtos_patched_demo.elf.dir/tinyusb/src/class/audio/audio_device.c.obj
LOAD CMakeFiles/rtos_patched_demo.elf.dir/tinyusb/src/class/bth/bth_device.c.obj
LOAD CMakeFiles/rtos_patched_demo.elf.dir/tinyusb/src/class/cdc/cdc_device.c.obj
LOAD CMakeFiles/rtos_patched_demo.elf.dir/tinyusb/src/class/cdc/cdc_host.c.obj
LOAD CMakeFiles/rtos_patched_demo.elf.dir/tinyusb/src/class/cdc/cdc_rndis_host.c.obj
LOAD CMakeFiles/rtos_patched_demo.elf.dir/tinyusb/src/class/dfu/dfu_device.c.obj
LOAD CMakeFiles/rtos_patched_demo.elf.dir/tinyusb/src/class/dfu/dfu_rt_device.c.obj
LOAD CMakeFiles/rtos_patched_demo.elf.dir/tinyusb/src/class/hid/hid_device.c.obj
LOAD CMakeFiles/rtos_patched_demo.elf.dir/tinyusb/src/class/hid/hid_host.c.obj
LOAD CMakeFiles/rtos_patched_demo.elf.dir/tinyusb/src/class/midi/midi_device.c.obj
LOAD CMakeFiles/rtos_patched_demo.elf.dir/tinyusb/src/class/msc/msc_device.c.obj
LOAD CMakeFiles/rtos_patched_demo.elf.dir/tinyusb/src/class/msc/msc_host.c.obj
LOAD CMakeFiles/rtos_patched_demo.elf.dir/tinyusb/src/class/net/ecm_rndis_device.c.obj
LOAD CMakeFiles/rtos_patched_demo.elf.dir/tinyusb/src/class/net/ncm_device.c.obj
LOAD CMakeFiles/rtos_patched_demo.elf.dir/tinyusb/src/class/usbtmc/usbtmc_device.c.obj
LOAD CMakeFiles/rtos_patched_demo.elf.dir/tinyusb/src/class/vendor/vendor_device.c.obj
LOAD CMakeFiles/rtos_patched_demo.elf.dir/tinyusb/src/class/vendor/vendor_host.c.obj
LOAD CMakeFiles/rtos_patched_demo.elf.dir/tinyusb/src/class/video/video_device.c.obj
LOAD CMakeFiles/rtos_patched_demo.elf.dir/tinyusb/src/common/tusb_fifo.c.obj
LOAD CMakeFiles/rtos_patched_demo.elf.dir/tinyusb/src/device/usbd.c.obj
LOAD CMakeFiles/rtos_patched_demo.elf.dir/tinyusb/src/device/usbd_control.c.obj
LOAD CMakeFiles/rtos_patched_demo.elf.dir/tinyusb/src/host/hub.c.obj
LOAD CMakeFiles/rtos_patched_demo.elf.dir/tinyusb/src/host/usbh.c.obj
LOAD CMakeFiles/rtos_patched_demo.elf.dir/tinyusb/src/portable/analog/max3421/hcd_max3421.c.obj
LOAD CMakeFiles/rtos_patched_demo.elf.dir/tinyusb/src/portable/bridgetek/ft9xx/dcd_ft9xx.c.obj
LOAD CMakeFiles/rtos_patched_demo.elf.dir/tinyusb/src/portable/chipidea/ci_fs/dcd_ci_fs.c.obj
LOAD CMakeFiles/rtos_patched_demo.elf.dir/tinyusb/src/portable/chipidea/ci_hs/dcd_ci_hs.c.obj
LOAD CMakeFiles/rtos_patched_demo.elf.dir/tinyusb/src/portable/chipidea/ci_hs/hcd_ci_hs.c.obj
LOAD CMakeFiles/rtos_patched_demo.elf.dir/tinyusb/src/portable/dialog/da146xx/dcd_da146xx.c.obj
LOAD CMakeFiles/rtos_patched_demo.elf.dir/tinyusb/src/portable/ehci/ehci.c.obj
LOAD CMakeFiles/rtos_patched_demo.elf.dir/tinyusb/src/portable/espressif/esp32sx/dcd_esp32sx.c.obj
LOAD CMakeFiles/rtos_patched_demo.elf.dir/tinyusb/src/portable/mentor/musb/dcd_musb.c.obj
LOAD CMakeFiles/rtos_patched_demo.elf.dir/tinyusb/src/portable/mentor/musb/hcd_musb.c.obj
LOAD CMakeFiles/rtos_patched_demo.elf.dir/tinyusb/src/portable/microchip/pic/dcd_pic.c.obj
LOAD CMakeFiles/rtos_patched_demo.elf.dir/tinyusb/src/portable/microchip/pic32mz/dcd_pic32mz.c.obj
LOAD CMakeFiles/rtos_patched_demo.elf.dir/tinyusb/src/portable/microchip/samd/dcd_samd.c.obj
LOAD CMakeFiles/rtos_patched_demo.elf.dir/tinyusb/src/portable/microchip/samg/dcd_samg.c.obj
LOAD CMakeFiles/rtos_patched_demo.elf.dir/tinyusb/src/portable/microchip/samx7x/dcd_samx7x.c.obj
LOAD CMakeFiles/rtos_patched_demo.elf.dir/tinyusb/src/portable/mindmotion/mm32/dcd_mm32f327x_otg.c.obj
LOAD CMakeFiles/rtos_patched_demo.elf.dir/tinyusb/src/portable/nordic/nrf5x/dcd_nrf5x.c.obj
LOAD CMakeFiles/rtos_patched_demo.elf.dir/tinyusb/src/portable/nuvoton/nuc120/dcd_nuc120.c.obj
LOAD CMakeFiles/rtos_patched_demo.elf.dir/tinyusb/src/portable/nuvoton/nuc121/dcd_nuc121.c.obj
LOAD CMakeFiles/rtos_patched_demo.elf.dir/tinyusb/src/portable/nuvoton/nuc505/dcd_nuc505.c.obj
LOAD CMakeFiles/rtos_patched_demo.elf.dir/tinyusb/src/portable/nxp/khci/dcd_khci.c.obj
LOAD CMakeFiles/rtos_patched_demo.elf.dir/tinyusb/src/portable/nxp/khci/hcd_khci.c.obj
LOAD CMakeFiles/rtos_patched_demo.elf.dir/tinyusb/src/portable/nxp/lpc17_40/dcd_lpc17_40.c.obj
LOAD CMakeFiles/rtos_patched_demo.elf.dir/tinyusb/src/portable/nxp/lpc17_40/hcd_lpc17_40.c.obj
LOAD CMakeFiles/rtos_patched_demo.elf.dir/tinyusb/src/portable/nxp/lpc_ip3511/dcd_lpc_ip3511.c.obj
LOAD CMakeFiles/rtos_patched_demo.elf.dir/tinyusb/src/portable/ohci/ohci.c.obj
LOAD CMakeFiles/rtos_patched_demo.elf.dir/tinyusb/src/portable/raspberrypi/pio_usb/dcd_pio_usb.c.obj
LOAD CMakeFiles/rtos_patched_demo.elf.dir/tinyusb/src/portable/raspberrypi/pio_usb/hcd_pio_usb.c.obj
LOAD CMakeFiles/rtos_patched_demo.elf.dir/tinyusb/src/portable/raspberrypi/rp2040/dcd_rp2040.c.obj
LOAD CMakeFiles/rtos_patched_demo.elf.dir/tinyusb/src/portable/raspberrypi/rp2040/hcd_rp2040.c.obj
LOAD CMakeFiles/rtos_patched_demo.elf.dir/tinyusb/src/portable/raspberrypi/rp2040/rp2040_usb.c.obj
LOAD CMakeFiles/rtos_patched_demo.elf.dir/tinyusb/src/portable/renesas/rusb2/dcd_rusb2.c.obj
LOAD CMakeFiles/rtos_patched_demo.elf.dir/tinyusb/src/portable/renesas/rusb2/hcd_rusb2.c.obj
LOAD CMakeFiles/rtos_patched_demo.elf.dir/tinyusb/src/portable/renesas/rusb2/rusb2_common.c.obj
LOAD CMakeFiles/rtos_patched_demo.elf.dir/tinyusb/src/portable/sony/cxd56/dcd_cxd56.c.obj
LOAD CMakeFiles/rtos_patched_demo.elf.dir/tinyusb/src/portable/sunxi/dcd_sunxi_musb.c.obj
LOAD CMakeFiles/rtos_patched_demo.elf.dir/tinyusb/src/portable/synopsys/dwc2/dcd_dwc2.c.obj
LOAD CMakeFiles/rtos_patched_demo.elf.dir/tinyusb/src/portable/template/dcd_template.c.obj
LOAD CMakeFiles/rtos_patched_demo.elf.dir/tinyusb/src/portable/template/hcd_template.c.obj
LOAD CMakeFiles/rtos_patched_demo.elf.dir/tinyusb/src/portable/ti/msp430x5xx/dcd_msp430x5xx.c.obj
LOAD CMakeFiles/rtos_patched_demo.elf.dir/tinyusb/src/portable/valentyusb/eptri/dcd_eptri.c.obj
LOAD CMakeFiles/rtos_patched_demo.elf.dir/tinyusb/src/portable/wch/ch32v307/dcd_usbhs.c.obj
LOAD CMakeFiles/rtos_patched_demo.elf.dir/tinyusb/src/tusb.c.obj
LOAD CMakeFiles/rtos_patched_demo.elf.dir/tinyusb/src/typec/usbc.c.obj
LOAD D:\hands_on\embedded_c\rtos_patched_demo\Middlewares\ST\STM32_Audio\Addons\PDM\Lib\libPDMFilter_CM4_GCC_wc32.a
START GROUP
LOAD c:/msys64/mingw64/bin/../lib/gcc/arm-none-eabi/11.3.1/thumb/v7e-m+fp/hard\libgcc.a
LOAD c:/msys64/mingw64/bin/../lib/gcc/arm-none-eabi/11.3.1/thumb/v7e-m+fp/hard\libc.a
END GROUP
LOAD c:/msys64/mingw64/bin/../lib/gcc/arm-none-eabi/11.3.1/thumb/v7e-m+fp/hard/crtend.o
LOAD c:/msys64/mingw64/bin/../lib/gcc/arm-none-eabi/11.3.1/thumb/v7e-m+fp/hard/crtn.o
                0x20020000                _estack = (ORIGIN (RAM) + LENGTH (RAM))
                0x00002000                _Min_Heap_Size = 0x2000
                0x00002200                _Min_Stack_Size = 0x2200

.isr_vector     0x08000000      0x188
                0x08000000                . = ALIGN (0x4)
 *(.isr_vector)
 .isr_vector    0x08000000      0x188 CMakeFiles/rtos_patched_demo.elf.dir/Core/Startup/startup_stm32f407vgtx.s.obj
                0x08000000                g_pfnVectors
                0x08000188                . = ALIGN (0x4)

.text           0x080001c0    0x1b968
                0x080001c0                . = ALIGN (0x4)
 *(.text)
 .text          0x080001c0       0x94 CMakeFiles/rtos_patched_demo.elf.dir/Middlewares/Third_Party/SEGGER/SystemView/SEGGER/SEGGER_RTT_ASM_ARMv7M.S.obj
                0x080001c0                SEGGER_RTT_ASM_WriteSkipNoLock
 .text          0x08000254      0x378 c:/msys64/mingw64/bin/../lib/gcc/arm-none-eabi/11.3.1/thumb/v7e-m+fp/hard\libgcc.a(_arm_addsubdf3.o)
                0x08000254                __aeabi_drsub
                0x0800025c                __aeabi_dsub
                0x0800025c                __subdf3
                0x08000260                __aeabi_dadd
                0x08000260                __adddf3
                0x080004d8                __floatunsidf
                0x080004d8                __aeabi_ui2d
                0x080004f8                __floatsidf
                0x080004f8                __aeabi_i2d
                0x0800051c                __aeabi_f2d
                0x0800051c                __extendsfdf2
                0x08000560                __floatundidf
                0x08000560                __aeabi_ul2d
                0x08000570                __floatdidf
                0x08000570                __aeabi_l2d
 .text          0x080005cc       0xa0 c:/msys64/mingw64/bin/../lib/gcc/arm-none-eabi/11.3.1/thumb/v7e-m+fp/hard\libgcc.a(_arm_truncdfsf2.o)
                0x080005cc                __truncdfsf2
                0x080005cc                __aeabi_d2f
 .text          0x0800066c       0x30 c:/msys64/mingw64/bin/../lib/gcc/arm-none-eabi/11.3.1/thumb/v7e-m+fp/hard\libgcc.a(_aeabi_uldivmod.o)
                0x0800066c                __aeabi_uldivmod
 .text          0x0800069c        0x4 c:/msys64/mingw64/bin/../lib/gcc/arm-none-eabi/11.3.1/thumb/v7e-m+fp/hard\libgcc.a(_dvmd_tls.o)
                0x0800069c                __aeabi_idiv0
                0x0800069c                __aeabi_ldiv0
 .text          0x080006a0       0xa0 c:/msys64/mingw64/bin/../lib/gcc/arm-none-eabi/11.3.1/thumb/v7e-m+fp/hard\libc.a(libc_a-memchr.o)
                0x080006a0                memchr
 .text          0x08000740      0x134 c:/msys64/mingw64/bin/../lib/gcc/arm-none-eabi/11.3.1/thumb/v7e-m+fp/hard\libc.a(libc_a-memcpy.o)
                0x08000740                memcpy
 *fill*         0x08000874        0xc 
 .text          0x08000880       0xdc c:/msys64/mingw64/bin/../lib/gcc/arm-none-eabi/11.3.1/thumb/v7e-m+fp/hard\libc.a(libc_a-strlen.o)
                0x08000880                strlen
 .text          0x0800095c      0x424 c:/msys64/mingw64/bin/../lib/gcc/arm-none-eabi/11.3.1/thumb/v7e-m+fp/hard\libgcc.a(_arm_muldivdf3.o)
                0x0800095c                __aeabi_dmul
                0x0800095c                __muldf3
                0x08000bb0                __divdf3
                0x08000bb0                __aeabi_ddiv
 .text          0x08000d80      0x110 c:/msys64/mingw64/bin/../lib/gcc/arm-none-eabi/11.3.1/thumb/v7e-m+fp/hard\libgcc.a(_arm_cmpdf2.o)
                0x08000d80                __gtdf2
                0x08000d80                __gedf2
                0x08000d88                __ltdf2
                0x08000d88                __ledf2
                0x08000d90                __nedf2
                0x08000d90                __eqdf2
                0x08000d90                __cmpdf2
                0x08000e0c                __aeabi_cdrcmple
                0x08000e1c                __aeabi_cdcmpeq
                0x08000e1c                __aeabi_cdcmple
                0x08000e2c                __aeabi_dcmpeq
                0x08000e40                __aeabi_dcmplt
                0x08000e54                __aeabi_dcmple
                0x08000e68                __aeabi_dcmpge
                0x08000e7c                __aeabi_dcmpgt
 .text          0x08000e90       0x2c c:/msys64/mingw64/bin/../lib/gcc/arm-none-eabi/11.3.1/thumb/v7e-m+fp/hard\libgcc.a(_arm_unorddf2.o)
                0x08000e90                __unorddf2
                0x08000e90                __aeabi_dcmpun
 .text          0x08000ebc       0x50 c:/msys64/mingw64/bin/../lib/gcc/arm-none-eabi/11.3.1/thumb/v7e-m+fp/hard\libgcc.a(_arm_fixdfsi.o)
                0x08000ebc                __aeabi_d2iz
                0x08000ebc                __fixdfsi
 *(.text*)
 .text.deregister_tm_clones
                0x08000f0c       0x1c c:/msys64/mingw64/bin/../lib/gcc/arm-none-eabi/11.3.1/thumb/v7e-m+fp/hard/crtbegin.o
 .text.register_tm_clones
                0x08000f28       0x24 c:/msys64/mingw64/bin/../lib/gcc/arm-none-eabi/11.3.1/thumb/v7e-m+fp/hard/crtbegin.o
 .text.__do_global_dtors_aux
                0x08000f4c       0x28 c:/msys64/mingw64/bin/../lib/gcc/arm-none-eabi/11.3.1/thumb/v7e-m+fp/hard/crtbegin.o
 .text.frame_dummy
                0x08000f74       0x24 c:/msys64/mingw64/bin/../lib/gcc/arm-none-eabi/11.3.1/thumb/v7e-m+fp/hard/crtbegin.o
 .text.MX_CRC_Init
                0x08000f98       0x20 CMakeFiles/rtos_patched_demo.elf.dir/Core/Src/crc.c.obj
                0x08000f98                MX_CRC_Init
 .text.HAL_CRC_MspInit
                0x08000fb8       0x34 CMakeFiles/rtos_patched_demo.elf.dir/Core/Src/crc.c.obj
                0x08000fb8                HAL_CRC_MspInit
 .text.MX_DMA_Init
                0x08000fec       0x74 CMakeFiles/rtos_patched_demo.elf.dir/Core/Src/dma.c.obj
                0x08000fec                MX_DMA_Init
 .text.init_filter_array
                0x08001060       0xc8 CMakeFiles/rtos_patched_demo.elf.dir/Core/Src/filter_util.c.obj
                0x08001060                init_filter_array
 .text.cycle_over
                0x08001128       0xdc CMakeFiles/rtos_patched_demo.elf.dir/Core/Src/filter_util.c.obj
                0x08001128                cycle_over
 .text.get_current_filter_name
                0x08001204       0x20 CMakeFiles/rtos_patched_demo.elf.dir/Core/Src/filter_util.c.obj
                0x08001204                get_current_filter_name
 .text.fir_filter
                0x08001224      0x238 CMakeFiles/rtos_patched_demo.elf.dir/Core/Src/filter_util.c.obj
                0x08001224                fir_filter
 .text.iir_filter_direct_1
                0x0800145c      0x354 CMakeFiles/rtos_patched_demo.elf.dir/Core/Src/filter_util.c.obj
                0x0800145c                iir_filter_direct_1
 .text.iir_filter_direct_2
                0x080017b0      0x300 CMakeFiles/rtos_patched_demo.elf.dir/Core/Src/filter_util.c.obj
                0x080017b0                iir_filter_direct_2
 .text.iir_filter_sos_direct_1
                0x08001ab0      0x114 CMakeFiles/rtos_patched_demo.elf.dir/Core/Src/filter_util.c.obj
                0x08001ab0                iir_filter_sos_direct_1
 .text.StartDefaultTask
                0x08001bc4        0xc CMakeFiles/rtos_patched_demo.elf.dir/Core/Src/freertos.c.obj
                0x08001bc4                StartDefaultTask
 .text.init_task
                0x08001bd0       0x50 CMakeFiles/rtos_patched_demo.elf.dir/Core/Src/freertos.c.obj
                0x08001bd0                init_task
 .text.input_control
                0x08001c20       0x38 CMakeFiles/rtos_patched_demo.elf.dir/Core/Src/freertos.c.obj
                0x08001c20                input_control
 .text.led_control
                0x08001c58       0x5c CMakeFiles/rtos_patched_demo.elf.dir/Core/Src/freertos.c.obj
                0x08001c58                led_control
 .text.uart_transmit_task
                0x08001cb4       0x54 CMakeFiles/rtos_patched_demo.elf.dir/Core/Src/freertos.c.obj
                0x08001cb4                uart_transmit_task
 .text.generate_signal
                0x08001d08       0x98 CMakeFiles/rtos_patched_demo.elf.dir/Core/Src/freertos.c.obj
                0x08001d08                generate_signal
 .text.mic_task
                0x08001da0       0x80 CMakeFiles/rtos_patched_demo.elf.dir/Core/Src/freertos.c.obj
                0x08001da0                mic_task
 .text.filter_task
                0x08001e20       0x64 CMakeFiles/rtos_patched_demo.elf.dir/Core/Src/freertos.c.obj
                0x08001e20                filter_task
 .text.usb_task
                0x08001e84       0x14 CMakeFiles/rtos_patched_demo.elf.dir/Core/Src/freertos.c.obj
                0x08001e84                usb_task
 .text.mode_menu
                0x08001e98      0x14c CMakeFiles/rtos_patched_demo.elf.dir/Core/Src/freertos.c.obj
                0x08001e98                mode_menu
 .text.filter_menu
                0x08001fe4       0xcc CMakeFiles/rtos_patched_demo.elf.dir/Core/Src/freertos.c.obj
                0x08001fe4                filter_menu
 .text.update_signal_menu
                0x080020b0      0x174 CMakeFiles/rtos_patched_demo.elf.dir/Core/Src/freertos.c.obj
                0x080020b0                update_signal_menu
 .text.signal_menu
                0x08002224       0xe0 CMakeFiles/rtos_patched_demo.elf.dir/Core/Src/freertos.c.obj
                0x08002224                signal_menu
 .text.main_menu
                0x08002304      0x120 CMakeFiles/rtos_patched_demo.elf.dir/Core/Src/freertos.c.obj
                0x08002304                main_menu
 .text.vApplicationStackOverflowHook
                0x08002424        0x4 CMakeFiles/rtos_patched_demo.elf.dir/Core/Src/freertos.c.obj
                0x08002424                vApplicationStackOverflowHook
 .text.vApplicationMallocFailedHook
                0x08002428        0x4 CMakeFiles/rtos_patched_demo.elf.dir/Core/Src/freertos.c.obj
                0x08002428                vApplicationMallocFailedHook
 .text.MX_FREERTOS_Init
                0x0800242c      0x1f8 CMakeFiles/rtos_patched_demo.elf.dir/Core/Src/freertos.c.obj
                0x0800242c                MX_FREERTOS_Init
 .text.clear_prev_positions
                0x08002624       0x14 CMakeFiles/rtos_patched_demo.elf.dir/Core/Src/freertos_util.c.obj
                0x08002624                clear_prev_positions
 .text.MX_GPIO_Init
                0x08002638      0x154 CMakeFiles/rtos_patched_demo.elf.dir/Core/Src/gpio.c.obj
                0x08002638                MX_GPIO_Init
 .text._sbrk_r  0x0800278c       0x80 CMakeFiles/rtos_patched_demo.elf.dir/Core/Src/heap_useNewlib.c.obj
                0x0800278c                _sbrk_r
 .text.__malloc_lock
                0x0800280c       0x20 CMakeFiles/rtos_patched_demo.elf.dir/Core/Src/heap_useNewlib.c.obj
                0x0800280c                __malloc_lock
 .text.__malloc_unlock
                0x0800282c       0x10 CMakeFiles/rtos_patched_demo.elf.dir/Core/Src/heap_useNewlib.c.obj
                0x0800282c                __malloc_unlock
 .text.pvPortMalloc
                0x0800283c        0x4 CMakeFiles/rtos_patched_demo.elf.dir/Core/Src/heap_useNewlib.c.obj
                0x0800283c                pvPortMalloc
 .text.vPortFree
                0x08002840        0x4 CMakeFiles/rtos_patched_demo.elf.dir/Core/Src/heap_useNewlib.c.obj
                0x08002840                vPortFree
 .text.MX_I2C1_Init
                0x08002844       0x3c CMakeFiles/rtos_patched_demo.elf.dir/Core/Src/i2c.c.obj
                0x08002844                MX_I2C1_Init
 .text.HAL_I2C_MspInit
                0x08002880       0x70 CMakeFiles/rtos_patched_demo.elf.dir/Core/Src/i2c.c.obj
                0x08002880                HAL_I2C_MspInit
 .text.MX_I2S2_Init
                0x080028f0       0x44 CMakeFiles/rtos_patched_demo.elf.dir/Core/Src/i2s.c.obj
                0x080028f0                MX_I2S2_Init
 .text.MX_I2S3_Init
                0x08002934       0x3c CMakeFiles/rtos_patched_demo.elf.dir/Core/Src/i2s.c.obj
                0x08002934                MX_I2S3_Init
 .text.HAL_I2S_MspInit
                0x08002970      0x1c8 CMakeFiles/rtos_patched_demo.elf.dir/Core/Src/i2s.c.obj
                0x08002970                HAL_I2S_MspInit
 .text.SystemClock_Config
                0x08002b38       0xa8 CMakeFiles/rtos_patched_demo.elf.dir/Core/Src/main.c.obj
                0x08002b38                SystemClock_Config
 .text.PeriphCommonClock_Config
                0x08002be0       0x30 CMakeFiles/rtos_patched_demo.elf.dir/Core/Src/main.c.obj
                0x08002be0                PeriphCommonClock_Config
 .text.HAL_TIM_PeriodElapsedCallback
                0x08002c10       0x10 CMakeFiles/rtos_patched_demo.elf.dir/Core/Src/main.c.obj
                0x08002c10                HAL_TIM_PeriodElapsedCallback
 .text.Error_Handler
                0x08002c20        0x4 CMakeFiles/rtos_patched_demo.elf.dir/Core/Src/main.c.obj
                0x08002c20                Error_Handler
 .text.assert_failed
                0x08002c24       0x1c CMakeFiles/rtos_patched_demo.elf.dir/Core/Src/main.c.obj
                0x08002c24                assert_failed
 .text.startup.main
                0x08002c40       0x68 CMakeFiles/rtos_patched_demo.elf.dir/Core/Src/main.c.obj
                0x08002c40                main
 .text.enable_mic_dma
                0x08002ca8       0x14 CMakeFiles/rtos_patched_demo.elf.dir/Core/Src/mic_util.c.obj
                0x08002ca8                enable_mic_dma
 .text.HAL_I2S_RxHalfCpltCallback
                0x08002cbc       0x50 CMakeFiles/rtos_patched_demo.elf.dir/Core/Src/mic_util.c.obj
                0x08002cbc                HAL_I2S_RxHalfCpltCallback
 .text.HAL_I2S_RxCpltCallback
                0x08002d0c       0x54 CMakeFiles/rtos_patched_demo.elf.dir/Core/Src/mic_util.c.obj
                0x08002d0c                HAL_I2S_RxCpltCallback
 .text.MX_RNG_Init
                0x08002d60       0x20 CMakeFiles/rtos_patched_demo.elf.dir/Core/Src/rng.c.obj
                0x08002d60                MX_RNG_Init
 .text.HAL_RNG_MspInit
                0x08002d80       0x30 CMakeFiles/rtos_patched_demo.elf.dir/Core/Src/rng.c.obj
                0x08002d80                HAL_RNG_MspInit
 .text.get_next_amplitude
                0x08002db0       0x20 CMakeFiles/rtos_patched_demo.elf.dir/Core/Src/signal_generators.c.obj
                0x08002db0                get_next_amplitude
 .text.get_next_dc_point
                0x08002dd0       0x20 CMakeFiles/rtos_patched_demo.elf.dir/Core/Src/signal_generators.c.obj
                0x08002dd0                get_next_dc_point
 .text.calculate_dc_points
                0x08002df0       0x54 CMakeFiles/rtos_patched_demo.elf.dir/Core/Src/signal_generators.c.obj
                0x08002df0                calculate_dc_points
 .text.calculate_amplitudes
                0x08002e44       0x38 CMakeFiles/rtos_patched_demo.elf.dir/Core/Src/signal_generators.c.obj
                0x08002e44                calculate_amplitudes
 *fill*         0x08002e7c        0x4 
 .text.calculate_lut
                0x08002e80      0x284 CMakeFiles/rtos_patched_demo.elf.dir/Core/Src/signal_generators.c.obj
                0x08002e80                calculate_lut
 .text.generate_cos
                0x08003104       0x38 CMakeFiles/rtos_patched_demo.elf.dir/Core/Src/signal_generators.c.obj
                0x08003104                generate_cos
 .text.generate_saw
                0x0800313c       0xc4 CMakeFiles/rtos_patched_demo.elf.dir/Core/Src/signal_generators.c.obj
                0x0800313c                generate_saw
 .text.generate_triangle
                0x08003200       0xd8 CMakeFiles/rtos_patched_demo.elf.dir/Core/Src/signal_generators.c.obj
                0x08003200                generate_triangle
 .text.generate_square
                0x080032d8       0x44 CMakeFiles/rtos_patched_demo.elf.dir/Core/Src/signal_generators.c.obj
                0x080032d8                generate_square
 .text.generate_impulse
                0x0800331c       0x48 CMakeFiles/rtos_patched_demo.elf.dir/Core/Src/signal_generators.c.obj
                0x0800331c                generate_impulse
 .text.MX_SPI1_Init
                0x08003364       0x44 CMakeFiles/rtos_patched_demo.elf.dir/Core/Src/spi.c.obj
                0x08003364                MX_SPI1_Init
 .text.HAL_SPI_MspInit
                0x080033a8       0x80 CMakeFiles/rtos_patched_demo.elf.dir/Core/Src/spi.c.obj
                0x080033a8                HAL_SPI_MspInit
 .text.HAL_MspInit
                0x08003428       0x40 CMakeFiles/rtos_patched_demo.elf.dir/Core/Src/stm32f4xx_hal_msp.c.obj
                0x08003428                HAL_MspInit
 .text.HAL_InitTick
                0x08003468       0xa8 CMakeFiles/rtos_patched_demo.elf.dir/Core/Src/stm32f4xx_hal_timebase_tim.c.obj
                0x08003468                HAL_InitTick
 .text.NMI_Handler
                0x08003510        0x4 CMakeFiles/rtos_patched_demo.elf.dir/Core/Src/stm32f4xx_it.c.obj
                0x08003510                NMI_Handler
 .text.HardFault_Handler
                0x08003514        0x4 CMakeFiles/rtos_patched_demo.elf.dir/Core/Src/stm32f4xx_it.c.obj
                0x08003514                HardFault_Handler
 .text.MemManage_Handler
                0x08003518        0x4 CMakeFiles/rtos_patched_demo.elf.dir/Core/Src/stm32f4xx_it.c.obj
                0x08003518                MemManage_Handler
 .text.BusFault_Handler
                0x0800351c        0x4 CMakeFiles/rtos_patched_demo.elf.dir/Core/Src/stm32f4xx_it.c.obj
                0x0800351c                BusFault_Handler
 .text.UsageFault_Handler
                0x08003520        0x4 CMakeFiles/rtos_patched_demo.elf.dir/Core/Src/stm32f4xx_it.c.obj
                0x08003520                UsageFault_Handler
 .text.DebugMon_Handler
                0x08003524        0x4 CMakeFiles/rtos_patched_demo.elf.dir/Core/Src/stm32f4xx_it.c.obj
                0x08003524                DebugMon_Handler
 .text.DMA1_Stream2_IRQHandler
                0x08003528        0xc CMakeFiles/rtos_patched_demo.elf.dir/Core/Src/stm32f4xx_it.c.obj
                0x08003528                DMA1_Stream2_IRQHandler
 .text.DMA1_Stream3_IRQHandler
                0x08003534        0xc CMakeFiles/rtos_patched_demo.elf.dir/Core/Src/stm32f4xx_it.c.obj
                0x08003534                DMA1_Stream3_IRQHandler
 .text.DMA1_Stream5_IRQHandler
                0x08003540        0xc CMakeFiles/rtos_patched_demo.elf.dir/Core/Src/stm32f4xx_it.c.obj
                0x08003540                DMA1_Stream5_IRQHandler
 .text.DMA1_Stream6_IRQHandler
                0x0800354c        0xc CMakeFiles/rtos_patched_demo.elf.dir/Core/Src/stm32f4xx_it.c.obj
                0x0800354c                DMA1_Stream6_IRQHandler
 .text.TIM2_IRQHandler
                0x08003558        0xc CMakeFiles/rtos_patched_demo.elf.dir/Core/Src/stm32f4xx_it.c.obj
                0x08003558                TIM2_IRQHandler
 .text.SPI2_IRQHandler
                0x08003564        0xc CMakeFiles/rtos_patched_demo.elf.dir/Core/Src/stm32f4xx_it.c.obj
                0x08003564                SPI2_IRQHandler
 .text.USART2_IRQHandler
                0x08003570        0xc CMakeFiles/rtos_patched_demo.elf.dir/Core/Src/stm32f4xx_it.c.obj
                0x08003570                USART2_IRQHandler
 .text.DMA1_Stream7_IRQHandler
                0x0800357c        0xc CMakeFiles/rtos_patched_demo.elf.dir/Core/Src/stm32f4xx_it.c.obj
                0x0800357c                DMA1_Stream7_IRQHandler
 .text.SPI3_IRQHandler
                0x08003588        0xc CMakeFiles/rtos_patched_demo.elf.dir/Core/Src/stm32f4xx_it.c.obj
                0x08003588                SPI3_IRQHandler
 .text.OTG_FS_IRQHandler
                0x08003594        0x8 CMakeFiles/rtos_patched_demo.elf.dir/Core/Src/stm32f4xx_it.c.obj
                0x08003594                OTG_FS_IRQHandler
 .text._getpid  0x0800359c        0x4 CMakeFiles/rtos_patched_demo.elf.dir/Core/Src/syscalls.c.obj
                0x0800359c                _getpid
 .text._kill    0x080035a0       0x10 CMakeFiles/rtos_patched_demo.elf.dir/Core/Src/syscalls.c.obj
                0x080035a0                _kill
 .text._exit    0x080035b0        0xc CMakeFiles/rtos_patched_demo.elf.dir/Core/Src/syscalls.c.obj
                0x080035b0                _exit
 .text._read    0x080035bc       0xb4 CMakeFiles/rtos_patched_demo.elf.dir/Core/Src/syscalls.c.obj
                0x080035bc                _read
 .text._write   0x08003670       0xb4 CMakeFiles/rtos_patched_demo.elf.dir/Core/Src/syscalls.c.obj
                0x08003670                _write
 .text._close   0x08003724        0x8 CMakeFiles/rtos_patched_demo.elf.dir/Core/Src/syscalls.c.obj
                0x08003724                _close
 .text._fstat   0x0800372c        0xc CMakeFiles/rtos_patched_demo.elf.dir/Core/Src/syscalls.c.obj
                0x0800372c                _fstat
 .text._isatty  0x08003738        0x4 CMakeFiles/rtos_patched_demo.elf.dir/Core/Src/syscalls.c.obj
                0x08003738                _isatty
 .text._lseek   0x0800373c        0x4 CMakeFiles/rtos_patched_demo.elf.dir/Core/Src/syscalls.c.obj
                0x0800373c                _lseek
 .text.SystemInit
                0x08003740       0x14 CMakeFiles/rtos_patched_demo.elf.dir/Core/Src/system_stm32f4xx.c.obj
                0x08003740                SystemInit
 *fill*         0x08003754        0x4 
 .text.MX_TIM3_Init
                0x08003758       0x90 CMakeFiles/rtos_patched_demo.elf.dir/Core/Src/tim.c.obj
                0x08003758                MX_TIM3_Init
 .text.MX_TIM4_Init
                0x080037e8      0x114 CMakeFiles/rtos_patched_demo.elf.dir/Core/Src/tim.c.obj
                0x080037e8                MX_TIM4_Init
 .text.HAL_TIM_PWM_MspInit
                0x080038fc       0xb0 CMakeFiles/rtos_patched_demo.elf.dir/Core/Src/tim.c.obj
                0x080038fc                HAL_TIM_PWM_MspInit
 .text.led_channel_ctrl
                0x080039ac       0x20 CMakeFiles/rtos_patched_demo.elf.dir/Core/Src/tim.c.obj
                0x080039ac                led_channel_ctrl
 .text.usb_init
                0x080039cc       0x2c CMakeFiles/rtos_patched_demo.elf.dir/Core/Src/tinyusb_utils.c.obj
                0x080039cc                usb_init
 .text.tud_audio_tx_done_post_load_cb
                0x080039f8       0x30 CMakeFiles/rtos_patched_demo.elf.dir/Core/Src/tinyusb_utils.c.obj
                0x080039f8                tud_audio_tx_done_post_load_cb
 .text.tud_mount_cb
                0x08003a28        0x4 CMakeFiles/rtos_patched_demo.elf.dir/Core/Src/tinyusb_utils.c.obj
                0x08003a28                tud_mount_cb
 .text.tud_umount_cb
                0x08003a2c        0x4 CMakeFiles/rtos_patched_demo.elf.dir/Core/Src/tinyusb_utils.c.obj
                0x08003a2c                tud_umount_cb
 .text.tud_suspend_cb
                0x08003a30        0x4 CMakeFiles/rtos_patched_demo.elf.dir/Core/Src/tinyusb_utils.c.obj
                0x08003a30                tud_suspend_cb
 .text.tud_resume_cb
                0x08003a34        0x4 CMakeFiles/rtos_patched_demo.elf.dir/Core/Src/tinyusb_utils.c.obj
                0x08003a34                tud_resume_cb
 .text.tud_audio_set_itf_cb
                0x08003a38       0x14 CMakeFiles/rtos_patched_demo.elf.dir/Core/Src/tinyusb_utils.c.obj
                0x08003a38                tud_audio_set_itf_cb
 .text.tud_audio_set_req_ep_cb
                0x08003a4c        0x4 CMakeFiles/rtos_patched_demo.elf.dir/Core/Src/tinyusb_utils.c.obj
                0x08003a4c                tud_audio_set_req_ep_cb
 .text.tud_audio_set_req_itf_cb
                0x08003a50        0x4 CMakeFiles/rtos_patched_demo.elf.dir/Core/Src/tinyusb_utils.c.obj
                0x08003a50                tud_audio_set_req_itf_cb
 .text.tud_audio_set_req_entity_cb
                0x08003a54       0xa0 CMakeFiles/rtos_patched_demo.elf.dir/Core/Src/tinyusb_utils.c.obj
                0x08003a54                tud_audio_set_req_entity_cb
 .text.tud_audio_get_req_ep_cb
                0x08003af4        0x4 CMakeFiles/rtos_patched_demo.elf.dir/Core/Src/tinyusb_utils.c.obj
                0x08003af4                tud_audio_get_req_ep_cb
 .text.tud_audio_get_req_itf_cb
                0x08003af8        0x4 CMakeFiles/rtos_patched_demo.elf.dir/Core/Src/tinyusb_utils.c.obj
                0x08003af8                tud_audio_get_req_itf_cb
 .text.tud_audio_get_req_entity_cb
                0x08003afc      0x12c CMakeFiles/rtos_patched_demo.elf.dir/Core/Src/tinyusb_utils.c.obj
                0x08003afc                tud_audio_get_req_entity_cb
 .text.tud_audio_tx_done_pre_load_cb
                0x08003c28        0x4 CMakeFiles/rtos_patched_demo.elf.dir/Core/Src/tinyusb_utils.c.obj
                0x08003c28                tud_audio_tx_done_pre_load_cb
 .text.tud_audio_set_itf_close_EP_cb
                0x08003c2c        0x4 CMakeFiles/rtos_patched_demo.elf.dir/Core/Src/tinyusb_utils.c.obj
                0x08003c2c                tud_audio_set_itf_close_EP_cb
 .text.MX_USART2_UART_Init
                0x08003c30       0x38 CMakeFiles/rtos_patched_demo.elf.dir/Core/Src/usart.c.obj
                0x08003c30                MX_USART2_UART_Init
 .text.HAL_UART_MspInit
                0x08003c68      0x100 CMakeFiles/rtos_patched_demo.elf.dir/Core/Src/usart.c.obj
                0x08003c68                HAL_UART_MspInit
 .text.uart_transmit
                0x08003d68       0x34 CMakeFiles/rtos_patched_demo.elf.dir/Core/Src/usart.c.obj
                0x08003d68                uart_transmit
 .text.uart_receive
                0x08003d9c       0x3c CMakeFiles/rtos_patched_demo.elf.dir/Core/Src/usart.c.obj
                0x08003d9c                uart_receive
 .text.HAL_UART_RxCpltCallback
                0x08003dd8       0x4c CMakeFiles/rtos_patched_demo.elf.dir/Core/Src/usart.c.obj
                0x08003dd8                HAL_UART_RxCpltCallback
 .text.HAL_UART_TxCpltCallback
                0x08003e24       0x4c CMakeFiles/rtos_patched_demo.elf.dir/Core/Src/usart.c.obj
                0x08003e24                HAL_UART_TxCpltCallback
 .text.tud_descriptor_device_cb
                0x08003e70        0x8 CMakeFiles/rtos_patched_demo.elf.dir/Core/Src/usb_descriptors.c.obj
                0x08003e70                tud_descriptor_device_cb
 .text.tud_descriptor_configuration_cb
                0x08003e78        0x8 CMakeFiles/rtos_patched_demo.elf.dir/Core/Src/usb_descriptors.c.obj
                0x08003e78                tud_descriptor_configuration_cb
 .text.tud_descriptor_string_cb
                0x08003e80      0x378 CMakeFiles/rtos_patched_demo.elf.dir/Core/Src/usb_descriptors.c.obj
                0x08003e80                tud_descriptor_string_cb
 .text.MX_USB_OTG_FS_PCD_Init
                0x080041f8       0x54 CMakeFiles/rtos_patched_demo.elf.dir/Core/Src/usb_otg.c.obj
                0x080041f8                MX_USB_OTG_FS_PCD_Init
 .text.HAL_PCD_MspInit
                0x0800424c       0xb0 CMakeFiles/rtos_patched_demo.elf.dir/Core/Src/usb_otg.c.obj
                0x0800424c                HAL_PCD_MspInit
 .text.Reset_Handler
                0x080042fc       0x50 CMakeFiles/rtos_patched_demo.elf.dir/Core/Startup/startup_stm32f407vgtx.s.obj
                0x080042fc                Reset_Handler
 .text.Default_Handler
                0x0800434c        0x2 CMakeFiles/rtos_patched_demo.elf.dir/Core/Startup/startup_stm32f407vgtx.s.obj
                0x0800434c                RTC_Alarm_IRQHandler
                0x0800434c                HASH_RNG_IRQHandler
                0x0800434c                EXTI2_IRQHandler
                0x0800434c                TIM8_CC_IRQHandler
                0x0800434c                TIM1_CC_IRQHandler
                0x0800434c                DMA2_Stream5_IRQHandler
                0x0800434c                PVD_IRQHandler
                0x0800434c                SDIO_IRQHandler
                0x0800434c                TAMP_STAMP_IRQHandler
                0x0800434c                CAN2_RX1_IRQHandler
                0x0800434c                EXTI3_IRQHandler
                0x0800434c                TIM8_TRG_COM_TIM14_IRQHandler
                0x0800434c                TIM1_UP_TIM10_IRQHandler
                0x0800434c                TIM8_UP_TIM13_IRQHandler
                0x0800434c                I2C3_ER_IRQHandler
                0x0800434c                EXTI0_IRQHandler
                0x0800434c                I2C2_EV_IRQHandler
                0x0800434c                CAN1_RX0_IRQHandler
                0x0800434c                FPU_IRQHandler
                0x0800434c                OTG_HS_WKUP_IRQHandler
                0x0800434c                CAN2_SCE_IRQHandler
                0x0800434c                DMA2_Stream2_IRQHandler
                0x0800434c                SPI1_IRQHandler
                0x0800434c                TIM6_DAC_IRQHandler
                0x0800434c                TIM1_BRK_TIM9_IRQHandler
                0x0800434c                DCMI_IRQHandler
                0x0800434c                CAN2_RX0_IRQHandler
                0x0800434c                DMA2_Stream3_IRQHandler
                0x0800434c                USART6_IRQHandler
                0x0800434c                USART3_IRQHandler
                0x0800434c                CAN1_RX1_IRQHandler
                0x0800434c                UART5_IRQHandler
                0x0800434c                DMA2_Stream0_IRQHandler
                0x0800434c                TIM4_IRQHandler
                0x0800434c                I2C1_EV_IRQHandler
                0x0800434c                DMA1_Stream1_IRQHandler
                0x0800434c                UART4_IRQHandler
                0x0800434c                TIM3_IRQHandler
                0x0800434c                RCC_IRQHandler
                0x0800434c                TIM8_BRK_TIM12_IRQHandler
                0x0800434c                Default_Handler
                0x0800434c                EXTI15_10_IRQHandler
                0x0800434c                ADC_IRQHandler
                0x0800434c                TIM7_IRQHandler
                0x0800434c                CAN2_TX_IRQHandler
                0x0800434c                TIM5_IRQHandler
                0x0800434c                DMA2_Stream7_IRQHandler
                0x0800434c                I2C3_EV_IRQHandler
                0x0800434c                EXTI9_5_IRQHandler
                0x0800434c                RTC_WKUP_IRQHandler
                0x0800434c                ETH_WKUP_IRQHandler
                0x0800434c                OTG_HS_EP1_IN_IRQHandler
                0x0800434c                DMA1_Stream0_IRQHandler
                0x0800434c                CAN1_TX_IRQHandler
                0x0800434c                EXTI4_IRQHandler
                0x0800434c                FSMC_IRQHandler
                0x0800434c                ETH_IRQHandler
                0x0800434c                OTG_HS_EP1_OUT_IRQHandler
                0x0800434c                WWDG_IRQHandler
                0x0800434c                OTG_FS_WKUP_IRQHandler
                0x0800434c                TIM1_TRG_COM_TIM11_IRQHandler
                0x0800434c                OTG_HS_IRQHandler
                0x0800434c                EXTI1_IRQHandler
                0x0800434c                I2C2_ER_IRQHandler
                0x0800434c                DMA2_Stream1_IRQHandler
                0x0800434c                CAN1_SCE_IRQHandler
                0x0800434c                FLASH_IRQHandler
                0x0800434c                DMA2_Stream4_IRQHandler
                0x0800434c                USART1_IRQHandler
                0x0800434c                DMA1_Stream4_IRQHandler
                0x0800434c                I2C1_ER_IRQHandler
                0x0800434c                DMA2_Stream6_IRQHandler
 *fill*         0x0800434e        0x2 
 .text.__retarget_lock_init_recursive
                0x08004350       0x34 CMakeFiles/rtos_patched_demo.elf.dir/Core/ThreadSafe/newlib_lock_glue.c.obj
                0x08004350                __retarget_lock_init_recursive
 .text.__retarget_lock_close_recursive
                0x08004384        0x4 CMakeFiles/rtos_patched_demo.elf.dir/Core/ThreadSafe/newlib_lock_glue.c.obj
                0x08004384                __retarget_lock_close_recursive
 .text.__retarget_lock_acquire_recursive
                0x08004388       0x38 CMakeFiles/rtos_patched_demo.elf.dir/Core/ThreadSafe/newlib_lock_glue.c.obj
                0x08004388                __retarget_lock_acquire_recursive
 .text.__retarget_lock_release_recursive
                0x080043c0       0x2c CMakeFiles/rtos_patched_demo.elf.dir/Core/ThreadSafe/newlib_lock_glue.c.obj
                0x080043c0                __retarget_lock_release_recursive
 .text.HAL_Init
                0x080043ec       0x34 CMakeFiles/rtos_patched_demo.elf.dir/Drivers/STM32F4xx_HAL_Driver/Src/stm32f4xx_hal.c.obj
                0x080043ec                HAL_Init
 .text.HAL_IncTick
                0x08004420       0x18 CMakeFiles/rtos_patched_demo.elf.dir/Drivers/STM32F4xx_HAL_Driver/Src/stm32f4xx_hal.c.obj
                0x08004420                HAL_IncTick
 .text.HAL_GetTick
                0x08004438        0xc CMakeFiles/rtos_patched_demo.elf.dir/Drivers/STM32F4xx_HAL_Driver/Src/stm32f4xx_hal.c.obj
                0x08004438                HAL_GetTick
 .text.HAL_Delay
                0x08004444       0x24 CMakeFiles/rtos_patched_demo.elf.dir/Drivers/STM32F4xx_HAL_Driver/Src/stm32f4xx_hal.c.obj
                0x08004444                HAL_Delay
 .text.HAL_NVIC_SetPriorityGrouping
                0x08004468       0x3c CMakeFiles/rtos_patched_demo.elf.dir/Drivers/STM32F4xx_HAL_Driver/Src/stm32f4xx_hal_cortex.c.obj
                0x08004468                HAL_NVIC_SetPriorityGrouping
 .text.HAL_NVIC_SetPriority
                0x080044a4       0x94 CMakeFiles/rtos_patched_demo.elf.dir/Drivers/STM32F4xx_HAL_Driver/Src/stm32f4xx_hal_cortex.c.obj
                0x080044a4                HAL_NVIC_SetPriority
 .text.HAL_NVIC_EnableIRQ
                0x08004538       0x28 CMakeFiles/rtos_patched_demo.elf.dir/Drivers/STM32F4xx_HAL_Driver/Src/stm32f4xx_hal_cortex.c.obj
                0x08004538                HAL_NVIC_EnableIRQ
 .text.HAL_CRC_Init
                0x08004560       0x44 CMakeFiles/rtos_patched_demo.elf.dir/Drivers/STM32F4xx_HAL_Driver/Src/stm32f4xx_hal_crc.c.obj
                0x08004560                HAL_CRC_Init
 .text.HAL_DMA_Init
                0x080045a4      0x2d0 CMakeFiles/rtos_patched_demo.elf.dir/Drivers/STM32F4xx_HAL_Driver/Src/stm32f4xx_hal_dma.c.obj
                0x080045a4                HAL_DMA_Init
 .text.HAL_DMA_Start_IT
                0x08004874       0xb0 CMakeFiles/rtos_patched_demo.elf.dir/Drivers/STM32F4xx_HAL_Driver/Src/stm32f4xx_hal_dma.c.obj
                0x08004874                HAL_DMA_Start_IT
 .text.HAL_DMA_Abort
                0x08004924       0x98 CMakeFiles/rtos_patched_demo.elf.dir/Drivers/STM32F4xx_HAL_Driver/Src/stm32f4xx_hal_dma.c.obj
                0x08004924                HAL_DMA_Abort
 .text.HAL_DMA_Abort_IT
                0x080049bc       0x24 CMakeFiles/rtos_patched_demo.elf.dir/Drivers/STM32F4xx_HAL_Driver/Src/stm32f4xx_hal_dma.c.obj
                0x080049bc                HAL_DMA_Abort_IT
 .text.HAL_DMA_IRQHandler
                0x080049e0      0x1b0 CMakeFiles/rtos_patched_demo.elf.dir/Drivers/STM32F4xx_HAL_Driver/Src/stm32f4xx_hal_dma.c.obj
                0x080049e0                HAL_DMA_IRQHandler
 .text.HAL_GPIO_Init
                0x08004b90      0x318 CMakeFiles/rtos_patched_demo.elf.dir/Drivers/STM32F4xx_HAL_Driver/Src/stm32f4xx_hal_gpio.c.obj
                0x08004b90                HAL_GPIO_Init
 .text.HAL_GPIO_WritePin
                0x08004ea8       0x34 CMakeFiles/rtos_patched_demo.elf.dir/Drivers/STM32F4xx_HAL_Driver/Src/stm32f4xx_hal_gpio.c.obj
                0x08004ea8                HAL_GPIO_WritePin
 .text.HAL_I2C_Init
                0x08004edc      0x2a0 CMakeFiles/rtos_patched_demo.elf.dir/Drivers/STM32F4xx_HAL_Driver/Src/stm32f4xx_hal_i2c.c.obj
                0x08004edc                HAL_I2C_Init
 .text.HAL_I2S_Init
                0x0800517c      0x234 CMakeFiles/rtos_patched_demo.elf.dir/Drivers/STM32F4xx_HAL_Driver/Src/stm32f4xx_hal_i2s.c.obj
                0x0800517c                HAL_I2S_Init
 .text.HAL_I2S_Receive_DMA
                0x080053b0       0xf4 CMakeFiles/rtos_patched_demo.elf.dir/Drivers/STM32F4xx_HAL_Driver/Src/stm32f4xx_hal_i2s.c.obj
                0x080053b0                HAL_I2S_Receive_DMA
 .text.HAL_I2S_IRQHandler
                0x080054a4        0x4 CMakeFiles/rtos_patched_demo.elf.dir/Drivers/STM32F4xx_HAL_Driver/Src/stm32f4xx_hal_i2s.c.obj
                0x080054a4                HAL_I2S_IRQHandler
 .text.HAL_I2S_TxCpltCallback
                0x080054a8        0x4 CMakeFiles/rtos_patched_demo.elf.dir/Drivers/STM32F4xx_HAL_Driver/Src/stm32f4xx_hal_i2s.c.obj
                0x080054a8                HAL_I2S_TxCpltCallback
 .text.I2S_DMARxHalfCplt
                0x080054ac        0xc CMakeFiles/rtos_patched_demo.elf.dir/Drivers/STM32F4xx_HAL_Driver/Src/stm32f4xx_hal_i2s.c.obj
 .text.I2S_DMARxCplt
                0x080054b8       0x24 CMakeFiles/rtos_patched_demo.elf.dir/Drivers/STM32F4xx_HAL_Driver/Src/stm32f4xx_hal_i2s.c.obj
 .text.HAL_I2S_ErrorCallback
                0x080054dc        0x4 CMakeFiles/rtos_patched_demo.elf.dir/Drivers/STM32F4xx_HAL_Driver/Src/stm32f4xx_hal_i2s.c.obj
                0x080054dc                HAL_I2S_ErrorCallback
 .text.I2S_IRQHandler
                0x080054e0      0x114 CMakeFiles/rtos_patched_demo.elf.dir/Drivers/STM32F4xx_HAL_Driver/Src/stm32f4xx_hal_i2s.c.obj
 .text.I2S_DMAError
                0x080055f4       0x2c CMakeFiles/rtos_patched_demo.elf.dir/Drivers/STM32F4xx_HAL_Driver/Src/stm32f4xx_hal_i2s.c.obj
 .text.HAL_I2SEx_TxRxCpltCallback
                0x08005620        0x4 CMakeFiles/rtos_patched_demo.elf.dir/Drivers/STM32F4xx_HAL_Driver/Src/stm32f4xx_hal_i2s_ex.c.obj
                0x08005620                HAL_I2SEx_TxRxCpltCallback
 .text.HAL_I2SEx_FullDuplex_IRQHandler
                0x08005624      0x27c CMakeFiles/rtos_patched_demo.elf.dir/Drivers/STM32F4xx_HAL_Driver/Src/stm32f4xx_hal_i2s_ex.c.obj
                0x08005624                HAL_I2SEx_FullDuplex_IRQHandler
 .text.HAL_PCD_Init
                0x080058a0      0x2a0 CMakeFiles/rtos_patched_demo.elf.dir/Drivers/STM32F4xx_HAL_Driver/Src/stm32f4xx_hal_pcd.c.obj
                0x080058a0                HAL_PCD_Init
 .text.HAL_RCC_OscConfig
                0x08005b40      0x4f8 CMakeFiles/rtos_patched_demo.elf.dir/Drivers/STM32F4xx_HAL_Driver/Src/stm32f4xx_hal_rcc.c.obj
                0x08005b40                HAL_RCC_OscConfig
 .text.HAL_RCC_GetSysClockFreq
                0x08006038       0x68 CMakeFiles/rtos_patched_demo.elf.dir/Drivers/STM32F4xx_HAL_Driver/Src/stm32f4xx_hal_rcc.c.obj
                0x08006038                HAL_RCC_GetSysClockFreq
 .text.HAL_RCC_ClockConfig
                0x080060a0      0x220 CMakeFiles/rtos_patched_demo.elf.dir/Drivers/STM32F4xx_HAL_Driver/Src/stm32f4xx_hal_rcc.c.obj
                0x080060a0                HAL_RCC_ClockConfig
 .text.HAL_RCC_GetPCLK1Freq
                0x080062c0       0x24 CMakeFiles/rtos_patched_demo.elf.dir/Drivers/STM32F4xx_HAL_Driver/Src/stm32f4xx_hal_rcc.c.obj
                0x080062c0                HAL_RCC_GetPCLK1Freq
 .text.HAL_RCC_GetPCLK2Freq
                0x080062e4       0x24 CMakeFiles/rtos_patched_demo.elf.dir/Drivers/STM32F4xx_HAL_Driver/Src/stm32f4xx_hal_rcc.c.obj
                0x080062e4                HAL_RCC_GetPCLK2Freq
 .text.HAL_RCC_GetClockConfig
                0x08006308       0x44 CMakeFiles/rtos_patched_demo.elf.dir/Drivers/STM32F4xx_HAL_Driver/Src/stm32f4xx_hal_rcc.c.obj
                0x08006308                HAL_RCC_GetClockConfig
 .text.HAL_RCCEx_PeriphCLKConfig
                0x0800634c      0x208 CMakeFiles/rtos_patched_demo.elf.dir/Drivers/STM32F4xx_HAL_Driver/Src/stm32f4xx_hal_rcc_ex.c.obj
                0x0800634c                HAL_RCCEx_PeriphCLKConfig
 .text.HAL_RCCEx_GetPeriphCLKFreq
                0x08006554       0x4c CMakeFiles/rtos_patched_demo.elf.dir/Drivers/STM32F4xx_HAL_Driver/Src/stm32f4xx_hal_rcc_ex.c.obj
                0x08006554                HAL_RCCEx_GetPeriphCLKFreq
 .text.HAL_RNG_Init
                0x080065a0       0x50 CMakeFiles/rtos_patched_demo.elf.dir/Drivers/STM32F4xx_HAL_Driver/Src/stm32f4xx_hal_rng.c.obj
                0x080065a0                HAL_RNG_Init
 .text.HAL_SPI_Init
                0x080065f0      0x274 CMakeFiles/rtos_patched_demo.elf.dir/Drivers/STM32F4xx_HAL_Driver/Src/stm32f4xx_hal_spi.c.obj
                0x080065f0                HAL_SPI_Init
 .text.TIM_OC1_SetConfig
                0x08006864       0xfc CMakeFiles/rtos_patched_demo.elf.dir/Drivers/STM32F4xx_HAL_Driver/Src/stm32f4xx_hal_tim.c.obj
 .text.TIM_OC3_SetConfig
                0x08006960      0x100 CMakeFiles/rtos_patched_demo.elf.dir/Drivers/STM32F4xx_HAL_Driver/Src/stm32f4xx_hal_tim.c.obj
 .text.HAL_TIM_Base_MspInit
                0x08006a60        0x4 CMakeFiles/rtos_patched_demo.elf.dir/Drivers/STM32F4xx_HAL_Driver/Src/stm32f4xx_hal_tim.c.obj
                0x08006a60                HAL_TIM_Base_MspInit
 .text.HAL_TIM_Base_Init
                0x08006a64      0x200 CMakeFiles/rtos_patched_demo.elf.dir/Drivers/STM32F4xx_HAL_Driver/Src/stm32f4xx_hal_tim.c.obj
                0x08006a64                HAL_TIM_Base_Init
 .text.HAL_TIM_Base_Start_IT
                0x08006c64       0xf8 CMakeFiles/rtos_patched_demo.elf.dir/Drivers/STM32F4xx_HAL_Driver/Src/stm32f4xx_hal_tim.c.obj
                0x08006c64                HAL_TIM_Base_Start_IT
 .text.HAL_TIM_PWM_Init
                0x08006d5c      0x200 CMakeFiles/rtos_patched_demo.elf.dir/Drivers/STM32F4xx_HAL_Driver/Src/stm32f4xx_hal_tim.c.obj
                0x08006d5c                HAL_TIM_PWM_Init
 .text.HAL_TIM_PWM_Start
                0x08006f5c      0x280 CMakeFiles/rtos_patched_demo.elf.dir/Drivers/STM32F4xx_HAL_Driver/Src/stm32f4xx_hal_tim.c.obj
                0x08006f5c                HAL_TIM_PWM_Start
 .text.HAL_TIM_PWM_Stop
                0x080071dc      0x1cc CMakeFiles/rtos_patched_demo.elf.dir/Drivers/STM32F4xx_HAL_Driver/Src/stm32f4xx_hal_tim.c.obj
                0x080071dc                HAL_TIM_PWM_Stop
 .text.HAL_TIM_OC_DelayElapsedCallback
                0x080073a8        0x4 CMakeFiles/rtos_patched_demo.elf.dir/Drivers/STM32F4xx_HAL_Driver/Src/stm32f4xx_hal_tim.c.obj
                0x080073a8                HAL_TIM_OC_DelayElapsedCallback
 .text.HAL_TIM_IC_CaptureCallback
                0x080073ac        0x4 CMakeFiles/rtos_patched_demo.elf.dir/Drivers/STM32F4xx_HAL_Driver/Src/stm32f4xx_hal_tim.c.obj
                0x080073ac                HAL_TIM_IC_CaptureCallback
 .text.HAL_TIM_PWM_PulseFinishedCallback
                0x080073b0        0x4 CMakeFiles/rtos_patched_demo.elf.dir/Drivers/STM32F4xx_HAL_Driver/Src/stm32f4xx_hal_tim.c.obj
                0x080073b0                HAL_TIM_PWM_PulseFinishedCallback
 .text.HAL_TIM_TriggerCallback
                0x080073b4        0x4 CMakeFiles/rtos_patched_demo.elf.dir/Drivers/STM32F4xx_HAL_Driver/Src/stm32f4xx_hal_tim.c.obj
                0x080073b4                HAL_TIM_TriggerCallback
 .text.HAL_TIM_IRQHandler
                0x080073b8      0x154 CMakeFiles/rtos_patched_demo.elf.dir/Drivers/STM32F4xx_HAL_Driver/Src/stm32f4xx_hal_tim.c.obj
                0x080073b8                HAL_TIM_IRQHandler
 .text.TIM_OC2_SetConfig
                0x0800750c      0x100 CMakeFiles/rtos_patched_demo.elf.dir/Drivers/STM32F4xx_HAL_Driver/Src/stm32f4xx_hal_tim.c.obj
                0x0800750c                TIM_OC2_SetConfig
 .text.HAL_TIM_PWM_ConfigChannel
                0x0800760c      0x320 CMakeFiles/rtos_patched_demo.elf.dir/Drivers/STM32F4xx_HAL_Driver/Src/stm32f4xx_hal_tim.c.obj
                0x0800760c                HAL_TIM_PWM_ConfigChannel
 .text.HAL_TIMEx_MasterConfigSynchronization
                0x0800792c      0x120 CMakeFiles/rtos_patched_demo.elf.dir/Drivers/STM32F4xx_HAL_Driver/Src/stm32f4xx_hal_tim_ex.c.obj
                0x0800792c                HAL_TIMEx_MasterConfigSynchronization
 .text.HAL_TIMEx_CommutCallback
                0x08007a4c        0x4 CMakeFiles/rtos_patched_demo.elf.dir/Drivers/STM32F4xx_HAL_Driver/Src/stm32f4xx_hal_tim_ex.c.obj
                0x08007a4c                HAL_TIMEx_CommutCallback
 .text.HAL_TIMEx_BreakCallback
                0x08007a50        0x4 CMakeFiles/rtos_patched_demo.elf.dir/Drivers/STM32F4xx_HAL_Driver/Src/stm32f4xx_hal_tim_ex.c.obj
                0x08007a50                HAL_TIMEx_BreakCallback
 .text.UART_SetConfig
                0x08007a54      0x144 CMakeFiles/rtos_patched_demo.elf.dir/Drivers/STM32F4xx_HAL_Driver/Src/stm32f4xx_hal_uart.c.obj
 .text.HAL_UART_Init
                0x08007b98      0x124 CMakeFiles/rtos_patched_demo.elf.dir/Drivers/STM32F4xx_HAL_Driver/Src/stm32f4xx_hal_uart.c.obj
                0x08007b98                HAL_UART_Init
 .text.HAL_UART_Transmit_DMA
                0x08007cbc       0x88 CMakeFiles/rtos_patched_demo.elf.dir/Drivers/STM32F4xx_HAL_Driver/Src/stm32f4xx_hal_uart.c.obj
                0x08007cbc                HAL_UART_Transmit_DMA
 .text.UART_DMATransmitCplt
                0x08007d44       0x4c CMakeFiles/rtos_patched_demo.elf.dir/Drivers/STM32F4xx_HAL_Driver/Src/stm32f4xx_hal_uart.c.obj
 .text.HAL_UART_TxHalfCpltCallback
                0x08007d90        0x4 CMakeFiles/rtos_patched_demo.elf.dir/Drivers/STM32F4xx_HAL_Driver/Src/stm32f4xx_hal_uart.c.obj
                0x08007d90                HAL_UART_TxHalfCpltCallback
 .text.UART_DMATxHalfCplt
                0x08007d94        0xc CMakeFiles/rtos_patched_demo.elf.dir/Drivers/STM32F4xx_HAL_Driver/Src/stm32f4xx_hal_uart.c.obj
 .text.HAL_UART_RxHalfCpltCallback
                0x08007da0        0x4 CMakeFiles/rtos_patched_demo.elf.dir/Drivers/STM32F4xx_HAL_Driver/Src/stm32f4xx_hal_uart.c.obj
                0x08007da0                HAL_UART_RxHalfCpltCallback
 .text.HAL_UART_ErrorCallback
                0x08007da4        0x4 CMakeFiles/rtos_patched_demo.elf.dir/Drivers/STM32F4xx_HAL_Driver/Src/stm32f4xx_hal_uart.c.obj
                0x08007da4                HAL_UART_ErrorCallback
 .text.UART_DMAError
                0x08007da8       0xc0 CMakeFiles/rtos_patched_demo.elf.dir/Drivers/STM32F4xx_HAL_Driver/Src/stm32f4xx_hal_uart.c.obj
 .text.UART_DMAAbortOnError
                0x08007e68       0x10 CMakeFiles/rtos_patched_demo.elf.dir/Drivers/STM32F4xx_HAL_Driver/Src/stm32f4xx_hal_uart.c.obj
 .text.HAL_UARTEx_RxEventCallback
                0x08007e78        0x4 CMakeFiles/rtos_patched_demo.elf.dir/Drivers/STM32F4xx_HAL_Driver/Src/stm32f4xx_hal_uart.c.obj
                0x08007e78                HAL_UARTEx_RxEventCallback
 .text.UART_DMARxHalfCplt
                0x08007e7c       0x1c CMakeFiles/rtos_patched_demo.elf.dir/Drivers/STM32F4xx_HAL_Driver/Src/stm32f4xx_hal_uart.c.obj
 .text.UART_DMAReceiveCplt
                0x08007e98       0x94 CMakeFiles/rtos_patched_demo.elf.dir/Drivers/STM32F4xx_HAL_Driver/Src/stm32f4xx_hal_uart.c.obj
 .text.UART_Receive_IT.part.0.isra.0
                0x08007f2c       0xd0 CMakeFiles/rtos_patched_demo.elf.dir/Drivers/STM32F4xx_HAL_Driver/Src/stm32f4xx_hal_uart.c.obj
 .text.HAL_UART_IRQHandler
                0x08007ffc      0x320 CMakeFiles/rtos_patched_demo.elf.dir/Drivers/STM32F4xx_HAL_Driver/Src/stm32f4xx_hal_uart.c.obj
                0x08007ffc                HAL_UART_IRQHandler
 .text.UART_Start_Receive_DMA
                0x0800831c       0xa0 CMakeFiles/rtos_patched_demo.elf.dir/Drivers/STM32F4xx_HAL_Driver/Src/stm32f4xx_hal_uart.c.obj
                0x0800831c                UART_Start_Receive_DMA
 .text.HAL_UART_Receive_DMA
                0x080083bc       0x38 CMakeFiles/rtos_patched_demo.elf.dir/Drivers/STM32F4xx_HAL_Driver/Src/stm32f4xx_hal_uart.c.obj
                0x080083bc                HAL_UART_Receive_DMA
 .text.USB_CoreInit
                0x080083f4      0x104 CMakeFiles/rtos_patched_demo.elf.dir/Drivers/STM32F4xx_HAL_Driver/Src/stm32f4xx_ll_usb.c.obj
                0x080083f4                USB_CoreInit
 .text.USB_DisableGlobalInt
                0x080084f8       0x10 CMakeFiles/rtos_patched_demo.elf.dir/Drivers/STM32F4xx_HAL_Driver/Src/stm32f4xx_ll_usb.c.obj
                0x080084f8                USB_DisableGlobalInt
 .text.USB_SetCurrentMode
                0x08008508      0x184 CMakeFiles/rtos_patched_demo.elf.dir/Drivers/STM32F4xx_HAL_Driver/Src/stm32f4xx_ll_usb.c.obj
                0x08008508                USB_SetCurrentMode
 .text.USB_DevInit
                0x0800868c      0x430 CMakeFiles/rtos_patched_demo.elf.dir/Drivers/STM32F4xx_HAL_Driver/Src/stm32f4xx_ll_usb.c.obj
                0x0800868c                USB_DevInit
 .text.USB_DevDisconnect
                0x08008abc       0x20 CMakeFiles/rtos_patched_demo.elf.dir/Drivers/STM32F4xx_HAL_Driver/Src/stm32f4xx_ll_usb.c.obj
                0x08008abc                USB_DevDisconnect
 .text.SysTick_Handler
                0x08008adc       0x1c CMakeFiles/rtos_patched_demo.elf.dir/Middlewares/Third_Party/FreeRTOS/Source/CMSIS_RTOS_V2/cmsis_os2.c.obj
                0x08008adc                SysTick_Handler
 .text.osKernelInitialize
                0x08008af8       0x24 CMakeFiles/rtos_patched_demo.elf.dir/Middlewares/Third_Party/FreeRTOS/Source/CMSIS_RTOS_V2/cmsis_os2.c.obj
                0x08008af8                osKernelInitialize
 .text.osKernelStart
                0x08008b1c       0x34 CMakeFiles/rtos_patched_demo.elf.dir/Middlewares/Third_Party/FreeRTOS/Source/CMSIS_RTOS_V2/cmsis_os2.c.obj
                0x08008b1c                osKernelStart
 .text.osThreadNew
                0x08008b50       0x9c CMakeFiles/rtos_patched_demo.elf.dir/Middlewares/Third_Party/FreeRTOS/Source/CMSIS_RTOS_V2/cmsis_os2.c.obj
                0x08008b50                osThreadNew
 .text.osDelay  0x08008bec       0x1c CMakeFiles/rtos_patched_demo.elf.dir/Middlewares/Third_Party/FreeRTOS/Source/CMSIS_RTOS_V2/cmsis_os2.c.obj
                0x08008bec                osDelay
 .text.vApplicationGetIdleTaskMemory
                0x08008c08       0x20 CMakeFiles/rtos_patched_demo.elf.dir/Middlewares/Third_Party/FreeRTOS/Source/CMSIS_RTOS_V2/cmsis_os2.c.obj
                0x08008c08                vApplicationGetIdleTaskMemory
 .text.vApplicationGetTimerTaskMemory
                0x08008c28       0x20 CMakeFiles/rtos_patched_demo.elf.dir/Middlewares/Third_Party/FreeRTOS/Source/CMSIS_RTOS_V2/cmsis_os2.c.obj
                0x08008c28                vApplicationGetTimerTaskMemory
 .text.vListInitialise
                0x08008c48       0x18 CMakeFiles/rtos_patched_demo.elf.dir/Middlewares/Third_Party/FreeRTOS/Source/list.c.obj
                0x08008c48                vListInitialise
 .text.vListInitialiseItem
                0x08008c60        0x8 CMakeFiles/rtos_patched_demo.elf.dir/Middlewares/Third_Party/FreeRTOS/Source/list.c.obj
                0x08008c60                vListInitialiseItem
 .text.vListInsertEnd
                0x08008c68       0x20 CMakeFiles/rtos_patched_demo.elf.dir/Middlewares/Third_Party/FreeRTOS/Source/list.c.obj
                0x08008c68                vListInsertEnd
 .text.vListInsert
                0x08008c88       0x30 CMakeFiles/rtos_patched_demo.elf.dir/Middlewares/Third_Party/FreeRTOS/Source/list.c.obj
                0x08008c88                vListInsert
 .text.uxListRemove
                0x08008cb8       0x28 CMakeFiles/rtos_patched_demo.elf.dir/Middlewares/Third_Party/FreeRTOS/Source/list.c.obj
                0x08008cb8                uxListRemove
 .text.prvPortStartFirstTask
                0x08008ce0       0x28 CMakeFiles/rtos_patched_demo.elf.dir/Middlewares/Third_Party/FreeRTOS/Source/portable/GCC/ARM_CM4F/port.c.obj
 .text.vPortEnableVFP
                0x08008d08       0x14 CMakeFiles/rtos_patched_demo.elf.dir/Middlewares/Third_Party/FreeRTOS/Source/portable/GCC/ARM_CM4F/port.c.obj
 .text.prvTaskExitError
                0x08008d1c       0x40 CMakeFiles/rtos_patched_demo.elf.dir/Middlewares/Third_Party/FreeRTOS/Source/portable/GCC/ARM_CM4F/port.c.obj
 .text.pxPortInitialiseStack
                0x08008d5c       0x28 CMakeFiles/rtos_patched_demo.elf.dir/Middlewares/Third_Party/FreeRTOS/Source/portable/GCC/ARM_CM4F/port.c.obj
                0x08008d5c                pxPortInitialiseStack
 *fill*         0x08008d84        0xc 
 .text.SVC_Handler
                0x08008d90       0x24 CMakeFiles/rtos_patched_demo.elf.dir/Middlewares/Third_Party/FreeRTOS/Source/portable/GCC/ARM_CM4F/port.c.obj
                0x08008d90                SVC_Handler
 .text.vPortEnterCritical
                0x08008db4       0x44 CMakeFiles/rtos_patched_demo.elf.dir/Middlewares/Third_Party/FreeRTOS/Source/portable/GCC/ARM_CM4F/port.c.obj
                0x08008db4                vPortEnterCritical
 .text.vPortExitCritical
                0x08008df8       0x28 CMakeFiles/rtos_patched_demo.elf.dir/Middlewares/Third_Party/FreeRTOS/Source/portable/GCC/ARM_CM4F/port.c.obj
                0x08008df8                vPortExitCritical
 .text.PendSV_Handler
                0x08008e20       0x64 CMakeFiles/rtos_patched_demo.elf.dir/Middlewares/Third_Party/FreeRTOS/Source/portable/GCC/ARM_CM4F/port.c.obj
                0x08008e20                PendSV_Handler
 .text.xPortSysTickHandler
                0x08008e84       0x2c CMakeFiles/rtos_patched_demo.elf.dir/Middlewares/Third_Party/FreeRTOS/Source/portable/GCC/ARM_CM4F/port.c.obj
                0x08008e84                xPortSysTickHandler
 .text.vPortSetupTimerInterrupt
                0x08008eb0       0x28 CMakeFiles/rtos_patched_demo.elf.dir/Middlewares/Third_Party/FreeRTOS/Source/portable/GCC/ARM_CM4F/port.c.obj
                0x08008eb0                vPortSetupTimerInterrupt
 .text.xPortStartScheduler
                0x08008ed8      0x148 CMakeFiles/rtos_patched_demo.elf.dir/Middlewares/Third_Party/FreeRTOS/Source/portable/GCC/ARM_CM4F/port.c.obj
                0x08008ed8                xPortStartScheduler
 .text.vPortValidateInterruptPriority
                0x08009020       0x5c CMakeFiles/rtos_patched_demo.elf.dir/Middlewares/Third_Party/FreeRTOS/Source/portable/GCC/ARM_CM4F/port.c.obj
                0x08009020                vPortValidateInterruptPriority
 .text.prvCopyDataToQueue
                0x0800907c       0x78 CMakeFiles/rtos_patched_demo.elf.dir/Middlewares/Third_Party/FreeRTOS/Source/queue.c.obj
 .text.xQueueGenericCreateStatic
                0x080090f4       0xf0 CMakeFiles/rtos_patched_demo.elf.dir/Middlewares/Third_Party/FreeRTOS/Source/queue.c.obj
                0x080090f4                xQueueGenericCreateStatic
 .text.xQueueGenericSend
                0x080091e4      0x6a0 CMakeFiles/rtos_patched_demo.elf.dir/Middlewares/Third_Party/FreeRTOS/Source/queue.c.obj
                0x080091e4                xQueueGenericSend
 .text.xQueueCreateMutexStatic
                0x08009884       0xac CMakeFiles/rtos_patched_demo.elf.dir/Middlewares/Third_Party/FreeRTOS/Source/queue.c.obj
                0x08009884                xQueueCreateMutexStatic
 .text.xQueueGenericSendFromISR
                0x08009930       0xf4 CMakeFiles/rtos_patched_demo.elf.dir/Middlewares/Third_Party/FreeRTOS/Source/queue.c.obj
                0x08009930                xQueueGenericSendFromISR
 .text.xQueueReceive
                0x08009a24      0x600 CMakeFiles/rtos_patched_demo.elf.dir/Middlewares/Third_Party/FreeRTOS/Source/queue.c.obj
                0x08009a24                xQueueReceive
 .text.xQueueSemaphoreTake
                0x0800a024      0x680 CMakeFiles/rtos_patched_demo.elf.dir/Middlewares/Third_Party/FreeRTOS/Source/queue.c.obj
                0x0800a024                xQueueSemaphoreTake
 .text.uxQueueMessagesWaiting
                0x0800a6a4       0x2c CMakeFiles/rtos_patched_demo.elf.dir/Middlewares/Third_Party/FreeRTOS/Source/queue.c.obj
                0x0800a6a4                uxQueueMessagesWaiting
 .text.vQueueAddToRegistry
                0x0800a6d0       0x64 CMakeFiles/rtos_patched_demo.elf.dir/Middlewares/Third_Party/FreeRTOS/Source/queue.c.obj
                0x0800a6d0                vQueueAddToRegistry
 .text.vQueueWaitForMessageRestricted
                0x0800a734      0x1e0 CMakeFiles/rtos_patched_demo.elf.dir/Middlewares/Third_Party/FreeRTOS/Source/queue.c.obj
                0x0800a734                vQueueWaitForMessageRestricted
 .text.prvReadBytesFromBuffer
                0x0800a914       0x84 CMakeFiles/rtos_patched_demo.elf.dir/Middlewares/Third_Party/FreeRTOS/Source/stream_buffer.c.obj
 .text.prvWriteBytesToBuffer.part.0
                0x0800a998       0x74 CMakeFiles/rtos_patched_demo.elf.dir/Middlewares/Third_Party/FreeRTOS/Source/stream_buffer.c.obj
 .text.xStreamBufferGenericCreate
                0x0800aa0c       0xc4 CMakeFiles/rtos_patched_demo.elf.dir/Middlewares/Third_Party/FreeRTOS/Source/stream_buffer.c.obj
                0x0800aa0c                xStreamBufferGenericCreate
 .text.xStreamBufferReset
                0x0800aad0       0x90 CMakeFiles/rtos_patched_demo.elf.dir/Middlewares/Third_Party/FreeRTOS/Source/stream_buffer.c.obj
                0x0800aad0                xStreamBufferReset
 .text.xStreamBufferSend
                0x0800ab60      0x184 CMakeFiles/rtos_patched_demo.elf.dir/Middlewares/Third_Party/FreeRTOS/Source/stream_buffer.c.obj
                0x0800ab60                xStreamBufferSend
 .text.xStreamBufferReceive
                0x0800ace4      0x120 CMakeFiles/rtos_patched_demo.elf.dir/Middlewares/Third_Party/FreeRTOS/Source/stream_buffer.c.obj
                0x0800ace4                xStreamBufferReceive
 .text.prvAddNewTaskToReadyList
                0x0800ae04      0x168 CMakeFiles/rtos_patched_demo.elf.dir/Middlewares/Third_Party/FreeRTOS/Source/tasks.c.obj
 .text.vTaskSwitchContext.part.0
                0x0800af6c      0x208 CMakeFiles/rtos_patched_demo.elf.dir/Middlewares/Third_Party/FreeRTOS/Source/tasks.c.obj
 .text.prvInitialiseNewTask.constprop.0
                0x0800b174      0x158 CMakeFiles/rtos_patched_demo.elf.dir/Middlewares/Third_Party/FreeRTOS/Source/tasks.c.obj
 .text.prvIdleTask
                0x0800b2cc       0xa0 CMakeFiles/rtos_patched_demo.elf.dir/Middlewares/Third_Party/FreeRTOS/Source/tasks.c.obj
 .text.xTaskIncrementTick.part.0
                0x0800b36c      0x148 CMakeFiles/rtos_patched_demo.elf.dir/Middlewares/Third_Party/FreeRTOS/Source/tasks.c.obj
 .text.xTaskResumeAll.part.0
                0x0800b4b4      0x300 CMakeFiles/rtos_patched_demo.elf.dir/Middlewares/Third_Party/FreeRTOS/Source/tasks.c.obj
 .text.xTaskCreateStatic
                0x0800b7b4       0x7c CMakeFiles/rtos_patched_demo.elf.dir/Middlewares/Third_Party/FreeRTOS/Source/tasks.c.obj
                0x0800b7b4                xTaskCreateStatic
 .text.xTaskCreate
                0x0800b830       0x68 CMakeFiles/rtos_patched_demo.elf.dir/Middlewares/Third_Party/FreeRTOS/Source/tasks.c.obj
                0x0800b830                xTaskCreate
 .text.vTaskDelete
                0x0800b898      0x138 CMakeFiles/rtos_patched_demo.elf.dir/Middlewares/Third_Party/FreeRTOS/Source/tasks.c.obj
                0x0800b898                vTaskDelete
 .text.vTaskDelay
                0x0800b9d0       0xb4 CMakeFiles/rtos_patched_demo.elf.dir/Middlewares/Third_Party/FreeRTOS/Source/tasks.c.obj
                0x0800b9d0                vTaskDelay
 .text.vTaskSuspend
                0x0800ba84      0x100 CMakeFiles/rtos_patched_demo.elf.dir/Middlewares/Third_Party/FreeRTOS/Source/tasks.c.obj
                0x0800ba84                vTaskSuspend
 .text.vTaskStartScheduler
                0x0800bb84      0x124 CMakeFiles/rtos_patched_demo.elf.dir/Middlewares/Third_Party/FreeRTOS/Source/tasks.c.obj
                0x0800bb84                vTaskStartScheduler
 .text.vTaskSuspendAll
                0x0800bca8       0x10 CMakeFiles/rtos_patched_demo.elf.dir/Middlewares/Third_Party/FreeRTOS/Source/tasks.c.obj
                0x0800bca8                vTaskSuspendAll
 .text.xTaskResumeAll
                0x0800bcb8       0x20 CMakeFiles/rtos_patched_demo.elf.dir/Middlewares/Third_Party/FreeRTOS/Source/tasks.c.obj
                0x0800bcb8                xTaskResumeAll
 .text.xTaskGetTickCount
                0x0800bcd8        0xc CMakeFiles/rtos_patched_demo.elf.dir/Middlewares/Third_Party/FreeRTOS/Source/tasks.c.obj
                0x0800bcd8                xTaskGetTickCount
 .text.xTaskGetTickCountFromISR
                0x0800bce4       0x10 CMakeFiles/rtos_patched_demo.elf.dir/Middlewares/Third_Party/FreeRTOS/Source/tasks.c.obj
                0x0800bce4                xTaskGetTickCountFromISR
 .text.xTaskIncrementTick
                0x0800bcf4       0x20 CMakeFiles/rtos_patched_demo.elf.dir/Middlewares/Third_Party/FreeRTOS/Source/tasks.c.obj
                0x0800bcf4                xTaskIncrementTick
 .text.vTaskSwitchContext
                0x0800bd14       0x1c CMakeFiles/rtos_patched_demo.elf.dir/Middlewares/Third_Party/FreeRTOS/Source/tasks.c.obj
                0x0800bd14                vTaskSwitchContext
 .text.vTaskPlaceOnEventList
                0x0800bd30       0x88 CMakeFiles/rtos_patched_demo.elf.dir/Middlewares/Third_Party/FreeRTOS/Source/tasks.c.obj
                0x0800bd30                vTaskPlaceOnEventList
 .text.vTaskPlaceOnEventListRestricted
                0x0800bdb8       0xa0 CMakeFiles/rtos_patched_demo.elf.dir/Middlewares/Third_Party/FreeRTOS/Source/tasks.c.obj
                0x0800bdb8                vTaskPlaceOnEventListRestricted
 .text.xTaskRemoveFromEventList
                0x0800be58       0x94 CMakeFiles/rtos_patched_demo.elf.dir/Middlewares/Third_Party/FreeRTOS/Source/tasks.c.obj
                0x0800be58                xTaskRemoveFromEventList
 .text.vTaskSetTimeOutState
                0x0800beec       0x38 CMakeFiles/rtos_patched_demo.elf.dir/Middlewares/Third_Party/FreeRTOS/Source/tasks.c.obj
                0x0800beec                vTaskSetTimeOutState
 .text.vTaskInternalSetTimeOutState
                0x0800bf24       0x18 CMakeFiles/rtos_patched_demo.elf.dir/Middlewares/Third_Party/FreeRTOS/Source/tasks.c.obj
                0x0800bf24                vTaskInternalSetTimeOutState
 .text.xTaskCheckForTimeOut
                0x0800bf3c       0x90 CMakeFiles/rtos_patched_demo.elf.dir/Middlewares/Third_Party/FreeRTOS/Source/tasks.c.obj
                0x0800bf3c                xTaskCheckForTimeOut
 .text.vTaskMissedYield
                0x0800bfcc        0xc CMakeFiles/rtos_patched_demo.elf.dir/Middlewares/Third_Party/FreeRTOS/Source/tasks.c.obj
                0x0800bfcc                vTaskMissedYield
 .text.uxTaskGetStackHighWaterMark
                0x0800bfd8       0x34 CMakeFiles/rtos_patched_demo.elf.dir/Middlewares/Third_Party/FreeRTOS/Source/tasks.c.obj
                0x0800bfd8                uxTaskGetStackHighWaterMark
 .text.xTaskGetCurrentTaskHandle
                0x0800c00c        0xc CMakeFiles/rtos_patched_demo.elf.dir/Middlewares/Third_Party/FreeRTOS/Source/tasks.c.obj
                0x0800c00c                xTaskGetCurrentTaskHandle
 .text.xTaskGetSchedulerState
                0x0800c018       0x20 CMakeFiles/rtos_patched_demo.elf.dir/Middlewares/Third_Party/FreeRTOS/Source/tasks.c.obj
                0x0800c018                xTaskGetSchedulerState
 .text.xTaskPriorityInherit
                0x0800c038       0x98 CMakeFiles/rtos_patched_demo.elf.dir/Middlewares/Third_Party/FreeRTOS/Source/tasks.c.obj
                0x0800c038                xTaskPriorityInherit
 .text.xTaskPriorityDisinherit
                0x0800c0d0       0x98 CMakeFiles/rtos_patched_demo.elf.dir/Middlewares/Third_Party/FreeRTOS/Source/tasks.c.obj
                0x0800c0d0                xTaskPriorityDisinherit
 .text.vTaskPriorityDisinheritAfterTimeout
                0x0800c168       0xb8 CMakeFiles/rtos_patched_demo.elf.dir/Middlewares/Third_Party/FreeRTOS/Source/tasks.c.obj
                0x0800c168                vTaskPriorityDisinheritAfterTimeout
 .text.pvTaskIncrementMutexHeldCount
                0x0800c220       0x18 CMakeFiles/rtos_patched_demo.elf.dir/Middlewares/Third_Party/FreeRTOS/Source/tasks.c.obj
                0x0800c220                pvTaskIncrementMutexHeldCount
 .text.ulTaskNotifyTake
                0x0800c238       0xd4 CMakeFiles/rtos_patched_demo.elf.dir/Middlewares/Third_Party/FreeRTOS/Source/tasks.c.obj
                0x0800c238                ulTaskNotifyTake
 .text.xTaskNotifyWait
                0x0800c30c      0x108 CMakeFiles/rtos_patched_demo.elf.dir/Middlewares/Third_Party/FreeRTOS/Source/tasks.c.obj
                0x0800c30c                xTaskNotifyWait
 .text.xTaskGenericNotify
                0x0800c414      0x138 CMakeFiles/rtos_patched_demo.elf.dir/Middlewares/Third_Party/FreeRTOS/Source/tasks.c.obj
                0x0800c414                xTaskGenericNotify
 .text.vTaskNotifyGiveFromISR
                0x0800c54c       0xec CMakeFiles/rtos_patched_demo.elf.dir/Middlewares/Third_Party/FreeRTOS/Source/tasks.c.obj
                0x0800c54c                vTaskNotifyGiveFromISR
 .text.xTaskNotifyStateClear
                0x0800c638       0x34 CMakeFiles/rtos_patched_demo.elf.dir/Middlewares/Third_Party/FreeRTOS/Source/tasks.c.obj
                0x0800c638                xTaskNotifyStateClear
 .text.prvSwitchTimerLists
                0x0800c66c       0x9c CMakeFiles/rtos_patched_demo.elf.dir/Middlewares/Third_Party/FreeRTOS/Source/timers.c.obj
 .text.prvTimerTask
                0x0800c708      0x284 CMakeFiles/rtos_patched_demo.elf.dir/Middlewares/Third_Party/FreeRTOS/Source/timers.c.obj
 .text.xTimerCreateTimerTask
                0x0800c98c       0xbc CMakeFiles/rtos_patched_demo.elf.dir/Middlewares/Third_Party/FreeRTOS/Source/timers.c.obj
                0x0800c98c                xTimerCreateTimerTask
 .text.SEGGER_RTT_ReadNoLock
                0x0800ca48      0x120 CMakeFiles/rtos_patched_demo.elf.dir/Middlewares/Third_Party/SEGGER/SystemView/SEGGER/SEGGER_RTT.c.obj
                0x0800ca48                SEGGER_RTT_ReadNoLock
 .text.SEGGER_RTT_AllocUpBuffer
                0x0800cb68       0xf0 CMakeFiles/rtos_patched_demo.elf.dir/Middlewares/Third_Party/SEGGER/SystemView/SEGGER/SEGGER_RTT.c.obj
                0x0800cb68                SEGGER_RTT_AllocUpBuffer
 .text.SEGGER_RTT_ConfigDownBuffer
                0x0800cc58       0xc4 CMakeFiles/rtos_patched_demo.elf.dir/Middlewares/Third_Party/SEGGER/SystemView/SEGGER/SEGGER_RTT.c.obj
                0x0800cc58                SEGGER_RTT_ConfigDownBuffer
 .text.SEGGER_SYSVIEW_Init
                0x0800cd1c       0x64 CMakeFiles/rtos_patched_demo.elf.dir/Middlewares/Third_Party/SEGGER/SystemView/SEGGER/SEGGER_SYSVIEW.c.obj
                0x0800cd1c                SEGGER_SYSVIEW_Init
 .text.SEGGER_SYSVIEW_SetRAMBase
                0x0800cd80        0xc CMakeFiles/rtos_patched_demo.elf.dir/Middlewares/Third_Party/SEGGER/SystemView/SEGGER/SEGGER_SYSVIEW.c.obj
                0x0800cd80                SEGGER_SYSVIEW_SetRAMBase
 .text.SEGGER_SYSVIEW_ShrinkId
                0x0800cd8c        0xc CMakeFiles/rtos_patched_demo.elf.dir/Middlewares/Third_Party/SEGGER/SystemView/SEGGER/SEGGER_SYSVIEW.c.obj
                0x0800cd8c                SEGGER_SYSVIEW_ShrinkId
 .text.SEGGER_SYSVIEW_SendModule
                0x0800cd98      0x338 CMakeFiles/rtos_patched_demo.elf.dir/Middlewares/Third_Party/SEGGER/SystemView/SEGGER/SEGGER_SYSVIEW.c.obj
                0x0800cd98                SEGGER_SYSVIEW_SendModule
 .text._HandleIncomingPacket
                0x0800d0d0      0x11c CMakeFiles/rtos_patched_demo.elf.dir/Middlewares/Third_Party/SEGGER/SystemView/SEGGER/SEGGER_SYSVIEW.c.obj
 .text._SendPacket
                0x0800d1ec      0x158 CMakeFiles/rtos_patched_demo.elf.dir/Middlewares/Third_Party/SEGGER/SystemView/SEGGER/SEGGER_SYSVIEW.c.obj
 .text.SEGGER_SYSVIEW_RecordU32
                0x0800d344       0x3c CMakeFiles/rtos_patched_demo.elf.dir/Middlewares/Third_Party/SEGGER/SystemView/SEGGER/SEGGER_SYSVIEW.c.obj
                0x0800d344                SEGGER_SYSVIEW_RecordU32
 .text.SEGGER_SYSVIEW_RecordU32x2
                0x0800d380       0x60 CMakeFiles/rtos_patched_demo.elf.dir/Middlewares/Third_Party/SEGGER/SystemView/SEGGER/SEGGER_SYSVIEW.c.obj
                0x0800d380                SEGGER_SYSVIEW_RecordU32x2
 .text.SEGGER_SYSVIEW_RecordU32x3
                0x0800d3e0       0x74 CMakeFiles/rtos_patched_demo.elf.dir/Middlewares/Third_Party/SEGGER/SystemView/SEGGER/SEGGER_SYSVIEW.c.obj
                0x0800d3e0                SEGGER_SYSVIEW_RecordU32x3
 .text.SEGGER_SYSVIEW_RecordU32x4
                0x0800d454       0x88 CMakeFiles/rtos_patched_demo.elf.dir/Middlewares/Third_Party/SEGGER/SystemView/SEGGER/SEGGER_SYSVIEW.c.obj
                0x0800d454                SEGGER_SYSVIEW_RecordU32x4
 .text.SEGGER_SYSVIEW_GetSysDesc
                0x0800d4dc       0x80 CMakeFiles/rtos_patched_demo.elf.dir/Middlewares/Third_Party/SEGGER/SystemView/SEGGER/SEGGER_SYSVIEW.c.obj
                0x0800d4dc                SEGGER_SYSVIEW_GetSysDesc
 .text.SEGGER_SYSVIEW_SendTaskInfo
                0x0800d55c      0x2b0 CMakeFiles/rtos_patched_demo.elf.dir/Middlewares/Third_Party/SEGGER/SystemView/SEGGER/SEGGER_SYSVIEW.c.obj
                0x0800d55c                SEGGER_SYSVIEW_SendTaskInfo
 .text.SEGGER_SYSVIEW_SendSysDesc
                0x0800d80c      0x22c CMakeFiles/rtos_patched_demo.elf.dir/Middlewares/Third_Party/SEGGER/SystemView/SEGGER/SEGGER_SYSVIEW.c.obj
                0x0800d80c                SEGGER_SYSVIEW_SendSysDesc
 .text.SEGGER_SYSVIEW_RecordEnterISR
                0x0800da38       0x4c CMakeFiles/rtos_patched_demo.elf.dir/Middlewares/Third_Party/SEGGER/SystemView/SEGGER/SEGGER_SYSVIEW.c.obj
                0x0800da38                SEGGER_SYSVIEW_RecordEnterISR
 .text.SEGGER_SYSVIEW_OnTaskCreate
                0x0800da84       0x44 CMakeFiles/rtos_patched_demo.elf.dir/Middlewares/Third_Party/SEGGER/SystemView/SEGGER/SEGGER_SYSVIEW.c.obj
                0x0800da84                SEGGER_SYSVIEW_OnTaskCreate
 .text.SEGGER_SYSVIEW_OnTaskStartExec
                0x0800dac8       0x44 CMakeFiles/rtos_patched_demo.elf.dir/Middlewares/Third_Party/SEGGER/SystemView/SEGGER/SEGGER_SYSVIEW.c.obj
                0x0800dac8                SEGGER_SYSVIEW_OnTaskStartExec
 .text.SEGGER_SYSVIEW_OnTaskStartReady
                0x0800db0c       0x44 CMakeFiles/rtos_patched_demo.elf.dir/Middlewares/Third_Party/SEGGER/SystemView/SEGGER/SEGGER_SYSVIEW.c.obj
                0x0800db0c                SEGGER_SYSVIEW_OnTaskStartReady
 .text._VPrintHost
                0x0800db50      0x328 CMakeFiles/rtos_patched_demo.elf.dir/Middlewares/Third_Party/SEGGER/SystemView/SEGGER/SEGGER_SYSVIEW.c.obj
 .text.SEGGER_SYSVIEW_RecordSystime
                0x0800de78       0xa0 CMakeFiles/rtos_patched_demo.elf.dir/Middlewares/Third_Party/SEGGER/SystemView/SEGGER/SEGGER_SYSVIEW.c.obj
                0x0800de78                SEGGER_SYSVIEW_RecordSystime
 .text.SEGGER_SYSVIEW_Start
                0x0800df18      0x100 CMakeFiles/rtos_patched_demo.elf.dir/Middlewares/Third_Party/SEGGER/SystemView/SEGGER/SEGGER_SYSVIEW.c.obj
                0x0800df18                SEGGER_SYSVIEW_Start
 .text.SEGGER_SYSVIEW_OnIdle
                0x0800e018      0x118 CMakeFiles/rtos_patched_demo.elf.dir/Middlewares/Third_Party/SEGGER/SystemView/SEGGER/SEGGER_SYSVIEW.c.obj
                0x0800e018                SEGGER_SYSVIEW_OnIdle
 .text.SEGGER_SYSVIEW_RecordExitISR
                0x0800e130      0x118 CMakeFiles/rtos_patched_demo.elf.dir/Middlewares/Third_Party/SEGGER/SystemView/SEGGER/SEGGER_SYSVIEW.c.obj
                0x0800e130                SEGGER_SYSVIEW_RecordExitISR
 .text.SEGGER_SYSVIEW_RecordVoid
                0x0800e248      0x144 CMakeFiles/rtos_patched_demo.elf.dir/Middlewares/Third_Party/SEGGER/SystemView/SEGGER/SEGGER_SYSVIEW.c.obj
                0x0800e248                SEGGER_SYSVIEW_RecordVoid
 .text.SEGGER_SYSVIEW_PrintfHost
                0x0800e38c       0x20 CMakeFiles/rtos_patched_demo.elf.dir/Middlewares/Third_Party/SEGGER/SystemView/SEGGER/SEGGER_SYSVIEW.c.obj
                0x0800e38c                SEGGER_SYSVIEW_PrintfHost
 .text.SEGGER_SYSVIEW_Warn
                0x0800e3ac      0x230 CMakeFiles/rtos_patched_demo.elf.dir/Middlewares/Third_Party/SEGGER/SystemView/SEGGER/SEGGER_SYSVIEW.c.obj
                0x0800e3ac                SEGGER_SYSVIEW_Warn
 .text._cbSendSystemDesc
                0x0800e5dc       0x1c CMakeFiles/rtos_patched_demo.elf.dir/Middlewares/Third_Party/SEGGER/SystemView/Sample/FreeRTOS/Config/SEGGER_SYSVIEW_Config_FreeRTOS.c.obj
 .text.SEGGER_SYSVIEW_Conf
                0x0800e5f8       0x28 CMakeFiles/rtos_patched_demo.elf.dir/Middlewares/Third_Party/SEGGER/SystemView/Sample/FreeRTOS/Config/SEGGER_SYSVIEW_Config_FreeRTOS.c.obj
                0x0800e5f8                SEGGER_SYSVIEW_Conf
 .text._cbSendTaskList
                0x0800e620       0x50 CMakeFiles/rtos_patched_demo.elf.dir/Middlewares/Third_Party/SEGGER/SystemView/Sample/FreeRTOS/SEGGER_SYSVIEW_FreeRTOS.c.obj
 .text._cbGetTime
                0x0800e670       0x10 CMakeFiles/rtos_patched_demo.elf.dir/Middlewares/Third_Party/SEGGER/SystemView/Sample/FreeRTOS/SEGGER_SYSVIEW_FreeRTOS.c.obj
 .text.SYSVIEW_AddTask
                0x0800e680       0x78 CMakeFiles/rtos_patched_demo.elf.dir/Middlewares/Third_Party/SEGGER/SystemView/Sample/FreeRTOS/SEGGER_SYSVIEW_FreeRTOS.c.obj
                0x0800e680                SYSVIEW_AddTask
 .text.SYSVIEW_DeleteTask
                0x0800e6f8       0xf4 CMakeFiles/rtos_patched_demo.elf.dir/Middlewares/Third_Party/SEGGER/SystemView/Sample/FreeRTOS/SEGGER_SYSVIEW_FreeRTOS.c.obj
                0x0800e6f8                SYSVIEW_DeleteTask
 .text.MX_PDM2PCM_Init
                0x0800e7ec       0x3c CMakeFiles/rtos_patched_demo.elf.dir/PDM2PCM/App/pdm2pcm.c.obj
                0x0800e7ec                MX_PDM2PCM_Init
 .text.audiod_tx_done_cb.constprop.0
                0x0800e828       0xbc CMakeFiles/rtos_patched_demo.elf.dir/tinyusb/src/class/audio/audio_device.c.obj
 .text.tud_audio_n_write
                0x0800e8e4       0x18 CMakeFiles/rtos_patched_demo.elf.dir/tinyusb/src/class/audio/audio_device.c.obj
                0x0800e8e4                tud_audio_n_write
 .text.audiod_init
                0x0800e8fc       0x58 CMakeFiles/rtos_patched_demo.elf.dir/tinyusb/src/class/audio/audio_device.c.obj
                0x0800e8fc                audiod_init
 .text.audiod_reset
                0x0800e954       0x18 CMakeFiles/rtos_patched_demo.elf.dir/tinyusb/src/class/audio/audio_device.c.obj
                0x0800e954                audiod_reset
 .text.audiod_open
                0x0800e96c       0x58 CMakeFiles/rtos_patched_demo.elf.dir/tinyusb/src/class/audio/audio_device.c.obj
                0x0800e96c                audiod_open
 .text.audiod_control_xfer_cb
                0x0800e9c4      0x49c CMakeFiles/rtos_patched_demo.elf.dir/tinyusb/src/class/audio/audio_device.c.obj
                0x0800e9c4                audiod_control_xfer_cb
 .text.audiod_xfer_cb
                0x0800ee60       0x18 CMakeFiles/rtos_patched_demo.elf.dir/tinyusb/src/class/audio/audio_device.c.obj
                0x0800ee60                audiod_xfer_cb
 .text.audiod_sof_isr
                0x0800ee78        0x4 CMakeFiles/rtos_patched_demo.elf.dir/tinyusb/src/class/audio/audio_device.c.obj
                0x0800ee78                audiod_sof_isr
 .text.tud_audio_buffer_and_schedule_control_xfer
                0x0800ee7c      0x11c CMakeFiles/rtos_patched_demo.elf.dir/tinyusb/src/class/audio/audio_device.c.obj
                0x0800ee7c                tud_audio_buffer_and_schedule_control_xfer
 .text.tu_fifo_config
                0x0800ef98       0x70 CMakeFiles/rtos_patched_demo.elf.dir/tinyusb/src/common/tusb_fifo.c.obj
                0x0800ef98                tu_fifo_config
 .text.tu_fifo_count
                0x0800f008       0x24 CMakeFiles/rtos_patched_demo.elf.dir/tinyusb/src/common/tusb_fifo.c.obj
                0x0800f008                tu_fifo_count
 .text.tu_fifo_read_n_const_addr_full_words
                0x0800f02c      0x34c CMakeFiles/rtos_patched_demo.elf.dir/tinyusb/src/common/tusb_fifo.c.obj
                0x0800f02c                tu_fifo_read_n_const_addr_full_words
 .text.tu_fifo_write_n
                0x0800f378      0x158 CMakeFiles/rtos_patched_demo.elf.dir/tinyusb/src/common/tusb_fifo.c.obj
                0x0800f378                tu_fifo_write_n
 .text.tu_fifo_write_n_const_addr_full_words
                0x0800f4d0      0x3c4 CMakeFiles/rtos_patched_demo.elf.dir/tinyusb/src/common/tusb_fifo.c.obj
                0x0800f4d0                tu_fifo_write_n_const_addr_full_words
 .text.tu_fifo_clear
                0x0800f894       0x40 CMakeFiles/rtos_patched_demo.elf.dir/tinyusb/src/common/tusb_fifo.c.obj
                0x0800f894                tu_fifo_clear
 .text.configuration_reset
                0x0800f8d4       0x98 CMakeFiles/rtos_patched_demo.elf.dir/tinyusb/src/device/usbd.c.obj
 .text.tud_init
                0x0800f96c      0x11c CMakeFiles/rtos_patched_demo.elf.dir/tinyusb/src/device/usbd.c.obj
                0x0800f96c                tud_init
 .text.tud_task_ext
                0x0800fa88      0x8e4 CMakeFiles/rtos_patched_demo.elf.dir/tinyusb/src/device/usbd.c.obj
                0x0800fa88                tud_task_ext
 .text.dcd_event_handler
                0x0801036c      0x16c CMakeFiles/rtos_patched_demo.elf.dir/tinyusb/src/device/usbd.c.obj
                0x0801036c                dcd_event_handler
 .text.usbd_edpt_open
                0x080104d8       0x48 CMakeFiles/rtos_patched_demo.elf.dir/tinyusb/src/device/usbd.c.obj
                0x080104d8                usbd_edpt_open
 .text.usbd_edpt_xfer
                0x08010520       0x70 CMakeFiles/rtos_patched_demo.elf.dir/tinyusb/src/device/usbd.c.obj
                0x08010520                usbd_edpt_xfer
 .text.usbd_edpt_xfer_fifo
                0x08010590       0x70 CMakeFiles/rtos_patched_demo.elf.dir/tinyusb/src/device/usbd.c.obj
                0x08010590                usbd_edpt_xfer_fifo
 .text.usbd_edpt_clear_stall
                0x08010600       0x3c CMakeFiles/rtos_patched_demo.elf.dir/tinyusb/src/device/usbd.c.obj
                0x08010600                usbd_edpt_clear_stall
 .text.usbd_edpt_close
                0x0801063c       0x58 CMakeFiles/rtos_patched_demo.elf.dir/tinyusb/src/device/usbd.c.obj
                0x0801063c                usbd_edpt_close
 .text.tud_control_status
                0x08010694       0x30 CMakeFiles/rtos_patched_demo.elf.dir/tinyusb/src/device/usbd_control.c.obj
                0x08010694                tud_control_status
 .text.tud_control_xfer
                0x080106c4       0xb4 CMakeFiles/rtos_patched_demo.elf.dir/tinyusb/src/device/usbd_control.c.obj
                0x080106c4                tud_control_xfer
 .text.usbd_control_reset
                0x08010778       0x14 CMakeFiles/rtos_patched_demo.elf.dir/tinyusb/src/device/usbd_control.c.obj
                0x08010778                usbd_control_reset
 .text.usbd_control_set_complete_callback
                0x0801078c        0xc CMakeFiles/rtos_patched_demo.elf.dir/tinyusb/src/device/usbd_control.c.obj
                0x0801078c                usbd_control_set_complete_callback
 .text.usbd_control_set_request
                0x08010798       0x1c CMakeFiles/rtos_patched_demo.elf.dir/tinyusb/src/device/usbd_control.c.obj
                0x08010798                usbd_control_set_request
 .text.usbd_control_xfer_cb
                0x080107b4      0x118 CMakeFiles/rtos_patched_demo.elf.dir/tinyusb/src/device/usbd_control.c.obj
                0x080107b4                usbd_control_xfer_cb
 .text.dcd_int_enable
                0x080108cc       0x2c CMakeFiles/rtos_patched_demo.elf.dir/tinyusb/src/portable/synopsys/dwc2/dcd_dwc2.c.obj
                0x080108cc                dcd_int_enable
 .text.dcd_set_address
                0x080108f8       0x94 CMakeFiles/rtos_patched_demo.elf.dir/tinyusb/src/portable/synopsys/dwc2/dcd_dwc2.c.obj
                0x080108f8                dcd_set_address
 .text.dcd_connect
                0x0801098c       0x18 CMakeFiles/rtos_patched_demo.elf.dir/tinyusb/src/portable/synopsys/dwc2/dcd_dwc2.c.obj
                0x0801098c                dcd_connect
 .text.dcd_disconnect
                0x080109a4       0x18 CMakeFiles/rtos_patched_demo.elf.dir/tinyusb/src/portable/synopsys/dwc2/dcd_dwc2.c.obj
                0x080109a4                dcd_disconnect
 .text.dcd_init
                0x080109bc      0x18c CMakeFiles/rtos_patched_demo.elf.dir/tinyusb/src/portable/synopsys/dwc2/dcd_dwc2.c.obj
                0x080109bc                dcd_init
 .text.dcd_edpt_open